iptables v1.8.9 (nf_tables): host/network `2606:4700::6810:22' not found
Try `iptables -h' or 'iptables --help' for more information.
iptables v1.8.9 (nf_tables): host/network `2606:4700::6810:122' not found
Try `iptables -h' or 'iptables --help' for more information.
iptables v1.8.9 (nf_tables): host/network `2606:4700::6810:222' not found
Try `iptables -h' or 'iptables --help' for more information.
iptables v1.8.9 (nf_tables): host/network `2606:4700::6810:322' not found
Try `iptables -h' or 'iptables --help' for more information.
iptables v1.8.9 (nf_tables): host/network `2606:4700::6810:422' not found
Try `iptables -h' or 'iptables --help' for more information.
iptables v1.8.9 (nf_tables): host/network `2606:4700::6810:522' not found
Try `iptables -h' or 'iptables --help' for more information.
iptables v1.8.9 (nf_tables): host/network `2606:4700::6810:622' not found
Try `iptables -h' or 'iptables --help' for more information.
iptables v1.8.9 (nf_tables): host/network `2606:4700::6810:722' not found
Try `iptables -h' or 'iptables --help' for more information.
iptables v1.8.9 (nf_tables): host/network `2606:4700::6810:822' not found
Try `iptables -h' or 'iptables --help' for more information.
iptables v1.8.9 (nf_tables): host/network `2606:4700::6810:922' not found
Try `iptables -h' or 'iptables --help' for more information.
iptables v1.8.9 (nf_tables): host/network `2606:4700::6810:a22' not found
Try `iptables -h' or 'iptables --help' for more information.
iptables v1.8.9 (nf_tables): host/network `2606:4700::6810:b22' not found
Try `iptables -h' or 'iptables --help' for more information.
iptables v1.8.9 (nf_tables): host/network `2606:4700::6810:122' not found
Try `iptables -h' or 'iptables --help' for more information.
iptables v1.8.9 (nf_tables): host/network `2606:4700::6810:222' not found
Try `iptables -h' or 'iptables --help' for more information.
iptables v1.8.9 (nf_tables): host/network `2606:4700::6810:322' not found
Try `iptables -h' or 'iptables --help' for more information.
iptables v1.8.9 (nf_tables): host/network `2606:4700::6810:422' not found
Try `iptables -h' or 'iptables --help' for more information.
iptables v1.8.9 (nf_tables): host/network `2606:4700::6810:522' not found
Try `iptables -h' or 'iptables --help' for more information.
iptables v1.8.9 (nf_tables): host/network `2606:4700::6810:622' not found
Try `iptables -h' or 'iptables --help' for more information.
iptables v1.8.9 (nf_tables): host/network `2606:4700::6810:722' not found
Try `iptables -h' or 'iptables --help' for more information.
iptables v1.8.9 (nf_tables): host/network `2606:4700::6810:822' not found
Try `iptables -h' or 'iptables --help' for more information.
iptables v1.8.9 (nf_tables): host/network `2606:4700::6810:922' not found
Try `iptables -h' or 'iptables --help' for more information.
iptables v1.8.9 (nf_tables): host/network `2606:4700::6810:a22' not found
Try `iptables -h' or 'iptables --help' for more information.
iptables v1.8.9 (nf_tables): host/network `2606:4700::6810:b22' not found
Try `iptables -h' or 'iptables --help' for more information.
iptables v1.8.9 (nf_tables): host/network `2606:4700::6810:22' not found
Try `iptables -h' or 'iptables --help' for more information.
iptables v1.8.9 (nf_tables): host/network `2606:4700::6810:222' not found
Try `iptables -h' or 'iptables --help' for more information.
iptables v1.8.9 (nf_tables): host/network `2606:4700::6810:122' not found
Try `iptables -h' or 'iptables --help' for more information.
iptables v1.8.9 (nf_tables): host/network `2606:4700::6810:22' not found
Try `iptables -h' or 'iptables --help' for more information.
iptables v1.8.9 (nf_tables): host/network `2606:4700::6810:b22' not found
Try `iptables -h' or 'iptables --help' for more information.
iptables v1.8.9 (nf_tables): host/network `2606:4700::6810:a22' not found
Try `iptables -h' or 'iptables --help' for more information.
iptables v1.8.9 (nf_tables): host/network `2606:4700::6810:922' not found
Try `iptables -h' or 'iptables --help' for more information.
iptables v1.8.9 (nf_tables): host/network `2606:4700::6810:822' not found
Try `iptables -h' or 'iptables --help' for more information.
iptables v1.8.9 (nf_tables): host/network `2606:4700::6810:722' not found
Try `iptables -h' or 'iptables --help' for more information.
iptables v1.8.9 (nf_tables): host/network `2606:4700::6810:622' not found
Try `iptables -h' or 'iptables --help' for more information.
iptables v1.8.9 (nf_tables): host/network `2606:4700::6810:522' not found
Try `iptables -h' or 'iptables --help' for more information.
iptables v1.8.9 (nf_tables): host/network `2606:4700::6810:422' not found
Try `iptables -h' or 'iptables --help' for more information.
iptables v1.8.9 (nf_tables): host/network `2606:4700::6810:322' not found
Try `iptables -h' or 'iptables --help' for more information.
iptables v1.8.9 (nf_tables): host/network `2a06:98c1:3122:8000::' not found
Try `iptables -h' or 'iptables --help' for more information.
iptables v1.8.9 (nf_tables): host/network `2a06:98c1:3123:8000::' not found
Try `iptables -h' or 'iptables --help' for more information.
iptables v1.8.9 (nf_tables): host/network `2a04:4e42:200::223' not found
Try `iptables -h' or 'iptables --help' for more information.
iptables v1.8.9 (nf_tables): host/network `2a04:4e42::223' not found
Try `iptables -h' or 'iptables --help' for more information.
iptables v1.8.9 (nf_tables): host/network `2a04:4e42:600::223' not found
Try `iptables -h' or 'iptables --help' for more information.
iptables v1.8.9 (nf_tables): host/network `2a04:4e42:400::223' not found
Try `iptables -h' or 'iptables --help' for more information.
iptables v1.8.9 (nf_tables): host/network `2a04:4e42:400::223' not found
Try `iptables -h' or 'iptables --help' for more information.
iptables v1.8.9 (nf_tables): host/network `2a04:4e42:200::223' not found
Try `iptables -h' or 'iptables --help' for more information.
iptables v1.8.9 (nf_tables): host/network `2a04:4e42::223' not found
Try `iptables -h' or 'iptables --help' for more information.
iptables v1.8.9 (nf_tables): host/network `2a04:4e42:600::223' not found
Try `iptables -h' or 'iptables --help' for more information.
iptables v1.8.9 (nf_tables): host/network `2600:9000:215d:5c00:17:b174:6d00:93a1' not found
Try `iptables -h' or 'iptables --help' for more information.
iptables v1.8.9 (nf_tables): host/network `2600:9000:215d:ac00:17:b174:6d00:93a1' not found
Try `iptables -h' or 'iptables --help' for more information.
iptables v1.8.9 (nf_tables): host/network `2600:9000:215d:b200:17:b174:6d00:93a1' not found
Try `iptables -h' or 'iptables --help' for more information.
iptables v1.8.9 (nf_tables): host/network `2600:9000:215d:ce00:17:b174:6d00:93a1' not found
Try `iptables -h' or 'iptables --help' for more information.
iptables v1.8.9 (nf_tables): host/network `2600:9000:215d:400:17:b174:6d00:93a1' not found
Try `iptables -h' or 'iptables --help' for more information.
iptables v1.8.9 (nf_tables): host/network `2600:9000:215d:3200:17:b174:6d00:93a1' not found
Try `iptables -h' or 'iptables --help' for more information.
iptables v1.8.9 (nf_tables): host/network `2600:9000:215d:4c00:17:b174:6d00:93a1' not found
Try `iptables -h' or 'iptables --help' for more information.
iptables v1.8.9 (nf_tables): host/network `2600:9000:215d:5600:17:b174:6d00:93a1' not found
Try `iptables -h' or 'iptables --help' for more information.
allowlist: разрешено 61 адресов для доменов: github.com api.github.com codeload.github.com objects.githubusercontent.com registry.npmjs.org npmjs.org registry.yarnpkg.com unpkg.com pypi.org files.pythonhosted.org huggingface.co 
