13    execve("/usr/bin/timeout", ["timeout", "600", "bash", "-c", "true"], 0x7ffdc7b1c4e0 /* 12 vars */) = 0
13    access("/etc/ld.so.preload", R_OK) = -1 ENOENT (No such file or directory)
13    openat(AT_FDCWD</repo>, "/etc/ld.so.cache", O_RDONLY|O_CLOEXEC) = 3</etc/ld.so.cache>
13    newfstatat(3</etc/ld.so.cache>, "", {st_mode=S_IFREG|0644, st_size=8943, ...}, AT_EMPTY_PATH) = 0
13    openat(AT_FDCWD</repo>, "/lib/x86_64-linux-gnu/libc.so.6", O_RDONLY|O_CLOEXEC) = 3</usr/lib/x86_64-linux-gnu/libc.so.6>
13    newfstatat(3</usr/lib/x86_64-linux-gnu/libc.so.6>, "", {st_mode=S_IFREG|0755, st_size=1926232, ...}, AT_EMPTY_PATH) = 0
13    clone(child_stack=NULL, flags=CLONE_CHILD_CLEARTID|CLONE_CHILD_SETTID|SIGCHLD, child_tidptr=0x7f94af0dba10) = 14
13    wait4(14, 0x7ffe954b832c, WNOHANG, NULL) = 0
14    execve("/usr/local/sbin/bash", ["bash", "-c", "true"], 0x7ffe954b85d8 /* 12 vars */) = -1 ENOENT (No such file or directory)
14    execve("/usr/local/bin/bash", ["bash", "-c", "true"], 0x7ffe954b85d8 /* 12 vars */) = -1 ENOENT (No such file or directory)
14    execve("/usr/sbin/bash", ["bash", "-c", "true"], 0x7ffe954b85d8 /* 12 vars */) = -1 ENOENT (No such file or directory)
14    execve("/usr/bin/bash", ["bash", "-c", "true"], 0x7ffe954b85d8 /* 12 vars */) = 0
14    access("/etc/ld.so.preload", R_OK) = -1 ENOENT (No such file or directory)
14    openat(AT_FDCWD</repo>, "/etc/ld.so.cache", O_RDONLY|O_CLOEXEC) = 3</etc/ld.so.cache>
14    newfstatat(3</etc/ld.so.cache>, "", {st_mode=S_IFREG|0644, st_size=8943, ...}, AT_EMPTY_PATH) = 0
14    openat(AT_FDCWD</repo>, "/lib/x86_64-linux-gnu/libtinfo.so.6", O_RDONLY|O_CLOEXEC) = 3</usr/lib/x86_64-linux-gnu/libtinfo.so.6.4>
14    newfstatat(3</usr/lib/x86_64-linux-gnu/libtinfo.so.6.4>, "", {st_mode=S_IFREG|0644, st_size=204088, ...}, AT_EMPTY_PATH) = 0
14    openat(AT_FDCWD</repo>, "/lib/x86_64-linux-gnu/libc.so.6", O_RDONLY|O_CLOEXEC) = 3</usr/lib/x86_64-linux-gnu/libc.so.6>
14    newfstatat(3</usr/lib/x86_64-linux-gnu/libc.so.6>, "", {st_mode=S_IFREG|0755, st_size=1926232, ...}, AT_EMPTY_PATH) = 0
14    openat(AT_FDCWD</repo>, "/dev/tty", O_RDWR|O_NONBLOCK) = -1 ENXIO (No such device or address)
14    newfstatat(AT_FDCWD</repo>, "/repo", {st_mode=S_IFDIR|0775, st_size=4096, ...}, 0) = 0
14    newfstatat(AT_FDCWD</repo>, ".", {st_mode=S_IFDIR|0775, st_size=4096, ...}, 0) = 0
14    newfstatat(AT_FDCWD</repo>, "/repo", {st_mode=S_IFDIR|0775, st_size=4096, ...}, 0) = 0
14    newfstatat(AT_FDCWD</repo>, ".", {st_mode=S_IFDIR|0775, st_size=4096, ...}, 0) = 0
14    newfstatat(AT_FDCWD</repo>, "/usr/local/sbin/bash", 0x7ffc0bc33fc0, 0) = -1 ENOENT (No such file or directory)
14    newfstatat(AT_FDCWD</repo>, "/usr/local/bin/bash", 0x7ffc0bc33fc0, 0) = -1 ENOENT (No such file or directory)
14    newfstatat(AT_FDCWD</repo>, "/usr/sbin/bash", 0x7ffc0bc33fc0, 0) = -1 ENOENT (No such file or directory)
14    newfstatat(AT_FDCWD</repo>, "/usr/bin/bash", {st_mode=S_IFREG|0755, st_size=1265648, ...}, 0) = 0
14    newfstatat(AT_FDCWD</repo>, "/usr/bin/bash", {st_mode=S_IFREG|0755, st_size=1265648, ...}, 0) = 0
14    access("/usr/bin/bash", X_OK)     = 0
14    newfstatat(AT_FDCWD</repo>, "/usr/bin/bash", {st_mode=S_IFREG|0755, st_size=1265648, ...}, 0) = 0
14    access("/usr/bin/bash", R_OK)     = 0
14    socket(AF_UNIX, SOCK_STREAM|SOCK_CLOEXEC|SOCK_NONBLOCK, 0) = 3<socket:[83300]>
14    connect(3<socket:[83300]>, {sa_family=AF_UNIX, sun_path="/var/run/nscd/socket"}, 110) = -1 ENOENT (No such file or directory)
14    socket(AF_UNIX, SOCK_STREAM|SOCK_CLOEXEC|SOCK_NONBLOCK, 0) = 3<socket:[83301]>
14    connect(3<socket:[83301]>, {sa_family=AF_UNIX, sun_path="/var/run/nscd/socket"}, 110) = -1 ENOENT (No such file or directory)
14    newfstatat(AT_FDCWD</repo>, "/etc/nsswitch.conf", {st_mode=S_IFREG|0644, st_size=494, ...}, 0) = 0
14    newfstatat(AT_FDCWD</repo>, "/", {st_mode=S_IFDIR|0755, st_size=4096, ...}, 0) = 0
14    openat(AT_FDCWD</repo>, "/etc/nsswitch.conf", O_RDONLY|O_CLOEXEC) = 3</etc/nsswitch.conf>
14    newfstatat(3</etc/nsswitch.conf>, "", {st_mode=S_IFREG|0644, st_size=494, ...}, AT_EMPTY_PATH) = 0
14    newfstatat(3</etc/nsswitch.conf>, "", {st_mode=S_IFREG|0644, st_size=494, ...}, AT_EMPTY_PATH) = 0
14    openat(AT_FDCWD</repo>, "/etc/passwd", O_RDONLY|O_CLOEXEC) = 3</etc/passwd>
14    newfstatat(3</etc/passwd>, "", {st_mode=S_IFREG|0644, st_size=878, ...}, AT_EMPTY_PATH) = 0
14    getpeername(0</dev/null>, 0x7ffc0bc343b0, [16]) = -1 ENOTSOCK (Socket operation on non-socket)
14    exit_group(0)                     = ?
14    +++ exited with 0 +++
13    --- SIGCHLD {si_signo=SIGCHLD, si_code=CLD_EXITED, si_pid=14, si_uid=0, si_status=0, si_utime=0, si_stime=0} ---
13    wait4(14, [{WIFEXITED(s) && WEXITSTATUS(s) == 0}], WNOHANG, NULL) = 14
13    exit_group(0)                     = ?
13    +++ exited with 0 +++
