13    execve("/usr/bin/timeout", ["timeout", "600", "bash", "-c", "bash /chain/golden_solution.sh /workspace/app"], 0x7fff9e6ee570 /* 12 vars */) = 0
13    access("/etc/ld.so.preload", R_OK) = -1 ENOENT (No such file or directory)
13    openat(AT_FDCWD</workspace>, "/etc/ld.so.cache", O_RDONLY|O_CLOEXEC) = 3</etc/ld.so.cache>
13    newfstatat(3</etc/ld.so.cache>, "", {st_mode=S_IFREG|0644, st_size=8943, ...}, AT_EMPTY_PATH) = 0
13    openat(AT_FDCWD</workspace>, "/lib/x86_64-linux-gnu/libc.so.6", O_RDONLY|O_CLOEXEC) = 3</usr/lib/x86_64-linux-gnu/libc.so.6>
13    newfstatat(3</usr/lib/x86_64-linux-gnu/libc.so.6>, "", {st_mode=S_IFREG|0755, st_size=1926232, ...}, AT_EMPTY_PATH) = 0
13    clone(child_stack=NULL, flags=CLONE_CHILD_CLEARTID|CLONE_CHILD_SETTID|SIGCHLD, child_tidptr=0x7f497cd62a10) = 14
13    wait4(14, 0x7ffdc03222ec, WNOHANG, NULL) = 0
14    execve("/usr/local/sbin/bash", ["bash", "-c", "bash /chain/golden_solution.sh /workspace/app"], 0x7ffdc0322598 /* 12 vars */) = -1 ENOENT (No such file or directory)
14    execve("/usr/local/bin/bash", ["bash", "-c", "bash /chain/golden_solution.sh /workspace/app"], 0x7ffdc0322598 /* 12 vars */) = -1 ENOENT (No such file or directory)
14    execve("/usr/sbin/bash", ["bash", "-c", "bash /chain/golden_solution.sh /workspace/app"], 0x7ffdc0322598 /* 12 vars */) = -1 ENOENT (No such file or directory)
14    execve("/usr/bin/bash", ["bash", "-c", "bash /chain/golden_solution.sh /workspace/app"], 0x7ffdc0322598 /* 12 vars */) = 0
14    access("/etc/ld.so.preload", R_OK) = -1 ENOENT (No such file or directory)
14    openat(AT_FDCWD</workspace>, "/etc/ld.so.cache", O_RDONLY|O_CLOEXEC) = 3</etc/ld.so.cache>
14    newfstatat(3</etc/ld.so.cache>, "", {st_mode=S_IFREG|0644, st_size=8943, ...}, AT_EMPTY_PATH) = 0
14    openat(AT_FDCWD</workspace>, "/lib/x86_64-linux-gnu/libtinfo.so.6", O_RDONLY|O_CLOEXEC) = 3</usr/lib/x86_64-linux-gnu/libtinfo.so.6.4>
14    newfstatat(3</usr/lib/x86_64-linux-gnu/libtinfo.so.6.4>, "", {st_mode=S_IFREG|0644, st_size=204088, ...}, AT_EMPTY_PATH) = 0
14    openat(AT_FDCWD</workspace>, "/lib/x86_64-linux-gnu/libc.so.6", O_RDONLY|O_CLOEXEC) = 3</usr/lib/x86_64-linux-gnu/libc.so.6>
14    newfstatat(3</usr/lib/x86_64-linux-gnu/libc.so.6>, "", {st_mode=S_IFREG|0755, st_size=1926232, ...}, AT_EMPTY_PATH) = 0
14    openat(AT_FDCWD</workspace>, "/dev/tty", O_RDWR|O_NONBLOCK) = -1 ENXIO (No such device or address)
14    newfstatat(AT_FDCWD</workspace>, "/workspace", {st_mode=S_IFDIR|0755, st_size=4096, ...}, 0) = 0
14    newfstatat(AT_FDCWD</workspace>, ".", {st_mode=S_IFDIR|0755, st_size=4096, ...}, 0) = 0
14    newfstatat(AT_FDCWD</workspace>, "/workspace", {st_mode=S_IFDIR|0755, st_size=4096, ...}, 0) = 0
14    newfstatat(AT_FDCWD</workspace>, ".", {st_mode=S_IFDIR|0755, st_size=4096, ...}, 0) = 0
14    newfstatat(AT_FDCWD</workspace>, "/usr/local/sbin/bash", 0x7fffcfd81f00, 0) = -1 ENOENT (No such file or directory)
14    newfstatat(AT_FDCWD</workspace>, "/usr/local/bin/bash", 0x7fffcfd81f00, 0) = -1 ENOENT (No such file or directory)
14    newfstatat(AT_FDCWD</workspace>, "/usr/sbin/bash", 0x7fffcfd81f00, 0) = -1 ENOENT (No such file or directory)
14    newfstatat(AT_FDCWD</workspace>, "/usr/bin/bash", {st_mode=S_IFREG|0755, st_size=1265648, ...}, 0) = 0
14    newfstatat(AT_FDCWD</workspace>, "/usr/bin/bash", {st_mode=S_IFREG|0755, st_size=1265648, ...}, 0) = 0
14    access("/usr/bin/bash", X_OK)     = 0
14    newfstatat(AT_FDCWD</workspace>, "/usr/bin/bash", {st_mode=S_IFREG|0755, st_size=1265648, ...}, 0) = 0
14    access("/usr/bin/bash", R_OK)     = 0
14    socket(AF_UNIX, SOCK_STREAM|SOCK_CLOEXEC|SOCK_NONBLOCK, 0) = 3<socket:[106083]>
14    connect(3<socket:[106083]>, {sa_family=AF_UNIX, sun_path="/var/run/nscd/socket"}, 110) = -1 ENOENT (No such file or directory)
14    socket(AF_UNIX, SOCK_STREAM|SOCK_CLOEXEC|SOCK_NONBLOCK, 0) = 3<socket:[106084]>
14    connect(3<socket:[106084]>, {sa_family=AF_UNIX, sun_path="/var/run/nscd/socket"}, 110) = -1 ENOENT (No such file or directory)
14    newfstatat(AT_FDCWD</workspace>, "/etc/nsswitch.conf", {st_mode=S_IFREG|0644, st_size=494, ...}, 0) = 0
14    newfstatat(AT_FDCWD</workspace>, "/", {st_mode=S_IFDIR|0755, st_size=4096, ...}, 0) = 0
14    openat(AT_FDCWD</workspace>, "/etc/nsswitch.conf", O_RDONLY|O_CLOEXEC) = 3</etc/nsswitch.conf>
14    newfstatat(3</etc/nsswitch.conf>, "", {st_mode=S_IFREG|0644, st_size=494, ...}, AT_EMPTY_PATH) = 0
14    newfstatat(3</etc/nsswitch.conf>, "", {st_mode=S_IFREG|0644, st_size=494, ...}, AT_EMPTY_PATH) = 0
14    openat(AT_FDCWD</workspace>, "/etc/passwd", O_RDONLY|O_CLOEXEC) = 3</etc/passwd>
14    newfstatat(3</etc/passwd>, "", {st_mode=S_IFREG|0644, st_size=878, ...}, AT_EMPTY_PATH) = 0
14    getpeername(0</dev/null>, 0x7fffcfd822f0, [16]) = -1 ENOTSOCK (Socket operation on non-socket)
14    newfstatat(AT_FDCWD</workspace>, ".", {st_mode=S_IFDIR|0755, st_size=4096, ...}, 0) = 0
14    newfstatat(AT_FDCWD</workspace>, "/usr/local/sbin/bash", 0x7fffcfd81e30, 0) = -1 ENOENT (No such file or directory)
14    newfstatat(AT_FDCWD</workspace>, "/usr/local/bin/bash", 0x7fffcfd81e30, 0) = -1 ENOENT (No such file or directory)
14    newfstatat(AT_FDCWD</workspace>, "/usr/sbin/bash", 0x7fffcfd81e30, 0) = -1 ENOENT (No such file or directory)
14    newfstatat(AT_FDCWD</workspace>, "/usr/bin/bash", {st_mode=S_IFREG|0755, st_size=1265648, ...}, 0) = 0
14    newfstatat(AT_FDCWD</workspace>, "/usr/bin/bash", {st_mode=S_IFREG|0755, st_size=1265648, ...}, 0) = 0
14    access("/usr/bin/bash", X_OK)     = 0
14    newfstatat(AT_FDCWD</workspace>, "/usr/bin/bash", {st_mode=S_IFREG|0755, st_size=1265648, ...}, 0) = 0
14    access("/usr/bin/bash", R_OK)     = 0
14    execve("/usr/bin/bash", ["bash", "/chain/golden_solution.sh", "/workspace/app"], 0x56142c850a40 /* 12 vars */) = 0
14    access("/etc/ld.so.preload", R_OK) = -1 ENOENT (No such file or directory)
14    openat(AT_FDCWD</workspace>, "/etc/ld.so.cache", O_RDONLY|O_CLOEXEC) = 3</etc/ld.so.cache>
14    newfstatat(3</etc/ld.so.cache>, "", {st_mode=S_IFREG|0644, st_size=8943, ...}, AT_EMPTY_PATH) = 0
14    openat(AT_FDCWD</workspace>, "/lib/x86_64-linux-gnu/libtinfo.so.6", O_RDONLY|O_CLOEXEC) = 3</usr/lib/x86_64-linux-gnu/libtinfo.so.6.4>
14    newfstatat(3</usr/lib/x86_64-linux-gnu/libtinfo.so.6.4>, "", {st_mode=S_IFREG|0644, st_size=204088, ...}, AT_EMPTY_PATH) = 0
14    openat(AT_FDCWD</workspace>, "/lib/x86_64-linux-gnu/libc.so.6", O_RDONLY|O_CLOEXEC) = 3</usr/lib/x86_64-linux-gnu/libc.so.6>
14    newfstatat(3</usr/lib/x86_64-linux-gnu/libc.so.6>, "", {st_mode=S_IFREG|0755, st_size=1926232, ...}, AT_EMPTY_PATH) = 0
14    openat(AT_FDCWD</workspace>, "/dev/tty", O_RDWR|O_NONBLOCK) = -1 ENXIO (No such device or address)
14    newfstatat(AT_FDCWD</workspace>, "/workspace", {st_mode=S_IFDIR|0755, st_size=4096, ...}, 0) = 0
14    newfstatat(AT_FDCWD</workspace>, ".", {st_mode=S_IFDIR|0755, st_size=4096, ...}, 0) = 0
14    newfstatat(AT_FDCWD</workspace>, "/workspace", {st_mode=S_IFDIR|0755, st_size=4096, ...}, 0) = 0
14    newfstatat(AT_FDCWD</workspace>, ".", {st_mode=S_IFDIR|0755, st_size=4096, ...}, 0) = 0
14    newfstatat(AT_FDCWD</workspace>, "/usr/local/sbin/bash", 0x7ffc81933e30, 0) = -1 ENOENT (No such file or directory)
14    newfstatat(AT_FDCWD</workspace>, "/usr/local/bin/bash", 0x7ffc81933e30, 0) = -1 ENOENT (No such file or directory)
14    newfstatat(AT_FDCWD</workspace>, "/usr/sbin/bash", 0x7ffc81933e30, 0) = -1 ENOENT (No such file or directory)
14    newfstatat(AT_FDCWD</workspace>, "/usr/bin/bash", {st_mode=S_IFREG|0755, st_size=1265648, ...}, 0) = 0
14    newfstatat(AT_FDCWD</workspace>, "/usr/bin/bash", {st_mode=S_IFREG|0755, st_size=1265648, ...}, 0) = 0
14    access("/usr/bin/bash", X_OK)     = 0
14    newfstatat(AT_FDCWD</workspace>, "/usr/bin/bash", {st_mode=S_IFREG|0755, st_size=1265648, ...}, 0) = 0
14    access("/usr/bin/bash", R_OK)     = 0
14    socket(AF_UNIX, SOCK_STREAM|SOCK_CLOEXEC|SOCK_NONBLOCK, 0) = 3<socket:[106085]>
14    connect(3<socket:[106085]>, {sa_family=AF_UNIX, sun_path="/var/run/nscd/socket"}, 110) = -1 ENOENT (No such file or directory)
14    socket(AF_UNIX, SOCK_STREAM|SOCK_CLOEXEC|SOCK_NONBLOCK, 0) = 3<socket:[106086]>
14    connect(3<socket:[106086]>, {sa_family=AF_UNIX, sun_path="/var/run/nscd/socket"}, 110) = -1 ENOENT (No such file or directory)
14    newfstatat(AT_FDCWD</workspace>, "/etc/nsswitch.conf", {st_mode=S_IFREG|0644, st_size=494, ...}, 0) = 0
14    newfstatat(AT_FDCWD</workspace>, "/", {st_mode=S_IFDIR|0755, st_size=4096, ...}, 0) = 0
14    openat(AT_FDCWD</workspace>, "/etc/nsswitch.conf", O_RDONLY|O_CLOEXEC) = 3</etc/nsswitch.conf>
14    newfstatat(3</etc/nsswitch.conf>, "", {st_mode=S_IFREG|0644, st_size=494, ...}, AT_EMPTY_PATH) = 0
14    newfstatat(3</etc/nsswitch.conf>, "", {st_mode=S_IFREG|0644, st_size=494, ...}, AT_EMPTY_PATH) = 0
14    openat(AT_FDCWD</workspace>, "/etc/passwd", O_RDONLY|O_CLOEXEC) = 3</etc/passwd>
14    newfstatat(3</etc/passwd>, "", {st_mode=S_IFREG|0644, st_size=878, ...}, AT_EMPTY_PATH) = 0
14    openat(AT_FDCWD</workspace>, "/chain/golden_solution.sh", O_RDONLY) = 3</chain/golden_solution.sh>
14    newfstatat(AT_FDCWD</workspace>, "/chain/golden_solution.sh", {st_mode=S_IFREG|0775, st_size=283, ...}, 0) = 0
14    newfstatat(255</chain/golden_solution.sh>, "", {st_mode=S_IFREG|0775, st_size=283, ...}, AT_EMPTY_PATH) = 0
14    newfstatat(AT_FDCWD</workspace>, "/workspace", {st_mode=S_IFDIR|0755, st_size=4096, ...}, 0) = 0
14    newfstatat(AT_FDCWD</workspace>, "/workspace/app", {st_mode=S_IFDIR|0775, st_size=4096, ...}, 0) = 0
14    chdir("/workspace/app")           = 0
14    clone(child_stack=NULL, flags=CLONE_CHILD_CLEARTID|CLONE_CHILD_SETTID|SIGCHLD, child_tidptr=0x7faf1fac9a10) = 15
15    clone(child_stack=NULL, flags=CLONE_CHILD_CLEARTID|CLONE_CHILD_SETTID|SIGCHLD, child_tidptr=0x7faf1fac9a10) = 16
16    newfstatat(AT_FDCWD</workspace/app>, ".", {st_mode=S_IFDIR|0775, st_size=4096, ...}, 0) = 0
16    newfstatat(AT_FDCWD</workspace/app>, "/usr/local/sbin/dirname", 0x7ffc81932c40, 0) = -1 ENOENT (No such file or directory)
16    newfstatat(AT_FDCWD</workspace/app>, "/usr/local/bin/dirname", 0x7ffc81932c40, 0) = -1 ENOENT (No such file or directory)
16    newfstatat(AT_FDCWD</workspace/app>, "/usr/sbin/dirname", 0x7ffc81932c40, 0) = -1 ENOENT (No such file or directory)
16    newfstatat(AT_FDCWD</workspace/app>, "/usr/bin/dirname", {st_mode=S_IFREG|0755, st_size=39760, ...}, 0) = 0
16    newfstatat(AT_FDCWD</workspace/app>, "/usr/bin/dirname", {st_mode=S_IFREG|0755, st_size=39760, ...}, 0) = 0
16    access("/usr/bin/dirname", X_OK)  = 0
16    newfstatat(AT_FDCWD</workspace/app>, "/usr/bin/dirname", {st_mode=S_IFREG|0755, st_size=39760, ...}, 0) = 0
16    access("/usr/bin/dirname", R_OK)  = 0
16    execve("/usr/bin/dirname", ["dirname", "/chain/golden_solution.sh"], 0x55ed8fa13240 /* 13 vars */) = 0
16    access("/etc/ld.so.preload", R_OK) = -1 ENOENT (No such file or directory)
16    openat(AT_FDCWD</workspace/app>, "/etc/ld.so.cache", O_RDONLY|O_CLOEXEC) = 3</etc/ld.so.cache>
16    newfstatat(3</etc/ld.so.cache>, "", {st_mode=S_IFREG|0644, st_size=8943, ...}, AT_EMPTY_PATH) = 0
16    openat(AT_FDCWD</workspace/app>, "/lib/x86_64-linux-gnu/libc.so.6", O_RDONLY|O_CLOEXEC) = 3</usr/lib/x86_64-linux-gnu/libc.so.6>
16    newfstatat(3</usr/lib/x86_64-linux-gnu/libc.so.6>, "", {st_mode=S_IFREG|0755, st_size=1926232, ...}, AT_EMPTY_PATH) = 0
16    newfstatat(1<pipe:[112991]>, "", {st_mode=S_IFIFO|0600, st_size=0, ...}, AT_EMPTY_PATH) = 0
16    exit_group(0)                     = ?
15    wait4(-1,  <unfinished ...>
16    +++ exited with 0 +++
15    <... wait4 resumed>[{WIFEXITED(s) && WEXITSTATUS(s) == 0}], 0, NULL) = 16
15    --- SIGCHLD {si_signo=SIGCHLD, si_code=CLD_EXITED, si_pid=16, si_uid=0, si_status=0, si_utime=0, si_stime=0} ---
15    wait4(-1, 0x7ffc819328d0, WNOHANG, NULL) = -1 ECHILD (No child processes)
15    newfstatat(AT_FDCWD</workspace/app>, "/chain", {st_mode=S_IFDIR|0775, st_size=4096, ...}, 0) = 0
15    chdir("/chain")                   = 0
15    newfstatat(1<pipe:[106087]>, "", {st_mode=S_IFIFO|0600, st_size=0, ...}, AT_EMPTY_PATH) = 0
15    exit_group(0)                     = ?
15    +++ exited with 0 +++
14    --- SIGCHLD {si_signo=SIGCHLD, si_code=CLD_EXITED, si_pid=15, si_uid=0, si_status=0, si_utime=0, si_stime=0} ---
14    wait4(-1, [{WIFEXITED(s) && WEXITSTATUS(s) == 0}], WNOHANG, NULL) = 15
14    wait4(-1, 0x7ffc81932350, WNOHANG, NULL) = -1 ECHILD (No child processes)
14    newfstatat(AT_FDCWD</workspace/app>, ".", {st_mode=S_IFDIR|0775, st_size=4096, ...}, 0) = 0
14    newfstatat(AT_FDCWD</workspace/app>, "/usr/local/sbin/bash", 0x7ffc81933e40, 0) = -1 ENOENT (No such file or directory)
14    newfstatat(AT_FDCWD</workspace/app>, "/usr/local/bin/bash", 0x7ffc81933e40, 0) = -1 ENOENT (No such file or directory)
14    newfstatat(AT_FDCWD</workspace/app>, "/usr/sbin/bash", 0x7ffc81933e40, 0) = -1 ENOENT (No such file or directory)
14    newfstatat(AT_FDCWD</workspace/app>, "/usr/bin/bash", {st_mode=S_IFREG|0755, st_size=1265648, ...}, 0) = 0
14    newfstatat(AT_FDCWD</workspace/app>, "/usr/bin/bash", {st_mode=S_IFREG|0755, st_size=1265648, ...}, 0) = 0
14    access("/usr/bin/bash", X_OK)     = 0
14    newfstatat(AT_FDCWD</workspace/app>, "/usr/bin/bash", {st_mode=S_IFREG|0755, st_size=1265648, ...}, 0) = 0
14    access("/usr/bin/bash", R_OK)     = 0
14    clone(child_stack=NULL, flags=CLONE_CHILD_CLEARTID|CLONE_CHILD_SETTID|SIGCHLD, child_tidptr=0x7faf1fac9a10) = 17
14    wait4(-1,  <unfinished ...>
17    execve("/usr/bin/bash", ["bash", "/chain/golden_stage1.sh", "/workspace/app"], 0x55ed8fa13240 /* 13 vars */) = 0
17    access("/etc/ld.so.preload", R_OK) = -1 ENOENT (No such file or directory)
17    openat(AT_FDCWD</workspace/app>, "/etc/ld.so.cache", O_RDONLY|O_CLOEXEC) = 3</etc/ld.so.cache>
17    newfstatat(3</etc/ld.so.cache>, "", {st_mode=S_IFREG|0644, st_size=8943, ...}, AT_EMPTY_PATH) = 0
17    openat(AT_FDCWD</workspace/app>, "/lib/x86_64-linux-gnu/libtinfo.so.6", O_RDONLY|O_CLOEXEC) = 3</usr/lib/x86_64-linux-gnu/libtinfo.so.6.4>
17    newfstatat(3</usr/lib/x86_64-linux-gnu/libtinfo.so.6.4>, "", {st_mode=S_IFREG|0644, st_size=204088, ...}, AT_EMPTY_PATH) = 0
17    openat(AT_FDCWD</workspace/app>, "/lib/x86_64-linux-gnu/libc.so.6", O_RDONLY|O_CLOEXEC) = 3</usr/lib/x86_64-linux-gnu/libc.so.6>
17    newfstatat(3</usr/lib/x86_64-linux-gnu/libc.so.6>, "", {st_mode=S_IFREG|0755, st_size=1926232, ...}, AT_EMPTY_PATH) = 0
17    openat(AT_FDCWD</workspace/app>, "/dev/tty", O_RDWR|O_NONBLOCK) = -1 ENXIO (No such device or address)
17    newfstatat(AT_FDCWD</workspace/app>, "/workspace/app", {st_mode=S_IFDIR|0775, st_size=4096, ...}, 0) = 0
17    newfstatat(AT_FDCWD</workspace/app>, ".", {st_mode=S_IFDIR|0775, st_size=4096, ...}, 0) = 0
17    newfstatat(AT_FDCWD</workspace/app>, "/workspace", {st_mode=S_IFDIR|0755, st_size=4096, ...}, 0) = 0
17    newfstatat(AT_FDCWD</workspace/app>, "/workspace/app", {st_mode=S_IFDIR|0775, st_size=4096, ...}, 0) = 0
17    newfstatat(AT_FDCWD</workspace/app>, "/workspace", {st_mode=S_IFDIR|0755, st_size=4096, ...}, 0) = 0
17    newfstatat(AT_FDCWD</workspace/app>, ".", {st_mode=S_IFDIR|0775, st_size=4096, ...}, 0) = 0
17    newfstatat(AT_FDCWD</workspace/app>, "/usr/local/sbin/bash", 0x7ffcb2a22560, 0) = -1 ENOENT (No such file or directory)
17    newfstatat(AT_FDCWD</workspace/app>, "/usr/local/bin/bash", 0x7ffcb2a22560, 0) = -1 ENOENT (No such file or directory)
17    newfstatat(AT_FDCWD</workspace/app>, "/usr/sbin/bash", 0x7ffcb2a22560, 0) = -1 ENOENT (No such file or directory)
17    newfstatat(AT_FDCWD</workspace/app>, "/usr/bin/bash", {st_mode=S_IFREG|0755, st_size=1265648, ...}, 0) = 0
17    newfstatat(AT_FDCWD</workspace/app>, "/usr/bin/bash", {st_mode=S_IFREG|0755, st_size=1265648, ...}, 0) = 0
17    access("/usr/bin/bash", X_OK)     = 0
17    newfstatat(AT_FDCWD</workspace/app>, "/usr/bin/bash", {st_mode=S_IFREG|0755, st_size=1265648, ...}, 0) = 0
17    access("/usr/bin/bash", R_OK)     = 0
17    socket(AF_UNIX, SOCK_STREAM|SOCK_CLOEXEC|SOCK_NONBLOCK, 0) = 3<socket:[106088]>
17    connect(3<socket:[106088]>, {sa_family=AF_UNIX, sun_path="/var/run/nscd/socket"}, 110) = -1 ENOENT (No such file or directory)
17    socket(AF_UNIX, SOCK_STREAM|SOCK_CLOEXEC|SOCK_NONBLOCK, 0) = 3<socket:[106089]>
17    connect(3<socket:[106089]>, {sa_family=AF_UNIX, sun_path="/var/run/nscd/socket"}, 110) = -1 ENOENT (No such file or directory)
17    newfstatat(AT_FDCWD</workspace/app>, "/etc/nsswitch.conf", {st_mode=S_IFREG|0644, st_size=494, ...}, 0) = 0
17    newfstatat(AT_FDCWD</workspace/app>, "/", {st_mode=S_IFDIR|0755, st_size=4096, ...}, 0) = 0
17    openat(AT_FDCWD</workspace/app>, "/etc/nsswitch.conf", O_RDONLY|O_CLOEXEC) = 3</etc/nsswitch.conf>
17    newfstatat(3</etc/nsswitch.conf>, "", {st_mode=S_IFREG|0644, st_size=494, ...}, AT_EMPTY_PATH) = 0
17    newfstatat(3</etc/nsswitch.conf>, "", {st_mode=S_IFREG|0644, st_size=494, ...}, AT_EMPTY_PATH) = 0
17    openat(AT_FDCWD</workspace/app>, "/etc/passwd", O_RDONLY|O_CLOEXEC) = 3</etc/passwd>
17    newfstatat(3</etc/passwd>, "", {st_mode=S_IFREG|0644, st_size=878, ...}, AT_EMPTY_PATH) = 0
17    openat(AT_FDCWD</workspace/app>, "/chain/golden_stage1.sh", O_RDONLY) = 3</chain/golden_stage1.sh>
17    newfstatat(AT_FDCWD</workspace/app>, "/chain/golden_stage1.sh", {st_mode=S_IFREG|0775, st_size=2814, ...}, 0) = 0
17    newfstatat(255</chain/golden_stage1.sh>, "", {st_mode=S_IFREG|0775, st_size=2814, ...}, AT_EMPTY_PATH) = 0
17    newfstatat(AT_FDCWD</workspace/app>, "/workspace", {st_mode=S_IFDIR|0755, st_size=4096, ...}, 0) = 0
17    newfstatat(AT_FDCWD</workspace/app>, "/workspace/app", {st_mode=S_IFDIR|0775, st_size=4096, ...}, 0) = 0
17    chdir("/workspace/app")           = 0
17    newfstatat(AT_FDCWD</workspace/app>, ".", {st_mode=S_IFDIR|0775, st_size=4096, ...}, 0) = 0
17    newfstatat(AT_FDCWD</workspace/app>, "/usr/local/sbin/mkdir", 0x7ffcb2a22570, 0) = -1 ENOENT (No such file or directory)
17    newfstatat(AT_FDCWD</workspace/app>, "/usr/local/bin/mkdir", 0x7ffcb2a22570, 0) = -1 ENOENT (No such file or directory)
17    newfstatat(AT_FDCWD</workspace/app>, "/usr/sbin/mkdir", 0x7ffcb2a22570, 0) = -1 ENOENT (No such file or directory)
17    newfstatat(AT_FDCWD</workspace/app>, "/usr/bin/mkdir", {st_mode=S_IFREG|0755, st_size=97552, ...}, 0) = 0
17    newfstatat(AT_FDCWD</workspace/app>, "/usr/bin/mkdir", {st_mode=S_IFREG|0755, st_size=97552, ...}, 0) = 0
17    access("/usr/bin/mkdir", X_OK)    = 0
17    newfstatat(AT_FDCWD</workspace/app>, "/usr/bin/mkdir", {st_mode=S_IFREG|0755, st_size=97552, ...}, 0) = 0
17    access("/usr/bin/mkdir", R_OK)    = 0
17    clone(child_stack=NULL, flags=CLONE_CHILD_CLEARTID|CLONE_CHILD_SETTID|SIGCHLD, child_tidptr=0x7f382ffc7a10) = 18
17    wait4(-1,  <unfinished ...>
18    execve("/usr/bin/mkdir", ["mkdir", "-p", "15Flask/day04/cart_options"], 0x559c59dbd7b0 /* 13 vars */) = 0
18    access("/etc/ld.so.preload", R_OK) = -1 ENOENT (No such file or directory)
18    openat(AT_FDCWD</workspace/app>, "/etc/ld.so.cache", O_RDONLY|O_CLOEXEC) = 3</etc/ld.so.cache>
18    newfstatat(3</etc/ld.so.cache>, "", {st_mode=S_IFREG|0644, st_size=8943, ...}, AT_EMPTY_PATH) = 0
18    openat(AT_FDCWD</workspace/app>, "/lib/x86_64-linux-gnu/libselinux.so.1", O_RDONLY|O_CLOEXEC) = 3</usr/lib/x86_64-linux-gnu/libselinux.so.1>
18    newfstatat(3</usr/lib/x86_64-linux-gnu/libselinux.so.1>, "", {st_mode=S_IFREG|0644, st_size=174312, ...}, AT_EMPTY_PATH) = 0
18    openat(AT_FDCWD</workspace/app>, "/lib/x86_64-linux-gnu/libc.so.6", O_RDONLY|O_CLOEXEC) = 3</usr/lib/x86_64-linux-gnu/libc.so.6>
18    newfstatat(3</usr/lib/x86_64-linux-gnu/libc.so.6>, "", {st_mode=S_IFREG|0755, st_size=1926232, ...}, AT_EMPTY_PATH) = 0
18    openat(AT_FDCWD</workspace/app>, "/lib/x86_64-linux-gnu/libpcre2-8.so.0", O_RDONLY|O_CLOEXEC) = 3</usr/lib/x86_64-linux-gnu/libpcre2-8.so.0.11.2>
18    newfstatat(3</usr/lib/x86_64-linux-gnu/libpcre2-8.so.0.11.2>, "", {st_mode=S_IFREG|0644, st_size=629384, ...}, AT_EMPTY_PATH) = 0
18    statfs("/sys/fs/selinux", 0x7ffd1f2101d0) = -1 ENOENT (No such file or directory)
18    statfs("/selinux", 0x7ffd1f2101d0) = -1 ENOENT (No such file or directory)
18    openat(AT_FDCWD</workspace/app>, "/proc/filesystems", O_RDONLY|O_CLOEXEC) = 3</proc/filesystems>
18    newfstatat(3</proc/filesystems>, "", {st_mode=S_IFREG|0444, st_size=0, ...}, AT_EMPTY_PATH) = 0
18    access("/etc/selinux/config", F_OK) = -1 ENOENT (No such file or directory)
18    mkdir("15Flask", 0777)            = 0
18    openat(AT_FDCWD</workspace/app>, "15Flask", O_RDONLY|O_NOCTTY|O_NONBLOCK|O_NOFOLLOW|O_DIRECTORY) = 3</workspace/app/15Flask>
18    mkdir("day04", 0777)              = 0
18    openat(AT_FDCWD</workspace/app/15Flask>, "day04", O_RDONLY|O_NOCTTY|O_NONBLOCK|O_NOFOLLOW|O_DIRECTORY) = 3</workspace/app/15Flask/day04>
18    mkdir("cart_options", 0777)       = 0
18    exit_group(0)                     = ?
18    +++ exited with 0 +++
17    <... wait4 resumed>[{WIFEXITED(s) && WEXITSTATUS(s) == 0}], 0, NULL) = 18
17    --- SIGCHLD {si_signo=SIGCHLD, si_code=CLD_EXITED, si_pid=18, si_uid=0, si_status=0, si_utime=0, si_stime=0} ---
17    wait4(-1, 0x7ffcb2a22010, WNOHANG, NULL) = -1 ECHILD (No child processes)
17    newfstatat(AT_FDCWD</workspace/app>, ".", {st_mode=S_IFDIR|0775, st_size=4096, ...}, 0) = 0
17    newfstatat(AT_FDCWD</workspace/app>, "/usr/local/sbin/cat", 0x7ffcb2a22570, 0) = -1 ENOENT (No such file or directory)
17    newfstatat(AT_FDCWD</workspace/app>, "/usr/local/bin/cat", 0x7ffcb2a22570, 0) = -1 ENOENT (No such file or directory)
17    newfstatat(AT_FDCWD</workspace/app>, "/usr/sbin/cat", 0x7ffcb2a22570, 0) = -1 ENOENT (No such file or directory)
17    newfstatat(AT_FDCWD</workspace/app>, "/usr/bin/cat", {st_mode=S_IFREG|0755, st_size=44016, ...}, 0) = 0
17    newfstatat(AT_FDCWD</workspace/app>, "/usr/bin/cat", {st_mode=S_IFREG|0755, st_size=44016, ...}, 0) = 0
17    access("/usr/bin/cat", X_OK)      = 0
17    newfstatat(AT_FDCWD</workspace/app>, "/usr/bin/cat", {st_mode=S_IFREG|0755, st_size=44016, ...}, 0) = 0
17    access("/usr/bin/cat", R_OK)      = 0
17    clone(child_stack=NULL, flags=CLONE_CHILD_CLEARTID|CLONE_CHILD_SETTID|SIGCHLD, child_tidptr=0x7f382ffc7a10) = 19
17    wait4(-1,  <unfinished ...>
19    openat(AT_FDCWD</workspace/app>, "15Flask/day04/requirements.txt", O_WRONLY|O_CREAT|O_TRUNC, 0666) = 3</workspace/app/15Flask/day04/requirements.txt>
19    execve("/usr/bin/cat", ["cat"], 0x559c59dbd7b0 /* 13 vars */) = 0
19    access("/etc/ld.so.preload", R_OK) = -1 ENOENT (No such file or directory)
19    openat(AT_FDCWD</workspace/app>, "/etc/ld.so.cache", O_RDONLY|O_CLOEXEC) = 3</etc/ld.so.cache>
19    newfstatat(3</etc/ld.so.cache>, "", {st_mode=S_IFREG|0644, st_size=8943, ...}, AT_EMPTY_PATH) = 0
19    openat(AT_FDCWD</workspace/app>, "/lib/x86_64-linux-gnu/libc.so.6", O_RDONLY|O_CLOEXEC) = 3</usr/lib/x86_64-linux-gnu/libc.so.6>
19    newfstatat(3</usr/lib/x86_64-linux-gnu/libc.so.6>, "", {st_mode=S_IFREG|0755, st_size=1926232, ...}, AT_EMPTY_PATH) = 0
19    newfstatat(1</workspace/app/15Flask/day04/requirements.txt>, "", {st_mode=S_IFREG|0644, st_size=0, ...}, AT_EMPTY_PATH) = 0
19    newfstatat(0<pipe:[112992]>, "", {st_mode=S_IFIFO|0600, st_size=0, ...}, AT_EMPTY_PATH) = 0
19    exit_group(0)                     = ?
19    +++ exited with 0 +++
17    <... wait4 resumed>[{WIFEXITED(s) && WEXITSTATUS(s) == 0}], 0, NULL) = 19
17    --- SIGCHLD {si_signo=SIGCHLD, si_code=CLD_EXITED, si_pid=19, si_uid=0, si_status=0, si_utime=0, si_stime=0} ---
17    wait4(-1, 0x7ffcb2a22010, WNOHANG, NULL) = -1 ECHILD (No child processes)
17    clone(child_stack=NULL, flags=CLONE_CHILD_CLEARTID|CLONE_CHILD_SETTID|SIGCHLD, child_tidptr=0x7f382ffc7a10) = 20
17    wait4(-1,  <unfinished ...>
20    openat(AT_FDCWD</workspace/app>, "15Flask/day04/Dockerfile", O_WRONLY|O_CREAT|O_TRUNC, 0666) = 3</workspace/app/15Flask/day04/Dockerfile>
20    execve("/usr/bin/cat", ["cat"], 0x559c59dbd7b0 /* 13 vars */) = 0
20    access("/etc/ld.so.preload", R_OK) = -1 ENOENT (No such file or directory)
20    openat(AT_FDCWD</workspace/app>, "/etc/ld.so.cache", O_RDONLY|O_CLOEXEC) = 3</etc/ld.so.cache>
20    newfstatat(3</etc/ld.so.cache>, "", {st_mode=S_IFREG|0644, st_size=8943, ...}, AT_EMPTY_PATH) = 0
20    openat(AT_FDCWD</workspace/app>, "/lib/x86_64-linux-gnu/libc.so.6", O_RDONLY|O_CLOEXEC) = 3</usr/lib/x86_64-linux-gnu/libc.so.6>
20    newfstatat(3</usr/lib/x86_64-linux-gnu/libc.so.6>, "", {st_mode=S_IFREG|0755, st_size=1926232, ...}, AT_EMPTY_PATH) = 0
20    newfstatat(1</workspace/app/15Flask/day04/Dockerfile>, "", {st_mode=S_IFREG|0644, st_size=0, ...}, AT_EMPTY_PATH) = 0
20    newfstatat(0<pipe:[116039]>, "", {st_mode=S_IFIFO|0600, st_size=0, ...}, AT_EMPTY_PATH) = 0
20    exit_group(0)                     = ?
20    +++ exited with 0 +++
17    <... wait4 resumed>[{WIFEXITED(s) && WEXITSTATUS(s) == 0}], 0, NULL) = 20
17    --- SIGCHLD {si_signo=SIGCHLD, si_code=CLD_EXITED, si_pid=20, si_uid=0, si_status=0, si_utime=0, si_stime=0} ---
17    wait4(-1, 0x7ffcb2a22010, WNOHANG, NULL) = -1 ECHILD (No child processes)
17    clone(child_stack=NULL, flags=CLONE_CHILD_CLEARTID|CLONE_CHILD_SETTID|SIGCHLD, child_tidptr=0x7f382ffc7a10) = 21
17    wait4(-1,  <unfinished ...>
21    openat(AT_FDCWD</workspace/app>, "15Flask/day04/models.py", O_WRONLY|O_CREAT|O_TRUNC, 0666) = 3</workspace/app/15Flask/day04/models.py>
21    execve("/usr/bin/cat", ["cat"], 0x559c59dbd7b0 /* 13 vars */) = 0
21    access("/etc/ld.so.preload", R_OK) = -1 ENOENT (No such file or directory)
21    openat(AT_FDCWD</workspace/app>, "/etc/ld.so.cache", O_RDONLY|O_CLOEXEC) = 3</etc/ld.so.cache>
21    newfstatat(3</etc/ld.so.cache>, "", {st_mode=S_IFREG|0644, st_size=8943, ...}, AT_EMPTY_PATH) = 0
21    openat(AT_FDCWD</workspace/app>, "/lib/x86_64-linux-gnu/libc.so.6", O_RDONLY|O_CLOEXEC) = 3</usr/lib/x86_64-linux-gnu/libc.so.6>
21    newfstatat(3</usr/lib/x86_64-linux-gnu/libc.so.6>, "", {st_mode=S_IFREG|0755, st_size=1926232, ...}, AT_EMPTY_PATH) = 0
21    newfstatat(1</workspace/app/15Flask/day04/models.py>, "", {st_mode=S_IFREG|0644, st_size=0, ...}, AT_EMPTY_PATH) = 0
21    newfstatat(0<pipe:[99122]>, "", {st_mode=S_IFIFO|0600, st_size=0, ...}, AT_EMPTY_PATH) = 0
21    exit_group(0)                     = ?
21    +++ exited with 0 +++
17    <... wait4 resumed>[{WIFEXITED(s) && WEXITSTATUS(s) == 0}], 0, NULL) = 21
17    --- SIGCHLD {si_signo=SIGCHLD, si_code=CLD_EXITED, si_pid=21, si_uid=0, si_status=0, si_utime=0, si_stime=0} ---
17    wait4(-1, 0x7ffcb2a22010, WNOHANG, NULL) = -1 ECHILD (No child processes)
17    clone(child_stack=NULL, flags=CLONE_CHILD_CLEARTID|CLONE_CHILD_SETTID|SIGCHLD, child_tidptr=0x7f382ffc7a10) = 22
17    wait4(-1,  <unfinished ...>
22    openat(AT_FDCWD</workspace/app>, "15Flask/day04/cart_options/__init__.py", O_WRONLY|O_CREAT|O_TRUNC, 0666) = 3</workspace/app/15Flask/day04/cart_options/__init__.py>
22    execve("/usr/bin/cat", ["cat"], 0x559c59dbd7b0 /* 13 vars */) = 0
22    access("/etc/ld.so.preload", R_OK) = -1 ENOENT (No such file or directory)
22    openat(AT_FDCWD</workspace/app>, "/etc/ld.so.cache", O_RDONLY|O_CLOEXEC) = 3</etc/ld.so.cache>
22    newfstatat(3</etc/ld.so.cache>, "", {st_mode=S_IFREG|0644, st_size=8943, ...}, AT_EMPTY_PATH) = 0
22    openat(AT_FDCWD</workspace/app>, "/lib/x86_64-linux-gnu/libc.so.6", O_RDONLY|O_CLOEXEC) = 3</usr/lib/x86_64-linux-gnu/libc.so.6>
22    newfstatat(3</usr/lib/x86_64-linux-gnu/libc.so.6>, "", {st_mode=S_IFREG|0755, st_size=1926232, ...}, AT_EMPTY_PATH) = 0
22    newfstatat(1</workspace/app/15Flask/day04/cart_options/__init__.py>, "", {st_mode=S_IFREG|0644, st_size=0, ...}, AT_EMPTY_PATH) = 0
22    newfstatat(0<pipe:[111117]>, "", {st_mode=S_IFIFO|0600, st_size=0, ...}, AT_EMPTY_PATH) = 0
22    exit_group(0)                     = ?
22    +++ exited with 0 +++
17    <... wait4 resumed>[{WIFEXITED(s) && WEXITSTATUS(s) == 0}], 0, NULL) = 22
17    --- SIGCHLD {si_signo=SIGCHLD, si_code=CLD_EXITED, si_pid=22, si_uid=0, si_status=0, si_utime=0, si_stime=0} ---
17    wait4(-1, 0x7ffcb2a22010, WNOHANG, NULL) = -1 ECHILD (No child processes)
17    clone(child_stack=NULL, flags=CLONE_CHILD_CLEARTID|CLONE_CHILD_SETTID|SIGCHLD, child_tidptr=0x7f382ffc7a10) = 23
17    wait4(-1,  <unfinished ...>
23    openat(AT_FDCWD</workspace/app>, "15Flask/day04/cart_options/views.py", O_WRONLY|O_CREAT|O_TRUNC, 0666) = 3</workspace/app/15Flask/day04/cart_options/views.py>
23    execve("/usr/bin/cat", ["cat"], 0x559c59dbd7b0 /* 13 vars */) = 0
23    access("/etc/ld.so.preload", R_OK) = -1 ENOENT (No such file or directory)
23    openat(AT_FDCWD</workspace/app>, "/etc/ld.so.cache", O_RDONLY|O_CLOEXEC) = 3</etc/ld.so.cache>
23    newfstatat(3</etc/ld.so.cache>, "", {st_mode=S_IFREG|0644, st_size=8943, ...}, AT_EMPTY_PATH) = 0
23    openat(AT_FDCWD</workspace/app>, "/lib/x86_64-linux-gnu/libc.so.6", O_RDONLY|O_CLOEXEC) = 3</usr/lib/x86_64-linux-gnu/libc.so.6>
23    newfstatat(3</usr/lib/x86_64-linux-gnu/libc.so.6>, "", {st_mode=S_IFREG|0755, st_size=1926232, ...}, AT_EMPTY_PATH) = 0
23    newfstatat(1</workspace/app/15Flask/day04/cart_options/views.py>, "", {st_mode=S_IFREG|0644, st_size=0, ...}, AT_EMPTY_PATH) = 0
23    newfstatat(0<pipe:[99123]>, "", {st_mode=S_IFIFO|0600, st_size=0, ...}, AT_EMPTY_PATH) = 0
23    exit_group(0)                     = ?
23    +++ exited with 0 +++
17    <... wait4 resumed>[{WIFEXITED(s) && WEXITSTATUS(s) == 0}], 0, NULL) = 23
17    --- SIGCHLD {si_signo=SIGCHLD, si_code=CLD_EXITED, si_pid=23, si_uid=0, si_status=0, si_utime=0, si_stime=0} ---
17    wait4(-1, 0x7ffcb2a22010, WNOHANG, NULL) = -1 ECHILD (No child processes)
17    clone(child_stack=NULL, flags=CLONE_CHILD_CLEARTID|CLONE_CHILD_SETTID|SIGCHLD, child_tidptr=0x7f382ffc7a10) = 24
17    wait4(-1,  <unfinished ...>
24    openat(AT_FDCWD</workspace/app>, "15Flask/day04/app.py", O_WRONLY|O_CREAT|O_TRUNC, 0666) = 3</workspace/app/15Flask/day04/app.py>
24    execve("/usr/bin/cat", ["cat"], 0x559c59dbd7b0 /* 13 vars */) = 0
24    access("/etc/ld.so.preload", R_OK) = -1 ENOENT (No such file or directory)
24    openat(AT_FDCWD</workspace/app>, "/etc/ld.so.cache", O_RDONLY|O_CLOEXEC) = 3</etc/ld.so.cache>
24    newfstatat(3</etc/ld.so.cache>, "", {st_mode=S_IFREG|0644, st_size=8943, ...}, AT_EMPTY_PATH) = 0
24    openat(AT_FDCWD</workspace/app>, "/lib/x86_64-linux-gnu/libc.so.6", O_RDONLY|O_CLOEXEC) = 3</usr/lib/x86_64-linux-gnu/libc.so.6>
24    newfstatat(3</usr/lib/x86_64-linux-gnu/libc.so.6>, "", {st_mode=S_IFREG|0755, st_size=1926232, ...}, AT_EMPTY_PATH) = 0
24    newfstatat(1</workspace/app/15Flask/day04/app.py>, "", {st_mode=S_IFREG|0644, st_size=0, ...}, AT_EMPTY_PATH) = 0
24    newfstatat(0<pipe:[111118]>, "", {st_mode=S_IFIFO|0600, st_size=0, ...}, AT_EMPTY_PATH) = 0
24    exit_group(0)                     = ?
24    +++ exited with 0 +++
17    <... wait4 resumed>[{WIFEXITED(s) && WEXITSTATUS(s) == 0}], 0, NULL) = 24
17    --- SIGCHLD {si_signo=SIGCHLD, si_code=CLD_EXITED, si_pid=24, si_uid=0, si_status=0, si_utime=0, si_stime=0} ---
17    wait4(-1, 0x7ffcb2a22010, WNOHANG, NULL) = -1 ECHILD (No child processes)
17    newfstatat(1</evidence/actor_stdout.log>, "", {st_mode=S_IFREG|0644, st_size=0, ...}, AT_EMPTY_PATH) = 0
17    exit_group(0)                     = ?
17    +++ exited with 0 +++
14    <... wait4 resumed>[{WIFEXITED(s) && WEXITSTATUS(s) == 0}], 0, NULL) = 17
14    --- SIGCHLD {si_signo=SIGCHLD, si_code=CLD_EXITED, si_pid=17, si_uid=0, si_status=0, si_utime=0, si_stime=0} ---
14    wait4(-1, 0x7ffc819338d0, WNOHANG, NULL) = -1 ECHILD (No child processes)
14    clone(child_stack=NULL, flags=CLONE_CHILD_CLEARTID|CLONE_CHILD_SETTID|SIGCHLD, child_tidptr=0x7faf1fac9a10) = 25
14    wait4(-1,  <unfinished ...>
25    execve("/usr/bin/bash", ["bash", "/chain/golden_stage2.sh", "/workspace/app"], 0x55ed8fa13240 /* 13 vars */) = 0
25    access("/etc/ld.so.preload", R_OK) = -1 ENOENT (No such file or directory)
25    openat(AT_FDCWD</workspace/app>, "/etc/ld.so.cache", O_RDONLY|O_CLOEXEC) = 3</etc/ld.so.cache>
25    newfstatat(3</etc/ld.so.cache>, "", {st_mode=S_IFREG|0644, st_size=8943, ...}, AT_EMPTY_PATH) = 0
25    openat(AT_FDCWD</workspace/app>, "/lib/x86_64-linux-gnu/libtinfo.so.6", O_RDONLY|O_CLOEXEC) = 3</usr/lib/x86_64-linux-gnu/libtinfo.so.6.4>
25    newfstatat(3</usr/lib/x86_64-linux-gnu/libtinfo.so.6.4>, "", {st_mode=S_IFREG|0644, st_size=204088, ...}, AT_EMPTY_PATH) = 0
25    openat(AT_FDCWD</workspace/app>, "/lib/x86_64-linux-gnu/libc.so.6", O_RDONLY|O_CLOEXEC) = 3</usr/lib/x86_64-linux-gnu/libc.so.6>
25    newfstatat(3</usr/lib/x86_64-linux-gnu/libc.so.6>, "", {st_mode=S_IFREG|0755, st_size=1926232, ...}, AT_EMPTY_PATH) = 0
25    openat(AT_FDCWD</workspace/app>, "/dev/tty", O_RDWR|O_NONBLOCK) = -1 ENXIO (No such device or address)
25    newfstatat(AT_FDCWD</workspace/app>, "/workspace/app", {st_mode=S_IFDIR|0775, st_size=4096, ...}, 0) = 0
25    newfstatat(AT_FDCWD</workspace/app>, ".", {st_mode=S_IFDIR|0775, st_size=4096, ...}, 0) = 0
25    newfstatat(AT_FDCWD</workspace/app>, "/workspace", {st_mode=S_IFDIR|0755, st_size=4096, ...}, 0) = 0
25    newfstatat(AT_FDCWD</workspace/app>, "/workspace/app", {st_mode=S_IFDIR|0775, st_size=4096, ...}, 0) = 0
25    newfstatat(AT_FDCWD</workspace/app>, "/workspace", {st_mode=S_IFDIR|0755, st_size=4096, ...}, 0) = 0
25    newfstatat(AT_FDCWD</workspace/app>, ".", {st_mode=S_IFDIR|0775, st_size=4096, ...}, 0) = 0
25    newfstatat(AT_FDCWD</workspace/app>, "/usr/local/sbin/bash", 0x7ffc239e0ae0, 0) = -1 ENOENT (No such file or directory)
25    newfstatat(AT_FDCWD</workspace/app>, "/usr/local/bin/bash", 0x7ffc239e0ae0, 0) = -1 ENOENT (No such file or directory)
25    newfstatat(AT_FDCWD</workspace/app>, "/usr/sbin/bash", 0x7ffc239e0ae0, 0) = -1 ENOENT (No such file or directory)
25    newfstatat(AT_FDCWD</workspace/app>, "/usr/bin/bash", {st_mode=S_IFREG|0755, st_size=1265648, ...}, 0) = 0
25    newfstatat(AT_FDCWD</workspace/app>, "/usr/bin/bash", {st_mode=S_IFREG|0755, st_size=1265648, ...}, 0) = 0
25    access("/usr/bin/bash", X_OK)     = 0
25    newfstatat(AT_FDCWD</workspace/app>, "/usr/bin/bash", {st_mode=S_IFREG|0755, st_size=1265648, ...}, 0) = 0
25    access("/usr/bin/bash", R_OK)     = 0
25    socket(AF_UNIX, SOCK_STREAM|SOCK_CLOEXEC|SOCK_NONBLOCK, 0) = 3<socket:[106090]>
25    connect(3<socket:[106090]>, {sa_family=AF_UNIX, sun_path="/var/run/nscd/socket"}, 110) = -1 ENOENT (No such file or directory)
25    socket(AF_UNIX, SOCK_STREAM|SOCK_CLOEXEC|SOCK_NONBLOCK, 0) = 3<socket:[106091]>
25    connect(3<socket:[106091]>, {sa_family=AF_UNIX, sun_path="/var/run/nscd/socket"}, 110) = -1 ENOENT (No such file or directory)
25    newfstatat(AT_FDCWD</workspace/app>, "/etc/nsswitch.conf", {st_mode=S_IFREG|0644, st_size=494, ...}, 0) = 0
25    newfstatat(AT_FDCWD</workspace/app>, "/", {st_mode=S_IFDIR|0755, st_size=4096, ...}, 0) = 0
25    openat(AT_FDCWD</workspace/app>, "/etc/nsswitch.conf", O_RDONLY|O_CLOEXEC) = 3</etc/nsswitch.conf>
25    newfstatat(3</etc/nsswitch.conf>, "", {st_mode=S_IFREG|0644, st_size=494, ...}, AT_EMPTY_PATH) = 0
25    newfstatat(3</etc/nsswitch.conf>, "", {st_mode=S_IFREG|0644, st_size=494, ...}, AT_EMPTY_PATH) = 0
25    openat(AT_FDCWD</workspace/app>, "/etc/passwd", O_RDONLY|O_CLOEXEC) = 3</etc/passwd>
25    newfstatat(3</etc/passwd>, "", {st_mode=S_IFREG|0644, st_size=878, ...}, AT_EMPTY_PATH) = 0
25    openat(AT_FDCWD</workspace/app>, "/chain/golden_stage2.sh", O_RDONLY) = 3</chain/golden_stage2.sh>
25    newfstatat(AT_FDCWD</workspace/app>, "/chain/golden_stage2.sh", {st_mode=S_IFREG|0775, st_size=1017, ...}, 0) = 0
25    newfstatat(255</chain/golden_stage2.sh>, "", {st_mode=S_IFREG|0775, st_size=1017, ...}, AT_EMPTY_PATH) = 0
25    newfstatat(AT_FDCWD</workspace/app>, "/workspace", {st_mode=S_IFDIR|0755, st_size=4096, ...}, 0) = 0
25    newfstatat(AT_FDCWD</workspace/app>, "/workspace/app", {st_mode=S_IFDIR|0775, st_size=4096, ...}, 0) = 0
25    chdir("/workspace/app")           = 0
25    newfstatat(AT_FDCWD</workspace/app>, ".", {st_mode=S_IFDIR|0775, st_size=4096, ...}, 0) = 0
25    newfstatat(AT_FDCWD</workspace/app>, "/usr/local/sbin/python3", 0x7ffc239e0af0, 0) = -1 ENOENT (No such file or directory)
25    newfstatat(AT_FDCWD</workspace/app>, "/usr/local/bin/python3", 0x7ffc239e0af0, 0) = -1 ENOENT (No such file or directory)
25    newfstatat(AT_FDCWD</workspace/app>, "/usr/sbin/python3", 0x7ffc239e0af0, 0) = -1 ENOENT (No such file or directory)
25    newfstatat(AT_FDCWD</workspace/app>, "/usr/bin/python3", {st_mode=S_IFREG|0755, st_size=6834488, ...}, 0) = 0
25    newfstatat(AT_FDCWD</workspace/app>, "/usr/bin/python3", {st_mode=S_IFREG|0755, st_size=6834488, ...}, 0) = 0
25    access("/usr/bin/python3", X_OK)  = 0
25    newfstatat(AT_FDCWD</workspace/app>, "/usr/bin/python3", {st_mode=S_IFREG|0755, st_size=6834488, ...}, 0) = 0
25    access("/usr/bin/python3", R_OK)  = 0
25    clone(child_stack=NULL, flags=CLONE_CHILD_CLEARTID|CLONE_CHILD_SETTID|SIGCHLD, child_tidptr=0x7f82f2ae7a10) = 26
25    wait4(-1,  <unfinished ...>
26    execve("/usr/bin/python3", ["python3"], 0x5610d8e9c250 /* 13 vars */) = 0
26    access("/etc/ld.so.preload", R_OK) = -1 ENOENT (No such file or directory)
26    openat(AT_FDCWD</workspace/app>, "/etc/ld.so.cache", O_RDONLY|O_CLOEXEC) = 3</etc/ld.so.cache>
26    newfstatat(3</etc/ld.so.cache>, "", {st_mode=S_IFREG|0644, st_size=8943, ...}, AT_EMPTY_PATH) = 0
26    openat(AT_FDCWD</workspace/app>, "/lib/x86_64-linux-gnu/libm.so.6", O_RDONLY|O_CLOEXEC) = 3</usr/lib/x86_64-linux-gnu/libm.so.6>
26    newfstatat(3</usr/lib/x86_64-linux-gnu/libm.so.6>, "", {st_mode=S_IFREG|0644, st_size=911904, ...}, AT_EMPTY_PATH) = 0
26    openat(AT_FDCWD</workspace/app>, "/lib/x86_64-linux-gnu/libz.so.1", O_RDONLY|O_CLOEXEC) = 3</usr/lib/x86_64-linux-gnu/libz.so.1.2.13>
26    newfstatat(3</usr/lib/x86_64-linux-gnu/libz.so.1.2.13>, "", {st_mode=S_IFREG|0644, st_size=121280, ...}, AT_EMPTY_PATH) = 0
26    openat(AT_FDCWD</workspace/app>, "/lib/x86_64-linux-gnu/libexpat.so.1", O_RDONLY|O_CLOEXEC) = 3</usr/lib/x86_64-linux-gnu/libexpat.so.1.8.10>
26    newfstatat(3</usr/lib/x86_64-linux-gnu/libexpat.so.1.8.10>, "", {st_mode=S_IFREG|0644, st_size=174184, ...}, AT_EMPTY_PATH) = 0
26    openat(AT_FDCWD</workspace/app>, "/lib/x86_64-linux-gnu/libc.so.6", O_RDONLY|O_CLOEXEC) = 3</usr/lib/x86_64-linux-gnu/libc.so.6>
26    newfstatat(3</usr/lib/x86_64-linux-gnu/libc.so.6>, "", {st_mode=S_IFREG|0755, st_size=1926232, ...}, AT_EMPTY_PATH) = 0
26    openat(AT_FDCWD</workspace/app>, "/usr/lib/locale/locale-archive", O_RDONLY|O_CLOEXEC) = -1 ENOENT (No such file or directory)
26    openat(AT_FDCWD</workspace/app>, "/usr/share/locale/locale.alias", O_RDONLY|O_CLOEXEC) = -1 ENOENT (No such file or directory)
26    openat(AT_FDCWD</workspace/app>, "/usr/lib/locale/C.UTF-8/LC_CTYPE", O_RDONLY|O_CLOEXEC) = -1 ENOENT (No such file or directory)
26    openat(AT_FDCWD</workspace/app>, "/usr/lib/locale/C.utf8/LC_CTYPE", O_RDONLY|O_CLOEXEC) = 3</usr/lib/locale/C.utf8/LC_CTYPE>
26    newfstatat(3</usr/lib/locale/C.utf8/LC_CTYPE>, "", {st_mode=S_IFREG|0644, st_size=353616, ...}, AT_EMPTY_PATH) = 0
26    openat(AT_FDCWD</workspace/app>, "/usr/lib/x86_64-linux-gnu/gconv/gconv-modules.cache", O_RDONLY) = 3</usr/lib/x86_64-linux-gnu/gconv/gconv-modules.cache>
26    newfstatat(3</usr/lib/x86_64-linux-gnu/gconv/gconv-modules.cache>, "", {st_mode=S_IFREG|0644, st_size=27028, ...}, AT_EMPTY_PATH) = 0
26    newfstatat(AT_FDCWD</workspace/app>, "/usr/local/sbin/python3", 0x7ffcea11ed30, 0) = -1 ENOENT (No such file or directory)
26    newfstatat(AT_FDCWD</workspace/app>, "/usr/local/bin/python3", 0x7ffcea11ed30, 0) = -1 ENOENT (No such file or directory)
26    newfstatat(AT_FDCWD</workspace/app>, "/usr/sbin/python3", 0x7ffcea11ed30, 0) = -1 ENOENT (No such file or directory)
26    newfstatat(AT_FDCWD</workspace/app>, "/usr/bin/python3", {st_mode=S_IFREG|0755, st_size=6834488, ...}, 0) = 0
26    openat(AT_FDCWD</workspace/app>, "/usr/pyvenv.cfg", O_RDONLY) = -1 ENOENT (No such file or directory)
26    openat(AT_FDCWD</workspace/app>, "/usr/bin/pyvenv.cfg", O_RDONLY) = -1 ENOENT (No such file or directory)
26    readlink("/usr/bin/python3", "python3.11", 4096) = 10
26    readlink("/usr/bin/python3.11", 0x7ffcea119d60, 4096) = -1 EINVAL (Invalid argument)
26    openat(AT_FDCWD</workspace/app>, "/usr/bin/python3._pth", O_RDONLY) = -1 ENOENT (No such file or directory)
26    openat(AT_FDCWD</workspace/app>, "/usr/bin/python3.11._pth", O_RDONLY) = -1 ENOENT (No such file or directory)
26    openat(AT_FDCWD</workspace/app>, "/usr/bin/pybuilddir.txt", O_RDONLY) = -1 ENOENT (No such file or directory)
26    newfstatat(AT_FDCWD</workspace/app>, "/usr/bin/Modules/Setup.local", 0x7ffcea11ed30, 0) = -1 ENOENT (No such file or directory)
26    newfstatat(AT_FDCWD</workspace/app>, "/usr/bin/lib/python311.zip", 0x7ffcea11eb00, 0) = -1 ENOENT (No such file or directory)
26    newfstatat(AT_FDCWD</workspace/app>, "/usr/lib/python311.zip", 0x7ffcea11eb00, 0) = -1 ENOENT (No such file or directory)
26    newfstatat(AT_FDCWD</workspace/app>, "/usr/bin/lib/python3.11/os.py", 0x7ffcea11e950, 0) = -1 ENOENT (No such file or directory)
26    newfstatat(AT_FDCWD</workspace/app>, "/usr/bin/lib/python3.11/os.pyc", 0x7ffcea11e950, 0) = -1 ENOENT (No such file or directory)
26    newfstatat(AT_FDCWD</workspace/app>, "/usr/lib/python3.11/os.py", {st_mode=S_IFREG|0644, st_size=39504, ...}, 0) = 0
26    newfstatat(AT_FDCWD</workspace/app>, "/usr/bin/lib/python3.11/lib-dynload", 0x7ffcea11eb00, 0) = -1 ENOENT (No such file or directory)
26    newfstatat(AT_FDCWD</workspace/app>, "/usr/lib/python3.11/lib-dynload", {st_mode=S_IFDIR|0755, st_size=4096, ...}, 0) = 0
26    newfstatat(AT_FDCWD</workspace/app>, "/usr/lib/python3.11/lib-dynload", {st_mode=S_IFDIR|0755, st_size=4096, ...}, 0) = 0
26    openat(AT_FDCWD</workspace/app>, "/etc/localtime", O_RDONLY|O_CLOEXEC) = 3</usr/share/zoneinfo/Etc/UTC>
26    newfstatat(3</usr/share/zoneinfo/Etc/UTC>, "", {st_mode=S_IFREG|0644, st_size=114, ...}, AT_EMPTY_PATH) = 0
26    newfstatat(3</usr/share/zoneinfo/Etc/UTC>, "", {st_mode=S_IFREG|0644, st_size=114, ...}, AT_EMPTY_PATH) = 0
26    newfstatat(AT_FDCWD</workspace/app>, "/usr/lib/python311.zip", 0x7ffcea11e590, 0) = -1 ENOENT (No such file or directory)
26    newfstatat(AT_FDCWD</workspace/app>, "/usr/lib", {st_mode=S_IFDIR|0755, st_size=4096, ...}, 0) = 0
26    newfstatat(AT_FDCWD</workspace/app>, "/usr/lib/python311.zip", 0x7ffcea11e860, 0) = -1 ENOENT (No such file or directory)
26    newfstatat(AT_FDCWD</workspace/app>, "/usr/lib/python3.11", {st_mode=S_IFDIR|0755, st_size=4096, ...}, 0) = 0
26    newfstatat(AT_FDCWD</workspace/app>, "/usr/lib/python3.11", {st_mode=S_IFDIR|0755, st_size=4096, ...}, 0) = 0
26    newfstatat(AT_FDCWD</workspace/app>, "/usr/lib/python3.11", {st_mode=S_IFDIR|0755, st_size=4096, ...}, 0) = 0
26    openat(AT_FDCWD</workspace/app>, "/usr/lib/python3.11", O_RDONLY|O_NONBLOCK|O_CLOEXEC|O_DIRECTORY) = 3</usr/lib/python3.11>
26    newfstatat(3</usr/lib/python3.11>, "", {st_mode=S_IFDIR|0755, st_size=4096, ...}, AT_EMPTY_PATH) = 0
26    newfstatat(AT_FDCWD</workspace/app>, "/usr/lib/python3.11/encodings/__init__.cpython-311-x86_64-linux-gnu.so", 0x7ffcea11e860, 0) = -1 ENOENT (No such file or directory)
26    newfstatat(AT_FDCWD</workspace/app>, "/usr/lib/python3.11/encodings/__init__.abi3.so", 0x7ffcea11e8b0, 0) = -1 ENOENT (No such file or directory)
26    newfstatat(AT_FDCWD</workspace/app>, "/usr/lib/python3.11/encodings/__init__.so", 0x7ffcea11e8b0, 0) = -1 ENOENT (No such file or directory)
26    newfstatat(AT_FDCWD</workspace/app>, "/usr/lib/python3.11/encodings/__init__.py", {st_mode=S_IFREG|0644, st_size=5884, ...}, 0) = 0
26    newfstatat(AT_FDCWD</workspace/app>, "/usr/lib/python3.11/encodings/__init__.py", {st_mode=S_IFREG|0644, st_size=5884, ...}, 0) = 0
26    openat(AT_FDCWD</workspace/app>, "/usr/lib/python3.11/encodings/__pycache__/__init__.cpython-311.pyc", O_RDONLY|O_CLOEXEC) = 3</usr/lib/python3.11/encodings/__pycache__/__init__.cpython-311.pyc>
26    newfstatat(3</usr/lib/python3.11/encodings/__pycache__/__init__.cpython-311.pyc>, "", {st_mode=S_IFREG|0644, st_size=6457, ...}, AT_EMPTY_PATH) = 0
26    newfstatat(3</usr/lib/python3.11/encodings/__pycache__/__init__.cpython-311.pyc>, "", {st_mode=S_IFREG|0644, st_size=6457, ...}, AT_EMPTY_PATH) = 0
26    newfstatat(AT_FDCWD</workspace/app>, "/usr/lib/python3.11/encodings", {st_mode=S_IFDIR|0755, st_size=4096, ...}, 0) = 0
26    newfstatat(AT_FDCWD</workspace/app>, "/usr/lib/python3.11/encodings", {st_mode=S_IFDIR|0755, st_size=4096, ...}, 0) = 0
26    newfstatat(AT_FDCWD</workspace/app>, "/usr/lib/python3.11/encodings", {st_mode=S_IFDIR|0755, st_size=4096, ...}, 0) = 0
26    openat(AT_FDCWD</workspace/app>, "/usr/lib/python3.11/encodings", O_RDONLY|O_NONBLOCK|O_CLOEXEC|O_DIRECTORY) = 3</usr/lib/python3.11/encodings>
26    newfstatat(3</usr/lib/python3.11/encodings>, "", {st_mode=S_IFDIR|0755, st_size=4096, ...}, AT_EMPTY_PATH) = 0
26    newfstatat(AT_FDCWD</workspace/app>, "/usr/lib/python3.11/encodings/aliases.py", {st_mode=S_IFREG|0644, st_size=15677, ...}, 0) = 0
26    newfstatat(AT_FDCWD</workspace/app>, "/usr/lib/python3.11/encodings/aliases.py", {st_mode=S_IFREG|0644, st_size=15677, ...}, 0) = 0
26    openat(AT_FDCWD</workspace/app>, "/usr/lib/python3.11/encodings/__pycache__/aliases.cpython-311.pyc", O_RDONLY|O_CLOEXEC) = 3</usr/lib/python3.11/encodings/__pycache__/aliases.cpython-311.pyc>
26    newfstatat(3</usr/lib/python3.11/encodings/__pycache__/aliases.cpython-311.pyc>, "", {st_mode=S_IFREG|0644, st_size=12647, ...}, AT_EMPTY_PATH) = 0
26    newfstatat(3</usr/lib/python3.11/encodings/__pycache__/aliases.cpython-311.pyc>, "", {st_mode=S_IFREG|0644, st_size=12647, ...}, AT_EMPTY_PATH) = 0
26    newfstatat(AT_FDCWD</workspace/app>, "/usr/lib/python3.11/encodings", {st_mode=S_IFDIR|0755, st_size=4096, ...}, 0) = 0
26    newfstatat(AT_FDCWD</workspace/app>, "/usr/lib/python3.11/encodings/utf_8.py", {st_mode=S_IFREG|0644, st_size=1005, ...}, 0) = 0
26    newfstatat(AT_FDCWD</workspace/app>, "/usr/lib/python3.11/encodings/utf_8.py", {st_mode=S_IFREG|0644, st_size=1005, ...}, 0) = 0
26    openat(AT_FDCWD</workspace/app>, "/usr/lib/python3.11/encodings/__pycache__/utf_8.cpython-311.pyc", O_RDONLY|O_CLOEXEC) = 3</usr/lib/python3.11/encodings/__pycache__/utf_8.cpython-311.pyc>
26    newfstatat(3</usr/lib/python3.11/encodings/__pycache__/utf_8.cpython-311.pyc>, "", {st_mode=S_IFREG|0644, st_size=2316, ...}, AT_EMPTY_PATH) = 0
26    newfstatat(3</usr/lib/python3.11/encodings/__pycache__/utf_8.cpython-311.pyc>, "", {st_mode=S_IFREG|0644, st_size=2316, ...}, AT_EMPTY_PATH) = 0
26    newfstatat(0<pipe:[99124]>, "", {st_mode=S_IFIFO|0600, st_size=0, ...}, AT_EMPTY_PATH) = 0
26    newfstatat(0<pipe:[99124]>, "", {st_mode=S_IFIFO|0600, st_size=0, ...}, AT_EMPTY_PATH) = 0
26    newfstatat(1</evidence/actor_stdout.log>, "", {st_mode=S_IFREG|0644, st_size=66, ...}, AT_EMPTY_PATH) = 0
26    newfstatat(2</evidence/actor_stderr.log>, "", {st_mode=S_IFREG|0644, st_size=0, ...}, AT_EMPTY_PATH) = 0
26    newfstatat(AT_FDCWD</workspace/app>, "/usr/bin/pyvenv.cfg", 0x7ffcea11e690, 0) = -1 ENOENT (No such file or directory)
26    newfstatat(AT_FDCWD</workspace/app>, "/usr/pyvenv.cfg", 0x7ffcea11e690, 0) = -1 ENOENT (No such file or directory)
26    newfstatat(AT_FDCWD</workspace/app>, "/root/.local/lib/python3.11/site-packages", 0x7ffcea11e690, 0) = -1 ENOENT (No such file or directory)
26    newfstatat(AT_FDCWD</workspace/app>, "/usr/local/lib/python3.11/dist-packages", {st_mode=S_IFDIR|0755, st_size=4096, ...}, 0) = 0
26    openat(AT_FDCWD</workspace/app>, "/usr/local/lib/python3.11/dist-packages", O_RDONLY|O_NONBLOCK|O_CLOEXEC|O_DIRECTORY) = 3</usr/local/lib/python3.11/dist-packages>
26    newfstatat(3</usr/local/lib/python3.11/dist-packages>, "", {st_mode=S_IFDIR|0755, st_size=4096, ...}, AT_EMPTY_PATH) = 0
26    newfstatat(AT_FDCWD</workspace/app>, "/usr/lib/python3/dist-packages", {st_mode=S_IFDIR|0755, st_size=4096, ...}, 0) = 0
26    openat(AT_FDCWD</workspace/app>, "/usr/lib/python3/dist-packages", O_RDONLY|O_NONBLOCK|O_CLOEXEC|O_DIRECTORY) = 3</usr/lib/python3/dist-packages>
26    newfstatat(3</usr/lib/python3/dist-packages>, "", {st_mode=S_IFDIR|0755, st_size=4096, ...}, AT_EMPTY_PATH) = 0
26    openat(AT_FDCWD</workspace/app>, "/usr/lib/python3/dist-packages/distutils-precedence.pth", O_RDONLY|O_CLOEXEC) = 3</usr/lib/python3/dist-packages/distutils-precedence.pth>
26    newfstatat(3</usr/lib/python3/dist-packages/distutils-precedence.pth>, "", {st_mode=S_IFREG|0644, st_size=151, ...}, AT_EMPTY_PATH) = 0
26    newfstatat(AT_FDCWD</workspace/app>, "/usr/lib/python3.11", {st_mode=S_IFDIR|0755, st_size=4096, ...}, 0) = 0
26    newfstatat(AT_FDCWD</workspace/app>, "/usr/lib/python3.11/lib-dynload", {st_mode=S_IFDIR|0755, st_size=4096, ...}, 0) = 0
26    newfstatat(AT_FDCWD</workspace/app>, "/usr/lib/python3.11/lib-dynload", {st_mode=S_IFDIR|0755, st_size=4096, ...}, 0) = 0
26    newfstatat(AT_FDCWD</workspace/app>, "/usr/lib/python3.11/lib-dynload", {st_mode=S_IFDIR|0755, st_size=4096, ...}, 0) = 0
26    openat(AT_FDCWD</workspace/app>, "/usr/lib/python3.11/lib-dynload", O_RDONLY|O_NONBLOCK|O_CLOEXEC|O_DIRECTORY) = 4</usr/lib/python3.11/lib-dynload>
26    newfstatat(4</usr/lib/python3.11/lib-dynload>, "", {st_mode=S_IFDIR|0755, st_size=4096, ...}, AT_EMPTY_PATH) = 0
26    newfstatat(AT_FDCWD</workspace/app>, "/usr/local/lib/python3.11/dist-packages", {st_mode=S_IFDIR|0755, st_size=4096, ...}, 0) = 0
26    newfstatat(AT_FDCWD</workspace/app>, "/usr/local/lib/python3.11/dist-packages", {st_mode=S_IFDIR|0755, st_size=4096, ...}, 0) = 0
26    newfstatat(AT_FDCWD</workspace/app>, "/usr/local/lib/python3.11/dist-packages", {st_mode=S_IFDIR|0755, st_size=4096, ...}, 0) = 0
26    openat(AT_FDCWD</workspace/app>, "/usr/local/lib/python3.11/dist-packages", O_RDONLY|O_NONBLOCK|O_CLOEXEC|O_DIRECTORY) = 4</usr/local/lib/python3.11/dist-packages>
26    newfstatat(4</usr/local/lib/python3.11/dist-packages>, "", {st_mode=S_IFDIR|0755, st_size=4096, ...}, AT_EMPTY_PATH) = 0
26    newfstatat(AT_FDCWD</workspace/app>, "/usr/lib/python3/dist-packages", {st_mode=S_IFDIR|0755, st_size=4096, ...}, 0) = 0
26    newfstatat(AT_FDCWD</workspace/app>, "/usr/lib/python3/dist-packages", {st_mode=S_IFDIR|0755, st_size=4096, ...}, 0) = 0
26    newfstatat(AT_FDCWD</workspace/app>, "/usr/lib/python3/dist-packages", {st_mode=S_IFDIR|0755, st_size=4096, ...}, 0) = 0
26    openat(AT_FDCWD</workspace/app>, "/usr/lib/python3/dist-packages", O_RDONLY|O_NONBLOCK|O_CLOEXEC|O_DIRECTORY) = 4</usr/lib/python3/dist-packages>
26    newfstatat(4</usr/lib/python3/dist-packages>, "", {st_mode=S_IFDIR|0755, st_size=4096, ...}, AT_EMPTY_PATH) = 0
26    newfstatat(AT_FDCWD</workspace/app>, "/usr/lib/python3/dist-packages/_distutils_hack/__init__.cpython-311-x86_64-linux-gnu.so", 0x7ffcea11def0, 0) = -1 ENOENT (No such file or directory)
26    newfstatat(AT_FDCWD</workspace/app>, "/usr/lib/python3/dist-packages/_distutils_hack/__init__.abi3.so", 0x7ffcea11def0, 0) = -1 ENOENT (No such file or directory)
26    newfstatat(AT_FDCWD</workspace/app>, "/usr/lib/python3/dist-packages/_distutils_hack/__init__.so", 0x7ffcea11def0, 0) = -1 ENOENT (No such file or directory)
26    newfstatat(AT_FDCWD</workspace/app>, "/usr/lib/python3/dist-packages/_distutils_hack/__init__.py", {st_mode=S_IFREG|0644, st_size=6128, ...}, 0) = 0
26    newfstatat(AT_FDCWD</workspace/app>, "/usr/lib/python3/dist-packages/_distutils_hack/__init__.py", {st_mode=S_IFREG|0644, st_size=6128, ...}, 0) = 0
26    openat(AT_FDCWD</workspace/app>, "/usr/lib/python3/dist-packages/_distutils_hack/__pycache__/__init__.cpython-311.pyc", O_RDONLY|O_CLOEXEC) = 4</usr/lib/python3/dist-packages/_distutils_hack/__pycache__/__init__.cpython-311.pyc>
26    newfstatat(4</usr/lib/python3/dist-packages/_distutils_hack/__pycache__/__init__.cpython-311.pyc>, "", {st_mode=S_IFREG|0644, st_size=11132, ...}, AT_EMPTY_PATH) = 0
26    newfstatat(4</usr/lib/python3/dist-packages/_distutils_hack/__pycache__/__init__.cpython-311.pyc>, "", {st_mode=S_IFREG|0644, st_size=11132, ...}, AT_EMPTY_PATH) = 0
26    newfstatat(AT_FDCWD</workspace/app>, "/usr/lib/python3.11/dist-packages", 0x7ffcea11e690, 0) = -1 ENOENT (No such file or directory)
26    newfstatat(AT_FDCWD</workspace/app>, "/usr/lib/python3.11", {st_mode=S_IFDIR|0755, st_size=4096, ...}, 0) = 0
26    newfstatat(AT_FDCWD</workspace/app>, "/usr/lib/python3.11/sitecustomize.py", {st_mode=S_IFREG|0644, st_size=155, ...}, 0) = 0
26    newfstatat(AT_FDCWD</workspace/app>, "/usr/lib/python3.11/sitecustomize.py", {st_mode=S_IFREG|0644, st_size=155, ...}, 0) = 0
26    openat(AT_FDCWD</workspace/app>, "/usr/lib/python3.11/__pycache__/sitecustomize.cpython-311.pyc", O_RDONLY|O_CLOEXEC) = 3</usr/lib/python3.11/__pycache__/sitecustomize.cpython-311.pyc>
26    newfstatat(3</usr/lib/python3.11/__pycache__/sitecustomize.cpython-311.pyc>, "", {st_mode=S_IFREG|0644, st_size=334, ...}, AT_EMPTY_PATH) = 0
26    newfstatat(3</usr/lib/python3.11/__pycache__/sitecustomize.cpython-311.pyc>, "", {st_mode=S_IFREG|0644, st_size=334, ...}, AT_EMPTY_PATH) = 0
26    newfstatat(AT_FDCWD</workspace/app>, "/usr/lib/python3.11", {st_mode=S_IFDIR|0755, st_size=4096, ...}, 0) = 0
26    newfstatat(AT_FDCWD</workspace/app>, "/usr/lib/python3.11/lib-dynload", {st_mode=S_IFDIR|0755, st_size=4096, ...}, 0) = 0
26    newfstatat(AT_FDCWD</workspace/app>, "/usr/local/lib/python3.11/dist-packages", {st_mode=S_IFDIR|0755, st_size=4096, ...}, 0) = 0
26    newfstatat(AT_FDCWD</workspace/app>, "/usr/lib/python3/dist-packages", {st_mode=S_IFDIR|0755, st_size=4096, ...}, 0) = 0
26    newfstatat(AT_FDCWD</workspace/app>, "/usr/lib/python3.11", {st_mode=S_IFDIR|0755, st_size=4096, ...}, 0) = 0
26    newfstatat(AT_FDCWD</workspace/app>, "/usr/lib/python3.11/lib-dynload", {st_mode=S_IFDIR|0755, st_size=4096, ...}, 0) = 0
26    newfstatat(AT_FDCWD</workspace/app>, "/usr/local/lib/python3.11/dist-packages", {st_mode=S_IFDIR|0755, st_size=4096, ...}, 0) = 0
26    newfstatat(AT_FDCWD</workspace/app>, "/usr/lib/python3/dist-packages", {st_mode=S_IFDIR|0755, st_size=4096, ...}, 0) = 0
26    readlink("", 0x7ffcea10e370, 4096) = -1 ENOENT (No such file or directory)
26    newfstatat(0<pipe:[99124]>, "", {st_mode=S_IFIFO|0600, st_size=0, ...}, AT_EMPTY_PATH) = 0
26    openat(AT_FDCWD</workspace/app>, "15Flask/day04/cart_options/views.py", O_RDONLY|O_CLOEXEC) = 3</workspace/app/15Flask/day04/cart_options/views.py>
26    newfstatat(3</workspace/app/15Flask/day04/cart_options/views.py>, "", {st_mode=S_IFREG|0644, st_size=287, ...}, AT_EMPTY_PATH) = 0
26    newfstatat(3</workspace/app/15Flask/day04/cart_options/views.py>, "", {st_mode=S_IFREG|0644, st_size=287, ...}, AT_EMPTY_PATH) = 0
26    openat(AT_FDCWD</workspace/app>, "15Flask/day04/cart_options/views.py", O_WRONLY|O_CREAT|O_TRUNC|O_CLOEXEC, 0666) = 3</workspace/app/15Flask/day04/cart_options/views.py>
26    newfstatat(3</workspace/app/15Flask/day04/cart_options/views.py>, "", {st_mode=S_IFREG|0644, st_size=0, ...}, AT_EMPTY_PATH) = 0
26    exit_group(0)                     = ?
26    +++ exited with 0 +++
25    <... wait4 resumed>[{WIFEXITED(s) && WEXITSTATUS(s) == 0}], 0, NULL) = 26
25    --- SIGCHLD {si_signo=SIGCHLD, si_code=CLD_EXITED, si_pid=26, si_uid=0, si_status=0, si_utime=1 /* 0.01 s */, si_stime=0} ---
25    wait4(-1, 0x7ffc239e0590, WNOHANG, NULL) = -1 ECHILD (No child processes)
25    exit_group(0)                     = ?
25    +++ exited with 0 +++
14    <... wait4 resumed>[{WIFEXITED(s) && WEXITSTATUS(s) == 0}], 0, NULL) = 25
14    --- SIGCHLD {si_signo=SIGCHLD, si_code=CLD_EXITED, si_pid=25, si_uid=0, si_status=0, si_utime=0, si_stime=0} ---
14    wait4(-1, 0x7ffc819338d0, WNOHANG, NULL) = -1 ECHILD (No child processes)
14    clone(child_stack=NULL, flags=CLONE_CHILD_CLEARTID|CLONE_CHILD_SETTID|SIGCHLD, child_tidptr=0x7faf1fac9a10) = 27
14    wait4(-1,  <unfinished ...>
27    execve("/usr/bin/bash", ["bash", "/chain/golden_stage3.sh", "/workspace/app"], 0x55ed8fa13240 /* 13 vars */) = 0
27    access("/etc/ld.so.preload", R_OK) = -1 ENOENT (No such file or directory)
27    openat(AT_FDCWD</workspace/app>, "/etc/ld.so.cache", O_RDONLY|O_CLOEXEC) = 3</etc/ld.so.cache>
27    newfstatat(3</etc/ld.so.cache>, "", {st_mode=S_IFREG|0644, st_size=8943, ...}, AT_EMPTY_PATH) = 0
27    openat(AT_FDCWD</workspace/app>, "/lib/x86_64-linux-gnu/libtinfo.so.6", O_RDONLY|O_CLOEXEC) = 3</usr/lib/x86_64-linux-gnu/libtinfo.so.6.4>
27    newfstatat(3</usr/lib/x86_64-linux-gnu/libtinfo.so.6.4>, "", {st_mode=S_IFREG|0644, st_size=204088, ...}, AT_EMPTY_PATH) = 0
27    openat(AT_FDCWD</workspace/app>, "/lib/x86_64-linux-gnu/libc.so.6", O_RDONLY|O_CLOEXEC) = 3</usr/lib/x86_64-linux-gnu/libc.so.6>
27    newfstatat(3</usr/lib/x86_64-linux-gnu/libc.so.6>, "", {st_mode=S_IFREG|0755, st_size=1926232, ...}, AT_EMPTY_PATH) = 0
27    openat(AT_FDCWD</workspace/app>, "/dev/tty", O_RDWR|O_NONBLOCK) = -1 ENXIO (No such device or address)
27    newfstatat(AT_FDCWD</workspace/app>, "/workspace/app", {st_mode=S_IFDIR|0775, st_size=4096, ...}, 0) = 0
27    newfstatat(AT_FDCWD</workspace/app>, ".", {st_mode=S_IFDIR|0775, st_size=4096, ...}, 0) = 0
27    newfstatat(AT_FDCWD</workspace/app>, "/workspace", {st_mode=S_IFDIR|0755, st_size=4096, ...}, 0) = 0
27    newfstatat(AT_FDCWD</workspace/app>, "/workspace/app", {st_mode=S_IFDIR|0775, st_size=4096, ...}, 0) = 0
27    newfstatat(AT_FDCWD</workspace/app>, "/workspace", {st_mode=S_IFDIR|0755, st_size=4096, ...}, 0) = 0
27    newfstatat(AT_FDCWD</workspace/app>, ".", {st_mode=S_IFDIR|0775, st_size=4096, ...}, 0) = 0
27    newfstatat(AT_FDCWD</workspace/app>, "/usr/local/sbin/bash", 0x7ffe80c31f30, 0) = -1 ENOENT (No such file or directory)
27    newfstatat(AT_FDCWD</workspace/app>, "/usr/local/bin/bash", 0x7ffe80c31f30, 0) = -1 ENOENT (No such file or directory)
27    newfstatat(AT_FDCWD</workspace/app>, "/usr/sbin/bash", 0x7ffe80c31f30, 0) = -1 ENOENT (No such file or directory)
27    newfstatat(AT_FDCWD</workspace/app>, "/usr/bin/bash", {st_mode=S_IFREG|0755, st_size=1265648, ...}, 0) = 0
27    newfstatat(AT_FDCWD</workspace/app>, "/usr/bin/bash", {st_mode=S_IFREG|0755, st_size=1265648, ...}, 0) = 0
27    access("/usr/bin/bash", X_OK)     = 0
27    newfstatat(AT_FDCWD</workspace/app>, "/usr/bin/bash", {st_mode=S_IFREG|0755, st_size=1265648, ...}, 0) = 0
27    access("/usr/bin/bash", R_OK)     = 0
27    socket(AF_UNIX, SOCK_STREAM|SOCK_CLOEXEC|SOCK_NONBLOCK, 0) = 3<socket:[117861]>
27    connect(3<socket:[117861]>, {sa_family=AF_UNIX, sun_path="/var/run/nscd/socket"}, 110) = -1 ENOENT (No such file or directory)
27    socket(AF_UNIX, SOCK_STREAM|SOCK_CLOEXEC|SOCK_NONBLOCK, 0) = 3<socket:[117862]>
27    connect(3<socket:[117862]>, {sa_family=AF_UNIX, sun_path="/var/run/nscd/socket"}, 110) = -1 ENOENT (No such file or directory)
27    newfstatat(AT_FDCWD</workspace/app>, "/etc/nsswitch.conf", {st_mode=S_IFREG|0644, st_size=494, ...}, 0) = 0
27    newfstatat(AT_FDCWD</workspace/app>, "/", {st_mode=S_IFDIR|0755, st_size=4096, ...}, 0) = 0
27    openat(AT_FDCWD</workspace/app>, "/etc/nsswitch.conf", O_RDONLY|O_CLOEXEC) = 3</etc/nsswitch.conf>
27    newfstatat(3</etc/nsswitch.conf>, "", {st_mode=S_IFREG|0644, st_size=494, ...}, AT_EMPTY_PATH) = 0
27    newfstatat(3</etc/nsswitch.conf>, "", {st_mode=S_IFREG|0644, st_size=494, ...}, AT_EMPTY_PATH) = 0
27    openat(AT_FDCWD</workspace/app>, "/etc/passwd", O_RDONLY|O_CLOEXEC) = 3</etc/passwd>
27    newfstatat(3</etc/passwd>, "", {st_mode=S_IFREG|0644, st_size=878, ...}, AT_EMPTY_PATH) = 0
27    openat(AT_FDCWD</workspace/app>, "/chain/golden_stage3.sh", O_RDONLY) = 3</chain/golden_stage3.sh>
27    newfstatat(AT_FDCWD</workspace/app>, "/chain/golden_stage3.sh", {st_mode=S_IFREG|0775, st_size=878, ...}, 0) = 0
27    newfstatat(255</chain/golden_stage3.sh>, "", {st_mode=S_IFREG|0775, st_size=878, ...}, AT_EMPTY_PATH) = 0
27    newfstatat(AT_FDCWD</workspace/app>, "/workspace", {st_mode=S_IFDIR|0755, st_size=4096, ...}, 0) = 0
27    newfstatat(AT_FDCWD</workspace/app>, "/workspace/app", {st_mode=S_IFDIR|0775, st_size=4096, ...}, 0) = 0
27    chdir("/workspace/app")           = 0
27    newfstatat(AT_FDCWD</workspace/app>, ".", {st_mode=S_IFDIR|0775, st_size=4096, ...}, 0) = 0
27    newfstatat(AT_FDCWD</workspace/app>, "/usr/local/sbin/python3", 0x7ffe80c31f40, 0) = -1 ENOENT (No such file or directory)
27    newfstatat(AT_FDCWD</workspace/app>, "/usr/local/bin/python3", 0x7ffe80c31f40, 0) = -1 ENOENT (No such file or directory)
27    newfstatat(AT_FDCWD</workspace/app>, "/usr/sbin/python3", 0x7ffe80c31f40, 0) = -1 ENOENT (No such file or directory)
27    newfstatat(AT_FDCWD</workspace/app>, "/usr/bin/python3", {st_mode=S_IFREG|0755, st_size=6834488, ...}, 0) = 0
27    newfstatat(AT_FDCWD</workspace/app>, "/usr/bin/python3", {st_mode=S_IFREG|0755, st_size=6834488, ...}, 0) = 0
27    access("/usr/bin/python3", X_OK)  = 0
27    newfstatat(AT_FDCWD</workspace/app>, "/usr/bin/python3", {st_mode=S_IFREG|0755, st_size=6834488, ...}, 0) = 0
27    access("/usr/bin/python3", R_OK)  = 0
27    clone(child_stack=NULL, flags=CLONE_CHILD_CLEARTID|CLONE_CHILD_SETTID|SIGCHLD, child_tidptr=0x7f8a25927a10) = 28
27    wait4(-1,  <unfinished ...>
28    execve("/usr/bin/python3", ["python3"], 0x55a322bd4120 /* 13 vars */) = 0
28    access("/etc/ld.so.preload", R_OK) = -1 ENOENT (No such file or directory)
28    openat(AT_FDCWD</workspace/app>, "/etc/ld.so.cache", O_RDONLY|O_CLOEXEC) = 3</etc/ld.so.cache>
28    newfstatat(3</etc/ld.so.cache>, "", {st_mode=S_IFREG|0644, st_size=8943, ...}, AT_EMPTY_PATH) = 0
28    openat(AT_FDCWD</workspace/app>, "/lib/x86_64-linux-gnu/libm.so.6", O_RDONLY|O_CLOEXEC) = 3</usr/lib/x86_64-linux-gnu/libm.so.6>
28    newfstatat(3</usr/lib/x86_64-linux-gnu/libm.so.6>, "", {st_mode=S_IFREG|0644, st_size=911904, ...}, AT_EMPTY_PATH) = 0
28    openat(AT_FDCWD</workspace/app>, "/lib/x86_64-linux-gnu/libz.so.1", O_RDONLY|O_CLOEXEC) = 3</usr/lib/x86_64-linux-gnu/libz.so.1.2.13>
28    newfstatat(3</usr/lib/x86_64-linux-gnu/libz.so.1.2.13>, "", {st_mode=S_IFREG|0644, st_size=121280, ...}, AT_EMPTY_PATH) = 0
28    openat(AT_FDCWD</workspace/app>, "/lib/x86_64-linux-gnu/libexpat.so.1", O_RDONLY|O_CLOEXEC) = 3</usr/lib/x86_64-linux-gnu/libexpat.so.1.8.10>
28    newfstatat(3</usr/lib/x86_64-linux-gnu/libexpat.so.1.8.10>, "", {st_mode=S_IFREG|0644, st_size=174184, ...}, AT_EMPTY_PATH) = 0
28    openat(AT_FDCWD</workspace/app>, "/lib/x86_64-linux-gnu/libc.so.6", O_RDONLY|O_CLOEXEC) = 3</usr/lib/x86_64-linux-gnu/libc.so.6>
28    newfstatat(3</usr/lib/x86_64-linux-gnu/libc.so.6>, "", {st_mode=S_IFREG|0755, st_size=1926232, ...}, AT_EMPTY_PATH) = 0
28    openat(AT_FDCWD</workspace/app>, "/usr/lib/locale/locale-archive", O_RDONLY|O_CLOEXEC) = -1 ENOENT (No such file or directory)
28    openat(AT_FDCWD</workspace/app>, "/usr/share/locale/locale.alias", O_RDONLY|O_CLOEXEC) = -1 ENOENT (No such file or directory)
28    openat(AT_FDCWD</workspace/app>, "/usr/lib/locale/C.UTF-8/LC_CTYPE", O_RDONLY|O_CLOEXEC) = -1 ENOENT (No such file or directory)
28    openat(AT_FDCWD</workspace/app>, "/usr/lib/locale/C.utf8/LC_CTYPE", O_RDONLY|O_CLOEXEC) = 3</usr/lib/locale/C.utf8/LC_CTYPE>
28    newfstatat(3</usr/lib/locale/C.utf8/LC_CTYPE>, "", {st_mode=S_IFREG|0644, st_size=353616, ...}, AT_EMPTY_PATH) = 0
28    openat(AT_FDCWD</workspace/app>, "/usr/lib/x86_64-linux-gnu/gconv/gconv-modules.cache", O_RDONLY) = 3</usr/lib/x86_64-linux-gnu/gconv/gconv-modules.cache>
28    newfstatat(3</usr/lib/x86_64-linux-gnu/gconv/gconv-modules.cache>, "", {st_mode=S_IFREG|0644, st_size=27028, ...}, AT_EMPTY_PATH) = 0
28    newfstatat(AT_FDCWD</workspace/app>, "/usr/local/sbin/python3", 0x7fff3622e640, 0) = -1 ENOENT (No such file or directory)
28    newfstatat(AT_FDCWD</workspace/app>, "/usr/local/bin/python3", 0x7fff3622e640, 0) = -1 ENOENT (No such file or directory)
28    newfstatat(AT_FDCWD</workspace/app>, "/usr/sbin/python3", 0x7fff3622e640, 0) = -1 ENOENT (No such file or directory)
28    newfstatat(AT_FDCWD</workspace/app>, "/usr/bin/python3", {st_mode=S_IFREG|0755, st_size=6834488, ...}, 0) = 0
28    openat(AT_FDCWD</workspace/app>, "/usr/pyvenv.cfg", O_RDONLY) = -1 ENOENT (No such file or directory)
28    openat(AT_FDCWD</workspace/app>, "/usr/bin/pyvenv.cfg", O_RDONLY) = -1 ENOENT (No such file or directory)
28    readlink("/usr/bin/python3", "python3.11", 4096) = 10
28    readlink("/usr/bin/python3.11", 0x7fff36229670, 4096) = -1 EINVAL (Invalid argument)
28    openat(AT_FDCWD</workspace/app>, "/usr/bin/python3._pth", O_RDONLY) = -1 ENOENT (No such file or directory)
28    openat(AT_FDCWD</workspace/app>, "/usr/bin/python3.11._pth", O_RDONLY) = -1 ENOENT (No such file or directory)
28    openat(AT_FDCWD</workspace/app>, "/usr/bin/pybuilddir.txt", O_RDONLY) = -1 ENOENT (No such file or directory)
28    newfstatat(AT_FDCWD</workspace/app>, "/usr/bin/Modules/Setup.local", 0x7fff3622e640, 0) = -1 ENOENT (No such file or directory)
28    newfstatat(AT_FDCWD</workspace/app>, "/usr/bin/lib/python311.zip", 0x7fff3622e410, 0) = -1 ENOENT (No such file or directory)
28    newfstatat(AT_FDCWD</workspace/app>, "/usr/lib/python311.zip", 0x7fff3622e410, 0) = -1 ENOENT (No such file or directory)
28    newfstatat(AT_FDCWD</workspace/app>, "/usr/bin/lib/python3.11/os.py", 0x7fff3622e260, 0) = -1 ENOENT (No such file or directory)
28    newfstatat(AT_FDCWD</workspace/app>, "/usr/bin/lib/python3.11/os.pyc", 0x7fff3622e260, 0) = -1 ENOENT (No such file or directory)
28    newfstatat(AT_FDCWD</workspace/app>, "/usr/lib/python3.11/os.py", {st_mode=S_IFREG|0644, st_size=39504, ...}, 0) = 0
28    newfstatat(AT_FDCWD</workspace/app>, "/usr/bin/lib/python3.11/lib-dynload", 0x7fff3622e410, 0) = -1 ENOENT (No such file or directory)
28    newfstatat(AT_FDCWD</workspace/app>, "/usr/lib/python3.11/lib-dynload", {st_mode=S_IFDIR|0755, st_size=4096, ...}, 0) = 0
28    newfstatat(AT_FDCWD</workspace/app>, "/usr/lib/python3.11/lib-dynload", {st_mode=S_IFDIR|0755, st_size=4096, ...}, 0) = 0
28    openat(AT_FDCWD</workspace/app>, "/etc/localtime", O_RDONLY|O_CLOEXEC) = 3</usr/share/zoneinfo/Etc/UTC>
28    newfstatat(3</usr/share/zoneinfo/Etc/UTC>, "", {st_mode=S_IFREG|0644, st_size=114, ...}, AT_EMPTY_PATH) = 0
28    newfstatat(3</usr/share/zoneinfo/Etc/UTC>, "", {st_mode=S_IFREG|0644, st_size=114, ...}, AT_EMPTY_PATH) = 0
28    newfstatat(AT_FDCWD</workspace/app>, "/usr/lib/python311.zip", 0x7fff3622dea0, 0) = -1 ENOENT (No such file or directory)
28    newfstatat(AT_FDCWD</workspace/app>, "/usr/lib", {st_mode=S_IFDIR|0755, st_size=4096, ...}, 0) = 0
28    newfstatat(AT_FDCWD</workspace/app>, "/usr/lib/python311.zip", 0x7fff3622e170, 0) = -1 ENOENT (No such file or directory)
28    newfstatat(AT_FDCWD</workspace/app>, "/usr/lib/python3.11", {st_mode=S_IFDIR|0755, st_size=4096, ...}, 0) = 0
28    newfstatat(AT_FDCWD</workspace/app>, "/usr/lib/python3.11", {st_mode=S_IFDIR|0755, st_size=4096, ...}, 0) = 0
28    newfstatat(AT_FDCWD</workspace/app>, "/usr/lib/python3.11", {st_mode=S_IFDIR|0755, st_size=4096, ...}, 0) = 0
28    openat(AT_FDCWD</workspace/app>, "/usr/lib/python3.11", O_RDONLY|O_NONBLOCK|O_CLOEXEC|O_DIRECTORY) = 3</usr/lib/python3.11>
28    newfstatat(3</usr/lib/python3.11>, "", {st_mode=S_IFDIR|0755, st_size=4096, ...}, AT_EMPTY_PATH) = 0
28    newfstatat(AT_FDCWD</workspace/app>, "/usr/lib/python3.11/encodings/__init__.cpython-311-x86_64-linux-gnu.so", 0x7fff3622e170, 0) = -1 ENOENT (No such file or directory)
28    newfstatat(AT_FDCWD</workspace/app>, "/usr/lib/python3.11/encodings/__init__.abi3.so", 0x7fff3622e1c0, 0) = -1 ENOENT (No such file or directory)
28    newfstatat(AT_FDCWD</workspace/app>, "/usr/lib/python3.11/encodings/__init__.so", 0x7fff3622e1c0, 0) = -1 ENOENT (No such file or directory)
28    newfstatat(AT_FDCWD</workspace/app>, "/usr/lib/python3.11/encodings/__init__.py", {st_mode=S_IFREG|0644, st_size=5884, ...}, 0) = 0
28    newfstatat(AT_FDCWD</workspace/app>, "/usr/lib/python3.11/encodings/__init__.py", {st_mode=S_IFREG|0644, st_size=5884, ...}, 0) = 0
28    openat(AT_FDCWD</workspace/app>, "/usr/lib/python3.11/encodings/__pycache__/__init__.cpython-311.pyc", O_RDONLY|O_CLOEXEC) = 3</usr/lib/python3.11/encodings/__pycache__/__init__.cpython-311.pyc>
28    newfstatat(3</usr/lib/python3.11/encodings/__pycache__/__init__.cpython-311.pyc>, "", {st_mode=S_IFREG|0644, st_size=6457, ...}, AT_EMPTY_PATH) = 0
28    newfstatat(3</usr/lib/python3.11/encodings/__pycache__/__init__.cpython-311.pyc>, "", {st_mode=S_IFREG|0644, st_size=6457, ...}, AT_EMPTY_PATH) = 0
28    newfstatat(AT_FDCWD</workspace/app>, "/usr/lib/python3.11/encodings", {st_mode=S_IFDIR|0755, st_size=4096, ...}, 0) = 0
28    newfstatat(AT_FDCWD</workspace/app>, "/usr/lib/python3.11/encodings", {st_mode=S_IFDIR|0755, st_size=4096, ...}, 0) = 0
28    newfstatat(AT_FDCWD</workspace/app>, "/usr/lib/python3.11/encodings", {st_mode=S_IFDIR|0755, st_size=4096, ...}, 0) = 0
28    openat(AT_FDCWD</workspace/app>, "/usr/lib/python3.11/encodings", O_RDONLY|O_NONBLOCK|O_CLOEXEC|O_DIRECTORY) = 3</usr/lib/python3.11/encodings>
28    newfstatat(3</usr/lib/python3.11/encodings>, "", {st_mode=S_IFDIR|0755, st_size=4096, ...}, AT_EMPTY_PATH) = 0
28    newfstatat(AT_FDCWD</workspace/app>, "/usr/lib/python3.11/encodings/aliases.py", {st_mode=S_IFREG|0644, st_size=15677, ...}, 0) = 0
28    newfstatat(AT_FDCWD</workspace/app>, "/usr/lib/python3.11/encodings/aliases.py", {st_mode=S_IFREG|0644, st_size=15677, ...}, 0) = 0
28    openat(AT_FDCWD</workspace/app>, "/usr/lib/python3.11/encodings/__pycache__/aliases.cpython-311.pyc", O_RDONLY|O_CLOEXEC) = 3</usr/lib/python3.11/encodings/__pycache__/aliases.cpython-311.pyc>
28    newfstatat(3</usr/lib/python3.11/encodings/__pycache__/aliases.cpython-311.pyc>, "", {st_mode=S_IFREG|0644, st_size=12647, ...}, AT_EMPTY_PATH) = 0
28    newfstatat(3</usr/lib/python3.11/encodings/__pycache__/aliases.cpython-311.pyc>, "", {st_mode=S_IFREG|0644, st_size=12647, ...}, AT_EMPTY_PATH) = 0
28    newfstatat(AT_FDCWD</workspace/app>, "/usr/lib/python3.11/encodings", {st_mode=S_IFDIR|0755, st_size=4096, ...}, 0) = 0
28    newfstatat(AT_FDCWD</workspace/app>, "/usr/lib/python3.11/encodings/utf_8.py", {st_mode=S_IFREG|0644, st_size=1005, ...}, 0) = 0
28    newfstatat(AT_FDCWD</workspace/app>, "/usr/lib/python3.11/encodings/utf_8.py", {st_mode=S_IFREG|0644, st_size=1005, ...}, 0) = 0
28    openat(AT_FDCWD</workspace/app>, "/usr/lib/python3.11/encodings/__pycache__/utf_8.cpython-311.pyc", O_RDONLY|O_CLOEXEC) = 3</usr/lib/python3.11/encodings/__pycache__/utf_8.cpython-311.pyc>
28    newfstatat(3</usr/lib/python3.11/encodings/__pycache__/utf_8.cpython-311.pyc>, "", {st_mode=S_IFREG|0644, st_size=2316, ...}, AT_EMPTY_PATH) = 0
28    newfstatat(3</usr/lib/python3.11/encodings/__pycache__/utf_8.cpython-311.pyc>, "", {st_mode=S_IFREG|0644, st_size=2316, ...}, AT_EMPTY_PATH) = 0
28    newfstatat(0<pipe:[99125]>, "", {st_mode=S_IFIFO|0600, st_size=0, ...}, AT_EMPTY_PATH) = 0
28    newfstatat(0<pipe:[99125]>, "", {st_mode=S_IFIFO|0600, st_size=0, ...}, AT_EMPTY_PATH) = 0
28    newfstatat(1</evidence/actor_stdout.log>, "", {st_mode=S_IFREG|0644, st_size=127, ...}, AT_EMPTY_PATH) = 0
28    newfstatat(2</evidence/actor_stderr.log>, "", {st_mode=S_IFREG|0644, st_size=0, ...}, AT_EMPTY_PATH) = 0
28    newfstatat(AT_FDCWD</workspace/app>, "/usr/bin/pyvenv.cfg", 0x7fff3622dfa0, 0) = -1 ENOENT (No such file or directory)
28    newfstatat(AT_FDCWD</workspace/app>, "/usr/pyvenv.cfg", 0x7fff3622dfa0, 0) = -1 ENOENT (No such file or directory)
28    newfstatat(AT_FDCWD</workspace/app>, "/root/.local/lib/python3.11/site-packages", 0x7fff3622dfa0, 0) = -1 ENOENT (No such file or directory)
28    newfstatat(AT_FDCWD</workspace/app>, "/usr/local/lib/python3.11/dist-packages", {st_mode=S_IFDIR|0755, st_size=4096, ...}, 0) = 0
28    openat(AT_FDCWD</workspace/app>, "/usr/local/lib/python3.11/dist-packages", O_RDONLY|O_NONBLOCK|O_CLOEXEC|O_DIRECTORY) = 3</usr/local/lib/python3.11/dist-packages>
28    newfstatat(3</usr/local/lib/python3.11/dist-packages>, "", {st_mode=S_IFDIR|0755, st_size=4096, ...}, AT_EMPTY_PATH) = 0
28    newfstatat(AT_FDCWD</workspace/app>, "/usr/lib/python3/dist-packages", {st_mode=S_IFDIR|0755, st_size=4096, ...}, 0) = 0
28    openat(AT_FDCWD</workspace/app>, "/usr/lib/python3/dist-packages", O_RDONLY|O_NONBLOCK|O_CLOEXEC|O_DIRECTORY) = 3</usr/lib/python3/dist-packages>
28    newfstatat(3</usr/lib/python3/dist-packages>, "", {st_mode=S_IFDIR|0755, st_size=4096, ...}, AT_EMPTY_PATH) = 0
28    openat(AT_FDCWD</workspace/app>, "/usr/lib/python3/dist-packages/distutils-precedence.pth", O_RDONLY|O_CLOEXEC) = 3</usr/lib/python3/dist-packages/distutils-precedence.pth>
28    newfstatat(3</usr/lib/python3/dist-packages/distutils-precedence.pth>, "", {st_mode=S_IFREG|0644, st_size=151, ...}, AT_EMPTY_PATH) = 0
28    newfstatat(AT_FDCWD</workspace/app>, "/usr/lib/python3.11", {st_mode=S_IFDIR|0755, st_size=4096, ...}, 0) = 0
28    newfstatat(AT_FDCWD</workspace/app>, "/usr/lib/python3.11/lib-dynload", {st_mode=S_IFDIR|0755, st_size=4096, ...}, 0) = 0
28    newfstatat(AT_FDCWD</workspace/app>, "/usr/lib/python3.11/lib-dynload", {st_mode=S_IFDIR|0755, st_size=4096, ...}, 0) = 0
28    newfstatat(AT_FDCWD</workspace/app>, "/usr/lib/python3.11/lib-dynload", {st_mode=S_IFDIR|0755, st_size=4096, ...}, 0) = 0
28    openat(AT_FDCWD</workspace/app>, "/usr/lib/python3.11/lib-dynload", O_RDONLY|O_NONBLOCK|O_CLOEXEC|O_DIRECTORY) = 4</usr/lib/python3.11/lib-dynload>
28    newfstatat(4</usr/lib/python3.11/lib-dynload>, "", {st_mode=S_IFDIR|0755, st_size=4096, ...}, AT_EMPTY_PATH) = 0
28    newfstatat(AT_FDCWD</workspace/app>, "/usr/local/lib/python3.11/dist-packages", {st_mode=S_IFDIR|0755, st_size=4096, ...}, 0) = 0
28    newfstatat(AT_FDCWD</workspace/app>, "/usr/local/lib/python3.11/dist-packages", {st_mode=S_IFDIR|0755, st_size=4096, ...}, 0) = 0
28    newfstatat(AT_FDCWD</workspace/app>, "/usr/local/lib/python3.11/dist-packages", {st_mode=S_IFDIR|0755, st_size=4096, ...}, 0) = 0
28    openat(AT_FDCWD</workspace/app>, "/usr/local/lib/python3.11/dist-packages", O_RDONLY|O_NONBLOCK|O_CLOEXEC|O_DIRECTORY) = 4</usr/local/lib/python3.11/dist-packages>
28    newfstatat(4</usr/local/lib/python3.11/dist-packages>, "", {st_mode=S_IFDIR|0755, st_size=4096, ...}, AT_EMPTY_PATH) = 0
28    newfstatat(AT_FDCWD</workspace/app>, "/usr/lib/python3/dist-packages", {st_mode=S_IFDIR|0755, st_size=4096, ...}, 0) = 0
28    newfstatat(AT_FDCWD</workspace/app>, "/usr/lib/python3/dist-packages", {st_mode=S_IFDIR|0755, st_size=4096, ...}, 0) = 0
28    newfstatat(AT_FDCWD</workspace/app>, "/usr/lib/python3/dist-packages", {st_mode=S_IFDIR|0755, st_size=4096, ...}, 0) = 0
28    openat(AT_FDCWD</workspace/app>, "/usr/lib/python3/dist-packages", O_RDONLY|O_NONBLOCK|O_CLOEXEC|O_DIRECTORY) = 4</usr/lib/python3/dist-packages>
28    newfstatat(4</usr/lib/python3/dist-packages>, "", {st_mode=S_IFDIR|0755, st_size=4096, ...}, AT_EMPTY_PATH) = 0
28    newfstatat(AT_FDCWD</workspace/app>, "/usr/lib/python3/dist-packages/_distutils_hack/__init__.cpython-311-x86_64-linux-gnu.so", 0x7fff3622d800, 0) = -1 ENOENT (No such file or directory)
28    newfstatat(AT_FDCWD</workspace/app>, "/usr/lib/python3/dist-packages/_distutils_hack/__init__.abi3.so", 0x7fff3622d800, 0) = -1 ENOENT (No such file or directory)
28    newfstatat(AT_FDCWD</workspace/app>, "/usr/lib/python3/dist-packages/_distutils_hack/__init__.so", 0x7fff3622d800, 0) = -1 ENOENT (No such file or directory)
28    newfstatat(AT_FDCWD</workspace/app>, "/usr/lib/python3/dist-packages/_distutils_hack/__init__.py", {st_mode=S_IFREG|0644, st_size=6128, ...}, 0) = 0
28    newfstatat(AT_FDCWD</workspace/app>, "/usr/lib/python3/dist-packages/_distutils_hack/__init__.py", {st_mode=S_IFREG|0644, st_size=6128, ...}, 0) = 0
28    openat(AT_FDCWD</workspace/app>, "/usr/lib/python3/dist-packages/_distutils_hack/__pycache__/__init__.cpython-311.pyc", O_RDONLY|O_CLOEXEC) = 4</usr/lib/python3/dist-packages/_distutils_hack/__pycache__/__init__.cpython-311.pyc>
28    newfstatat(4</usr/lib/python3/dist-packages/_distutils_hack/__pycache__/__init__.cpython-311.pyc>, "", {st_mode=S_IFREG|0644, st_size=11132, ...}, AT_EMPTY_PATH) = 0
28    newfstatat(4</usr/lib/python3/dist-packages/_distutils_hack/__pycache__/__init__.cpython-311.pyc>, "", {st_mode=S_IFREG|0644, st_size=11132, ...}, AT_EMPTY_PATH) = 0
28    newfstatat(AT_FDCWD</workspace/app>, "/usr/lib/python3.11/dist-packages", 0x7fff3622dfa0, 0) = -1 ENOENT (No such file or directory)
28    newfstatat(AT_FDCWD</workspace/app>, "/usr/lib/python3.11", {st_mode=S_IFDIR|0755, st_size=4096, ...}, 0) = 0
28    newfstatat(AT_FDCWD</workspace/app>, "/usr/lib/python3.11/sitecustomize.py", {st_mode=S_IFREG|0644, st_size=155, ...}, 0) = 0
28    newfstatat(AT_FDCWD</workspace/app>, "/usr/lib/python3.11/sitecustomize.py", {st_mode=S_IFREG|0644, st_size=155, ...}, 0) = 0
28    openat(AT_FDCWD</workspace/app>, "/usr/lib/python3.11/__pycache__/sitecustomize.cpython-311.pyc", O_RDONLY|O_CLOEXEC) = 3</usr/lib/python3.11/__pycache__/sitecustomize.cpython-311.pyc>
28    newfstatat(3</usr/lib/python3.11/__pycache__/sitecustomize.cpython-311.pyc>, "", {st_mode=S_IFREG|0644, st_size=334, ...}, AT_EMPTY_PATH) = 0
28    newfstatat(3</usr/lib/python3.11/__pycache__/sitecustomize.cpython-311.pyc>, "", {st_mode=S_IFREG|0644, st_size=334, ...}, AT_EMPTY_PATH) = 0
28    newfstatat(AT_FDCWD</workspace/app>, "/usr/lib/python3.11", {st_mode=S_IFDIR|0755, st_size=4096, ...}, 0) = 0
28    newfstatat(AT_FDCWD</workspace/app>, "/usr/lib/python3.11/lib-dynload", {st_mode=S_IFDIR|0755, st_size=4096, ...}, 0) = 0
28    newfstatat(AT_FDCWD</workspace/app>, "/usr/local/lib/python3.11/dist-packages", {st_mode=S_IFDIR|0755, st_size=4096, ...}, 0) = 0
28    newfstatat(AT_FDCWD</workspace/app>, "/usr/lib/python3/dist-packages", {st_mode=S_IFDIR|0755, st_size=4096, ...}, 0) = 0
28    newfstatat(AT_FDCWD</workspace/app>, "/usr/lib/python3.11", {st_mode=S_IFDIR|0755, st_size=4096, ...}, 0) = 0
28    newfstatat(AT_FDCWD</workspace/app>, "/usr/lib/python3.11/lib-dynload", {st_mode=S_IFDIR|0755, st_size=4096, ...}, 0) = 0
28    newfstatat(AT_FDCWD</workspace/app>, "/usr/local/lib/python3.11/dist-packages", {st_mode=S_IFDIR|0755, st_size=4096, ...}, 0) = 0
28    newfstatat(AT_FDCWD</workspace/app>, "/usr/lib/python3/dist-packages", {st_mode=S_IFDIR|0755, st_size=4096, ...}, 0) = 0
28    readlink("", 0x7fff3621dc80, 4096) = -1 ENOENT (No such file or directory)
28    newfstatat(0<pipe:[99125]>, "", {st_mode=S_IFIFO|0600, st_size=0, ...}, AT_EMPTY_PATH) = 0
28    openat(AT_FDCWD</workspace/app>, "15Flask/day04/cart_options/views.py", O_RDONLY|O_CLOEXEC) = 3</workspace/app/15Flask/day04/cart_options/views.py>
28    newfstatat(3</workspace/app/15Flask/day04/cart_options/views.py>, "", {st_mode=S_IFREG|0644, st_size=630, ...}, AT_EMPTY_PATH) = 0
28    newfstatat(3</workspace/app/15Flask/day04/cart_options/views.py>, "", {st_mode=S_IFREG|0644, st_size=630, ...}, AT_EMPTY_PATH) = 0
28    openat(AT_FDCWD</workspace/app>, "15Flask/day04/cart_options/views.py", O_WRONLY|O_CREAT|O_TRUNC|O_CLOEXEC, 0666) = 3</workspace/app/15Flask/day04/cart_options/views.py>
28    newfstatat(3</workspace/app/15Flask/day04/cart_options/views.py>, "", {st_mode=S_IFREG|0644, st_size=0, ...}, AT_EMPTY_PATH) = 0
28    exit_group(0)                     = ?
28    +++ exited with 0 +++
27    <... wait4 resumed>[{WIFEXITED(s) && WEXITSTATUS(s) == 0}], 0, NULL) = 28
27    --- SIGCHLD {si_signo=SIGCHLD, si_code=CLD_EXITED, si_pid=28, si_uid=0, si_status=0, si_utime=1 /* 0.01 s */, si_stime=0} ---
27    wait4(-1, 0x7ffe80c319d0, WNOHANG, NULL) = -1 ECHILD (No child processes)
27    exit_group(0)                     = ?
27    +++ exited with 0 +++
14    <... wait4 resumed>[{WIFEXITED(s) && WEXITSTATUS(s) == 0}], 0, NULL) = 27
14    --- SIGCHLD {si_signo=SIGCHLD, si_code=CLD_EXITED, si_pid=27, si_uid=0, si_status=0, si_utime=0, si_stime=0} ---
14    wait4(-1, 0x7ffc819338d0, WNOHANG, NULL) = -1 ECHILD (No child processes)
14    newfstatat(1</evidence/actor_stdout.log>, "", {st_mode=S_IFREG|0644, st_size=187, ...}, AT_EMPTY_PATH) = 0
14    exit_group(0)                     = ?
14    +++ exited with 0 +++
13    --- SIGCHLD {si_signo=SIGCHLD, si_code=CLD_EXITED, si_pid=14, si_uid=0, si_status=0, si_utime=1 /* 0.01 s */, si_stime=0} ---
13    wait4(14, [{WIFEXITED(s) && WEXITSTATUS(s) == 0}], WNOHANG, NULL) = 14
13    exit_group(0)                     = ?
13    +++ exited with 0 +++
