13    execve("/usr/bin/timeout", ["timeout", "600", "bash", "-c", "bash /chain/golden_stage1.sh /workspace/app/HaoZhang95_Python24 && bash /chain/golden_stage2.sh /workspace/app/HaoZhang95_Python24 && bash /chain/golden_stage3.sh /workspace/app/HaoZhang95_Python24"], 0x7ffc4566f820 /* 12 vars */) = 0
13    access("/etc/ld.so.preload", R_OK) = -1 ENOENT (No such file or directory)
13    openat(AT_FDCWD</workspace>, "/etc/ld.so.cache", O_RDONLY|O_CLOEXEC) = 3</etc/ld.so.cache>
13    newfstatat(3</etc/ld.so.cache>, "", {st_mode=S_IFREG|0644, st_size=8943, ...}, AT_EMPTY_PATH) = 0
13    openat(AT_FDCWD</workspace>, "/lib/x86_64-linux-gnu/libc.so.6", O_RDONLY|O_CLOEXEC) = 3</usr/lib/x86_64-linux-gnu/libc.so.6>
13    newfstatat(3</usr/lib/x86_64-linux-gnu/libc.so.6>, "", {st_mode=S_IFREG|0755, st_size=1926232, ...}, AT_EMPTY_PATH) = 0
13    clone(child_stack=NULL, flags=CLONE_CHILD_CLEARTID|CLONE_CHILD_SETTID|SIGCHLD, child_tidptr=0x7fa7acfeca10) = 14
13    wait4(14, 0x7fff3b500c8c, WNOHANG, NULL) = 0
14    execve("/usr/local/sbin/bash", ["bash", "-c", "bash /chain/golden_stage1.sh /workspace/app/HaoZhang95_Python24 && bash /chain/golden_stage2.sh /workspace/app/HaoZhang95_Python24 && bash /chain/golden_stage3.sh /workspace/app/HaoZhang95_Python24"], 0x7fff3b500f38 /* 12 vars */) = -1 ENOENT (No such file or directory)
14    execve("/usr/local/bin/bash", ["bash", "-c", "bash /chain/golden_stage1.sh /workspace/app/HaoZhang95_Python24 && bash /chain/golden_stage2.sh /workspace/app/HaoZhang95_Python24 && bash /chain/golden_stage3.sh /workspace/app/HaoZhang95_Python24"], 0x7fff3b500f38 /* 12 vars */) = -1 ENOENT (No such file or directory)
14    execve("/usr/sbin/bash", ["bash", "-c", "bash /chain/golden_stage1.sh /workspace/app/HaoZhang95_Python24 && bash /chain/golden_stage2.sh /workspace/app/HaoZhang95_Python24 && bash /chain/golden_stage3.sh /workspace/app/HaoZhang95_Python24"], 0x7fff3b500f38 /* 12 vars */) = -1 ENOENT (No such file or directory)
14    execve("/usr/bin/bash", ["bash", "-c", "bash /chain/golden_stage1.sh /workspace/app/HaoZhang95_Python24 && bash /chain/golden_stage2.sh /workspace/app/HaoZhang95_Python24 && bash /chain/golden_stage3.sh /workspace/app/HaoZhang95_Python24"], 0x7fff3b500f38 /* 12 vars */) = 0
14    access("/etc/ld.so.preload", R_OK) = -1 ENOENT (No such file or directory)
14    openat(AT_FDCWD</workspace>, "/etc/ld.so.cache", O_RDONLY|O_CLOEXEC) = 3</etc/ld.so.cache>
14    newfstatat(3</etc/ld.so.cache>, "", {st_mode=S_IFREG|0644, st_size=8943, ...}, AT_EMPTY_PATH) = 0
14    openat(AT_FDCWD</workspace>, "/lib/x86_64-linux-gnu/libtinfo.so.6", O_RDONLY|O_CLOEXEC) = 3</usr/lib/x86_64-linux-gnu/libtinfo.so.6.4>
14    newfstatat(3</usr/lib/x86_64-linux-gnu/libtinfo.so.6.4>, "", {st_mode=S_IFREG|0644, st_size=204088, ...}, AT_EMPTY_PATH) = 0
14    openat(AT_FDCWD</workspace>, "/lib/x86_64-linux-gnu/libc.so.6", O_RDONLY|O_CLOEXEC) = 3</usr/lib/x86_64-linux-gnu/libc.so.6>
14    newfstatat(3</usr/lib/x86_64-linux-gnu/libc.so.6>, "", {st_mode=S_IFREG|0755, st_size=1926232, ...}, AT_EMPTY_PATH) = 0
14    openat(AT_FDCWD</workspace>, "/dev/tty", O_RDWR|O_NONBLOCK) = -1 ENXIO (No such device or address)
14    newfstatat(AT_FDCWD</workspace>, "/workspace", {st_mode=S_IFDIR|0755, st_size=4096, ...}, 0) = 0
14    newfstatat(AT_FDCWD</workspace>, ".", {st_mode=S_IFDIR|0755, st_size=4096, ...}, 0) = 0
14    newfstatat(AT_FDCWD</workspace>, "/workspace", {st_mode=S_IFDIR|0755, st_size=4096, ...}, 0) = 0
14    newfstatat(AT_FDCWD</workspace>, ".", {st_mode=S_IFDIR|0755, st_size=4096, ...}, 0) = 0
14    newfstatat(AT_FDCWD</workspace>, "/usr/local/sbin/bash", 0x7ffda63f8e50, 0) = -1 ENOENT (No such file or directory)
14    newfstatat(AT_FDCWD</workspace>, "/usr/local/bin/bash", 0x7ffda63f8e50, 0) = -1 ENOENT (No such file or directory)
14    newfstatat(AT_FDCWD</workspace>, "/usr/sbin/bash", 0x7ffda63f8e50, 0) = -1 ENOENT (No such file or directory)
14    newfstatat(AT_FDCWD</workspace>, "/usr/bin/bash", {st_mode=S_IFREG|0755, st_size=1265648, ...}, 0) = 0
14    newfstatat(AT_FDCWD</workspace>, "/usr/bin/bash", {st_mode=S_IFREG|0755, st_size=1265648, ...}, 0) = 0
14    access("/usr/bin/bash", X_OK)     = 0
14    newfstatat(AT_FDCWD</workspace>, "/usr/bin/bash", {st_mode=S_IFREG|0755, st_size=1265648, ...}, 0) = 0
14    access("/usr/bin/bash", R_OK)     = 0
14    socket(AF_UNIX, SOCK_STREAM|SOCK_CLOEXEC|SOCK_NONBLOCK, 0) = 3<socket:[131119]>
14    connect(3<socket:[131119]>, {sa_family=AF_UNIX, sun_path="/var/run/nscd/socket"}, 110) = -1 ENOENT (No such file or directory)
14    socket(AF_UNIX, SOCK_STREAM|SOCK_CLOEXEC|SOCK_NONBLOCK, 0) = 3<socket:[131120]>
14    connect(3<socket:[131120]>, {sa_family=AF_UNIX, sun_path="/var/run/nscd/socket"}, 110) = -1 ENOENT (No such file or directory)
14    newfstatat(AT_FDCWD</workspace>, "/etc/nsswitch.conf", {st_mode=S_IFREG|0644, st_size=494, ...}, 0) = 0
14    newfstatat(AT_FDCWD</workspace>, "/", {st_mode=S_IFDIR|0755, st_size=4096, ...}, 0) = 0
14    openat(AT_FDCWD</workspace>, "/etc/nsswitch.conf", O_RDONLY|O_CLOEXEC) = 3</etc/nsswitch.conf>
14    newfstatat(3</etc/nsswitch.conf>, "", {st_mode=S_IFREG|0644, st_size=494, ...}, AT_EMPTY_PATH) = 0
14    newfstatat(3</etc/nsswitch.conf>, "", {st_mode=S_IFREG|0644, st_size=494, ...}, AT_EMPTY_PATH) = 0
14    openat(AT_FDCWD</workspace>, "/etc/passwd", O_RDONLY|O_CLOEXEC) = 3</etc/passwd>
14    newfstatat(3</etc/passwd>, "", {st_mode=S_IFREG|0644, st_size=878, ...}, AT_EMPTY_PATH) = 0
14    getpeername(0</dev/null>, 0x7ffda63f9240, [16]) = -1 ENOTSOCK (Socket operation on non-socket)
14    newfstatat(AT_FDCWD</workspace>, ".", {st_mode=S_IFDIR|0755, st_size=4096, ...}, 0) = 0
14    newfstatat(AT_FDCWD</workspace>, "/usr/local/sbin/bash", 0x7ffda63f8a80, 0) = -1 ENOENT (No such file or directory)
14    newfstatat(AT_FDCWD</workspace>, "/usr/local/bin/bash", 0x7ffda63f8a80, 0) = -1 ENOENT (No such file or directory)
14    newfstatat(AT_FDCWD</workspace>, "/usr/sbin/bash", 0x7ffda63f8a80, 0) = -1 ENOENT (No such file or directory)
14    newfstatat(AT_FDCWD</workspace>, "/usr/bin/bash", {st_mode=S_IFREG|0755, st_size=1265648, ...}, 0) = 0
14    newfstatat(AT_FDCWD</workspace>, "/usr/bin/bash", {st_mode=S_IFREG|0755, st_size=1265648, ...}, 0) = 0
14    access("/usr/bin/bash", X_OK)     = 0
14    newfstatat(AT_FDCWD</workspace>, "/usr/bin/bash", {st_mode=S_IFREG|0755, st_size=1265648, ...}, 0) = 0
14    access("/usr/bin/bash", R_OK)     = 0
14    clone(child_stack=NULL, flags=CLONE_CHILD_CLEARTID|CLONE_CHILD_SETTID|SIGCHLD, child_tidptr=0x7f33930c9a10) = 15
14    wait4(-1,  <unfinished ...>
15    execve("/usr/bin/bash", ["bash", "/chain/golden_stage1.sh", "/workspace/app/HaoZhang95_Python24"], 0x55fb597e6c00 /* 12 vars */) = 0
15    access("/etc/ld.so.preload", R_OK) = -1 ENOENT (No such file or directory)
15    openat(AT_FDCWD</workspace>, "/etc/ld.so.cache", O_RDONLY|O_CLOEXEC) = 3</etc/ld.so.cache>
15    newfstatat(3</etc/ld.so.cache>, "", {st_mode=S_IFREG|0644, st_size=8943, ...}, AT_EMPTY_PATH) = 0
15    openat(AT_FDCWD</workspace>, "/lib/x86_64-linux-gnu/libtinfo.so.6", O_RDONLY|O_CLOEXEC) = 3</usr/lib/x86_64-linux-gnu/libtinfo.so.6.4>
15    newfstatat(3</usr/lib/x86_64-linux-gnu/libtinfo.so.6.4>, "", {st_mode=S_IFREG|0644, st_size=204088, ...}, AT_EMPTY_PATH) = 0
15    openat(AT_FDCWD</workspace>, "/lib/x86_64-linux-gnu/libc.so.6", O_RDONLY|O_CLOEXEC) = 3</usr/lib/x86_64-linux-gnu/libc.so.6>
15    newfstatat(3</usr/lib/x86_64-linux-gnu/libc.so.6>, "", {st_mode=S_IFREG|0755, st_size=1926232, ...}, AT_EMPTY_PATH) = 0
15    openat(AT_FDCWD</workspace>, "/dev/tty", O_RDWR|O_NONBLOCK) = -1 ENXIO (No such device or address)
15    newfstatat(AT_FDCWD</workspace>, "/workspace", {st_mode=S_IFDIR|0755, st_size=4096, ...}, 0) = 0
15    newfstatat(AT_FDCWD</workspace>, ".", {st_mode=S_IFDIR|0755, st_size=4096, ...}, 0) = 0
15    newfstatat(AT_FDCWD</workspace>, "/workspace", {st_mode=S_IFDIR|0755, st_size=4096, ...}, 0) = 0
15    newfstatat(AT_FDCWD</workspace>, ".", {st_mode=S_IFDIR|0755, st_size=4096, ...}, 0) = 0
15    newfstatat(AT_FDCWD</workspace>, "/usr/local/sbin/bash", 0x7ffdbb11f5d0, 0) = -1 ENOENT (No such file or directory)
15    newfstatat(AT_FDCWD</workspace>, "/usr/local/bin/bash", 0x7ffdbb11f5d0, 0) = -1 ENOENT (No such file or directory)
15    newfstatat(AT_FDCWD</workspace>, "/usr/sbin/bash", 0x7ffdbb11f5d0, 0) = -1 ENOENT (No such file or directory)
15    newfstatat(AT_FDCWD</workspace>, "/usr/bin/bash", {st_mode=S_IFREG|0755, st_size=1265648, ...}, 0) = 0
15    newfstatat(AT_FDCWD</workspace>, "/usr/bin/bash", {st_mode=S_IFREG|0755, st_size=1265648, ...}, 0) = 0
15    access("/usr/bin/bash", X_OK)     = 0
15    newfstatat(AT_FDCWD</workspace>, "/usr/bin/bash", {st_mode=S_IFREG|0755, st_size=1265648, ...}, 0) = 0
15    access("/usr/bin/bash", R_OK)     = 0
15    socket(AF_UNIX, SOCK_STREAM|SOCK_CLOEXEC|SOCK_NONBLOCK, 0) = 3<socket:[114236]>
15    connect(3<socket:[114236]>, {sa_family=AF_UNIX, sun_path="/var/run/nscd/socket"}, 110) = -1 ENOENT (No such file or directory)
15    socket(AF_UNIX, SOCK_STREAM|SOCK_CLOEXEC|SOCK_NONBLOCK, 0) = 3<socket:[114237]>
15    connect(3<socket:[114237]>, {sa_family=AF_UNIX, sun_path="/var/run/nscd/socket"}, 110) = -1 ENOENT (No such file or directory)
15    newfstatat(AT_FDCWD</workspace>, "/etc/nsswitch.conf", {st_mode=S_IFREG|0644, st_size=494, ...}, 0) = 0
15    newfstatat(AT_FDCWD</workspace>, "/", {st_mode=S_IFDIR|0755, st_size=4096, ...}, 0) = 0
15    openat(AT_FDCWD</workspace>, "/etc/nsswitch.conf", O_RDONLY|O_CLOEXEC) = 3</etc/nsswitch.conf>
15    newfstatat(3</etc/nsswitch.conf>, "", {st_mode=S_IFREG|0644, st_size=494, ...}, AT_EMPTY_PATH) = 0
15    newfstatat(3</etc/nsswitch.conf>, "", {st_mode=S_IFREG|0644, st_size=494, ...}, AT_EMPTY_PATH) = 0
15    openat(AT_FDCWD</workspace>, "/etc/passwd", O_RDONLY|O_CLOEXEC) = 3</etc/passwd>
15    newfstatat(3</etc/passwd>, "", {st_mode=S_IFREG|0644, st_size=878, ...}, AT_EMPTY_PATH) = 0
15    openat(AT_FDCWD</workspace>, "/chain/golden_stage1.sh", O_RDONLY) = 3</chain/golden_stage1.sh>
15    newfstatat(AT_FDCWD</workspace>, "/chain/golden_stage1.sh", {st_mode=S_IFREG|0775, st_size=2814, ...}, 0) = 0
15    newfstatat(255</chain/golden_stage1.sh>, "", {st_mode=S_IFREG|0775, st_size=2814, ...}, AT_EMPTY_PATH) = 0
15    newfstatat(AT_FDCWD</workspace>, "/workspace", {st_mode=S_IFDIR|0755, st_size=4096, ...}, 0) = 0
15    newfstatat(AT_FDCWD</workspace>, "/workspace/app", {st_mode=S_IFDIR|0775, st_size=4096, ...}, 0) = 0
15    newfstatat(AT_FDCWD</workspace>, "/workspace/app/HaoZhang95_Python24", {st_mode=S_IFDIR|0775, st_size=4096, ...}, 0) = 0
15    chdir("/workspace/app/HaoZhang95_Python24") = 0
15    newfstatat(AT_FDCWD</workspace/app/HaoZhang95_Python24>, ".", {st_mode=S_IFDIR|0775, st_size=4096, ...}, 0) = 0
15    newfstatat(AT_FDCWD</workspace/app/HaoZhang95_Python24>, "/usr/local/sbin/mkdir", 0x7ffdbb11f5e0, 0) = -1 ENOENT (No such file or directory)
15    newfstatat(AT_FDCWD</workspace/app/HaoZhang95_Python24>, "/usr/local/bin/mkdir", 0x7ffdbb11f5e0, 0) = -1 ENOENT (No such file or directory)
15    newfstatat(AT_FDCWD</workspace/app/HaoZhang95_Python24>, "/usr/sbin/mkdir", 0x7ffdbb11f5e0, 0) = -1 ENOENT (No such file or directory)
15    newfstatat(AT_FDCWD</workspace/app/HaoZhang95_Python24>, "/usr/bin/mkdir", {st_mode=S_IFREG|0755, st_size=97552, ...}, 0) = 0
15    newfstatat(AT_FDCWD</workspace/app/HaoZhang95_Python24>, "/usr/bin/mkdir", {st_mode=S_IFREG|0755, st_size=97552, ...}, 0) = 0
15    access("/usr/bin/mkdir", X_OK)    = 0
15    newfstatat(AT_FDCWD</workspace/app/HaoZhang95_Python24>, "/usr/bin/mkdir", {st_mode=S_IFREG|0755, st_size=97552, ...}, 0) = 0
15    access("/usr/bin/mkdir", R_OK)    = 0
15    clone(child_stack=NULL, flags=CLONE_CHILD_CLEARTID|CLONE_CHILD_SETTID|SIGCHLD, child_tidptr=0x7fd0817c9a10) = 16
15    wait4(-1,  <unfinished ...>
16    execve("/usr/bin/mkdir", ["mkdir", "-p", "15Flask/day04/cart_options"], 0x55fbbebb9a10 /* 13 vars */) = 0
16    access("/etc/ld.so.preload", R_OK) = -1 ENOENT (No such file or directory)
16    openat(AT_FDCWD</workspace/app/HaoZhang95_Python24>, "/etc/ld.so.cache", O_RDONLY|O_CLOEXEC) = 3</etc/ld.so.cache>
16    newfstatat(3</etc/ld.so.cache>, "", {st_mode=S_IFREG|0644, st_size=8943, ...}, AT_EMPTY_PATH) = 0
16    openat(AT_FDCWD</workspace/app/HaoZhang95_Python24>, "/lib/x86_64-linux-gnu/libselinux.so.1", O_RDONLY|O_CLOEXEC) = 3</usr/lib/x86_64-linux-gnu/libselinux.so.1>
16    newfstatat(3</usr/lib/x86_64-linux-gnu/libselinux.so.1>, "", {st_mode=S_IFREG|0644, st_size=174312, ...}, AT_EMPTY_PATH) = 0
16    openat(AT_FDCWD</workspace/app/HaoZhang95_Python24>, "/lib/x86_64-linux-gnu/libc.so.6", O_RDONLY|O_CLOEXEC) = 3</usr/lib/x86_64-linux-gnu/libc.so.6>
16    newfstatat(3</usr/lib/x86_64-linux-gnu/libc.so.6>, "", {st_mode=S_IFREG|0755, st_size=1926232, ...}, AT_EMPTY_PATH) = 0
16    openat(AT_FDCWD</workspace/app/HaoZhang95_Python24>, "/lib/x86_64-linux-gnu/libpcre2-8.so.0", O_RDONLY|O_CLOEXEC) = 3</usr/lib/x86_64-linux-gnu/libpcre2-8.so.0.11.2>
16    newfstatat(3</usr/lib/x86_64-linux-gnu/libpcre2-8.so.0.11.2>, "", {st_mode=S_IFREG|0644, st_size=629384, ...}, AT_EMPTY_PATH) = 0
16    statfs("/sys/fs/selinux", 0x7fff0de0f8d0) = -1 ENOENT (No such file or directory)
16    statfs("/selinux", 0x7fff0de0f8d0) = -1 ENOENT (No such file or directory)
16    openat(AT_FDCWD</workspace/app/HaoZhang95_Python24>, "/proc/filesystems", O_RDONLY|O_CLOEXEC) = 3</proc/filesystems>
16    newfstatat(3</proc/filesystems>, "", {st_mode=S_IFREG|0444, st_size=0, ...}, AT_EMPTY_PATH) = 0
16    access("/etc/selinux/config", F_OK) = -1 ENOENT (No such file or directory)
16    mkdir("15Flask", 0777)            = -1 EEXIST (File exists)
16    chdir("15Flask")                  = 0
16    mkdir("day04", 0777)              = -1 EEXIST (File exists)
16    chdir("day04")                    = 0
16    mkdir("cart_options", 0777)       = 0
16    exit_group(0)                     = ?
16    +++ exited with 0 +++
15    <... wait4 resumed>[{WIFEXITED(s) && WEXITSTATUS(s) == 0}], 0, NULL) = 16
15    --- SIGCHLD {si_signo=SIGCHLD, si_code=CLD_EXITED, si_pid=16, si_uid=0, si_status=0, si_utime=0, si_stime=0} ---
15    wait4(-1, 0x7ffdbb11f090, WNOHANG, NULL) = -1 ECHILD (No child processes)
15    newfstatat(AT_FDCWD</workspace/app/HaoZhang95_Python24>, ".", {st_mode=S_IFDIR|0775, st_size=4096, ...}, 0) = 0
15    newfstatat(AT_FDCWD</workspace/app/HaoZhang95_Python24>, "/usr/local/sbin/cat", 0x7ffdbb11f5e0, 0) = -1 ENOENT (No such file or directory)
15    newfstatat(AT_FDCWD</workspace/app/HaoZhang95_Python24>, "/usr/local/bin/cat", 0x7ffdbb11f5e0, 0) = -1 ENOENT (No such file or directory)
15    newfstatat(AT_FDCWD</workspace/app/HaoZhang95_Python24>, "/usr/sbin/cat", 0x7ffdbb11f5e0, 0) = -1 ENOENT (No such file or directory)
15    newfstatat(AT_FDCWD</workspace/app/HaoZhang95_Python24>, "/usr/bin/cat", {st_mode=S_IFREG|0755, st_size=44016, ...}, 0) = 0
15    newfstatat(AT_FDCWD</workspace/app/HaoZhang95_Python24>, "/usr/bin/cat", {st_mode=S_IFREG|0755, st_size=44016, ...}, 0) = 0
15    access("/usr/bin/cat", X_OK)      = 0
15    newfstatat(AT_FDCWD</workspace/app/HaoZhang95_Python24>, "/usr/bin/cat", {st_mode=S_IFREG|0755, st_size=44016, ...}, 0) = 0
15    access("/usr/bin/cat", R_OK)      = 0
15    clone(child_stack=NULL, flags=CLONE_CHILD_CLEARTID|CLONE_CHILD_SETTID|SIGCHLD, child_tidptr=0x7fd0817c9a10) = 17
15    wait4(-1,  <unfinished ...>
17    openat(AT_FDCWD</workspace/app/HaoZhang95_Python24>, "15Flask/day04/requirements.txt", O_WRONLY|O_CREAT|O_TRUNC, 0666) = 3</workspace/app/HaoZhang95_Python24/15Flask/day04/requirements.txt>
17    execve("/usr/bin/cat", ["cat"], 0x55fbbebb9a10 /* 13 vars */) = 0
17    access("/etc/ld.so.preload", R_OK) = -1 ENOENT (No such file or directory)
17    openat(AT_FDCWD</workspace/app/HaoZhang95_Python24>, "/etc/ld.so.cache", O_RDONLY|O_CLOEXEC) = 3</etc/ld.so.cache>
17    newfstatat(3</etc/ld.so.cache>, "", {st_mode=S_IFREG|0644, st_size=8943, ...}, AT_EMPTY_PATH) = 0
17    openat(AT_FDCWD</workspace/app/HaoZhang95_Python24>, "/lib/x86_64-linux-gnu/libc.so.6", O_RDONLY|O_CLOEXEC) = 3</usr/lib/x86_64-linux-gnu/libc.so.6>
17    newfstatat(3</usr/lib/x86_64-linux-gnu/libc.so.6>, "", {st_mode=S_IFREG|0755, st_size=1926232, ...}, AT_EMPTY_PATH) = 0
17    newfstatat(1</workspace/app/HaoZhang95_Python24/15Flask/day04/requirements.txt>, "", {st_mode=S_IFREG|0644, st_size=0, ...}, AT_EMPTY_PATH) = 0
17    newfstatat(0<pipe:[124143]>, "", {st_mode=S_IFIFO|0600, st_size=0, ...}, AT_EMPTY_PATH) = 0
17    exit_group(0)                     = ?
17    +++ exited with 0 +++
15    <... wait4 resumed>[{WIFEXITED(s) && WEXITSTATUS(s) == 0}], 0, NULL) = 17
15    --- SIGCHLD {si_signo=SIGCHLD, si_code=CLD_EXITED, si_pid=17, si_uid=0, si_status=0, si_utime=0, si_stime=0} ---
15    wait4(-1, 0x7ffdbb11f090, WNOHANG, NULL) = -1 ECHILD (No child processes)
15    clone(child_stack=NULL, flags=CLONE_CHILD_CLEARTID|CLONE_CHILD_SETTID|SIGCHLD, child_tidptr=0x7fd0817c9a10) = 18
15    wait4(-1,  <unfinished ...>
18    openat(AT_FDCWD</workspace/app/HaoZhang95_Python24>, "15Flask/day04/Dockerfile", O_WRONLY|O_CREAT|O_TRUNC, 0666) = 3</workspace/app/HaoZhang95_Python24/15Flask/day04/Dockerfile>
18    execve("/usr/bin/cat", ["cat"], 0x55fbbebb9a10 /* 13 vars */) = 0
18    access("/etc/ld.so.preload", R_OK) = -1 ENOENT (No such file or directory)
18    openat(AT_FDCWD</workspace/app/HaoZhang95_Python24>, "/etc/ld.so.cache", O_RDONLY|O_CLOEXEC) = 3</etc/ld.so.cache>
18    newfstatat(3</etc/ld.so.cache>, "", {st_mode=S_IFREG|0644, st_size=8943, ...}, AT_EMPTY_PATH) = 0
18    openat(AT_FDCWD</workspace/app/HaoZhang95_Python24>, "/lib/x86_64-linux-gnu/libc.so.6", O_RDONLY|O_CLOEXEC) = 3</usr/lib/x86_64-linux-gnu/libc.so.6>
18    newfstatat(3</usr/lib/x86_64-linux-gnu/libc.so.6>, "", {st_mode=S_IFREG|0755, st_size=1926232, ...}, AT_EMPTY_PATH) = 0
18    newfstatat(1</workspace/app/HaoZhang95_Python24/15Flask/day04/Dockerfile>, "", {st_mode=S_IFREG|0644, st_size=0, ...}, AT_EMPTY_PATH) = 0
18    newfstatat(0<pipe:[118528]>, "", {st_mode=S_IFIFO|0600, st_size=0, ...}, AT_EMPTY_PATH) = 0
18    exit_group(0)                     = ?
18    +++ exited with 0 +++
15    <... wait4 resumed>[{WIFEXITED(s) && WEXITSTATUS(s) == 0}], 0, NULL) = 18
15    --- SIGCHLD {si_signo=SIGCHLD, si_code=CLD_EXITED, si_pid=18, si_uid=0, si_status=0, si_utime=0, si_stime=0} ---
15    wait4(-1, 0x7ffdbb11f090, WNOHANG, NULL) = -1 ECHILD (No child processes)
15    clone(child_stack=NULL, flags=CLONE_CHILD_CLEARTID|CLONE_CHILD_SETTID|SIGCHLD, child_tidptr=0x7fd0817c9a10) = 19
15    wait4(-1,  <unfinished ...>
19    openat(AT_FDCWD</workspace/app/HaoZhang95_Python24>, "15Flask/day04/models.py", O_WRONLY|O_CREAT|O_TRUNC, 0666) = 3</workspace/app/HaoZhang95_Python24/15Flask/day04/models.py>
19    execve("/usr/bin/cat", ["cat"], 0x55fbbebb9a10 /* 13 vars */) = 0
19    access("/etc/ld.so.preload", R_OK) = -1 ENOENT (No such file or directory)
19    openat(AT_FDCWD</workspace/app/HaoZhang95_Python24>, "/etc/ld.so.cache", O_RDONLY|O_CLOEXEC) = 3</etc/ld.so.cache>
19    newfstatat(3</etc/ld.so.cache>, "", {st_mode=S_IFREG|0644, st_size=8943, ...}, AT_EMPTY_PATH) = 0
19    openat(AT_FDCWD</workspace/app/HaoZhang95_Python24>, "/lib/x86_64-linux-gnu/libc.so.6", O_RDONLY|O_CLOEXEC) = 3</usr/lib/x86_64-linux-gnu/libc.so.6>
19    newfstatat(3</usr/lib/x86_64-linux-gnu/libc.so.6>, "", {st_mode=S_IFREG|0755, st_size=1926232, ...}, AT_EMPTY_PATH) = 0
19    newfstatat(1</workspace/app/HaoZhang95_Python24/15Flask/day04/models.py>, "", {st_mode=S_IFREG|0644, st_size=0, ...}, AT_EMPTY_PATH) = 0
19    newfstatat(0<pipe:[114244]>, "", {st_mode=S_IFIFO|0600, st_size=0, ...}, AT_EMPTY_PATH) = 0
19    exit_group(0)                     = ?
19    +++ exited with 0 +++
15    <... wait4 resumed>[{WIFEXITED(s) && WEXITSTATUS(s) == 0}], 0, NULL) = 19
15    --- SIGCHLD {si_signo=SIGCHLD, si_code=CLD_EXITED, si_pid=19, si_uid=0, si_status=0, si_utime=0, si_stime=0} ---
15    wait4(-1, 0x7ffdbb11f090, WNOHANG, NULL) = -1 ECHILD (No child processes)
15    clone(child_stack=NULL, flags=CLONE_CHILD_CLEARTID|CLONE_CHILD_SETTID|SIGCHLD, child_tidptr=0x7fd0817c9a10) = 20
15    wait4(-1,  <unfinished ...>
20    openat(AT_FDCWD</workspace/app/HaoZhang95_Python24>, "15Flask/day04/cart_options/__init__.py", O_WRONLY|O_CREAT|O_TRUNC, 0666) = 3</workspace/app/HaoZhang95_Python24/15Flask/day04/cart_options/__init__.py>
20    execve("/usr/bin/cat", ["cat"], 0x55fbbebb9a10 /* 13 vars */) = 0
20    access("/etc/ld.so.preload", R_OK) = -1 ENOENT (No such file or directory)
20    openat(AT_FDCWD</workspace/app/HaoZhang95_Python24>, "/etc/ld.so.cache", O_RDONLY|O_CLOEXEC) = 3</etc/ld.so.cache>
20    newfstatat(3</etc/ld.so.cache>, "", {st_mode=S_IFREG|0644, st_size=8943, ...}, AT_EMPTY_PATH) = 0
20    openat(AT_FDCWD</workspace/app/HaoZhang95_Python24>, "/lib/x86_64-linux-gnu/libc.so.6", O_RDONLY|O_CLOEXEC) = 3</usr/lib/x86_64-linux-gnu/libc.so.6>
20    newfstatat(3</usr/lib/x86_64-linux-gnu/libc.so.6>, "", {st_mode=S_IFREG|0755, st_size=1926232, ...}, AT_EMPTY_PATH) = 0
20    newfstatat(1</workspace/app/HaoZhang95_Python24/15Flask/day04/cart_options/__init__.py>, "", {st_mode=S_IFREG|0644, st_size=0, ...}, AT_EMPTY_PATH) = 0
20    newfstatat(0<pipe:[131121]>, "", {st_mode=S_IFIFO|0600, st_size=0, ...}, AT_EMPTY_PATH) = 0
20    exit_group(0)                     = ?
20    +++ exited with 0 +++
15    <... wait4 resumed>[{WIFEXITED(s) && WEXITSTATUS(s) == 0}], 0, NULL) = 20
15    --- SIGCHLD {si_signo=SIGCHLD, si_code=CLD_EXITED, si_pid=20, si_uid=0, si_status=0, si_utime=0, si_stime=0} ---
15    wait4(-1, 0x7ffdbb11f090, WNOHANG, NULL) = -1 ECHILD (No child processes)
15    clone(child_stack=NULL, flags=CLONE_CHILD_CLEARTID|CLONE_CHILD_SETTID|SIGCHLD, child_tidptr=0x7fd0817c9a10) = 21
15    wait4(-1,  <unfinished ...>
21    openat(AT_FDCWD</workspace/app/HaoZhang95_Python24>, "15Flask/day04/cart_options/views.py", O_WRONLY|O_CREAT|O_TRUNC, 0666) = 3</workspace/app/HaoZhang95_Python24/15Flask/day04/cart_options/views.py>
21    execve("/usr/bin/cat", ["cat"], 0x55fbbebb9a10 /* 13 vars */) = 0
21    access("/etc/ld.so.preload", R_OK) = -1 ENOENT (No such file or directory)
21    openat(AT_FDCWD</workspace/app/HaoZhang95_Python24>, "/etc/ld.so.cache", O_RDONLY|O_CLOEXEC) = 3</etc/ld.so.cache>
21    newfstatat(3</etc/ld.so.cache>, "", {st_mode=S_IFREG|0644, st_size=8943, ...}, AT_EMPTY_PATH) = 0
21    openat(AT_FDCWD</workspace/app/HaoZhang95_Python24>, "/lib/x86_64-linux-gnu/libc.so.6", O_RDONLY|O_CLOEXEC) = 3</usr/lib/x86_64-linux-gnu/libc.so.6>
21    newfstatat(3</usr/lib/x86_64-linux-gnu/libc.so.6>, "", {st_mode=S_IFREG|0755, st_size=1926232, ...}, AT_EMPTY_PATH) = 0
21    newfstatat(1</workspace/app/HaoZhang95_Python24/15Flask/day04/cart_options/views.py>, "", {st_mode=S_IFREG|0644, st_size=0, ...}, AT_EMPTY_PATH) = 0
21    newfstatat(0<pipe:[114245]>, "", {st_mode=S_IFIFO|0600, st_size=0, ...}, AT_EMPTY_PATH) = 0
21    exit_group(0)                     = ?
21    +++ exited with 0 +++
15    <... wait4 resumed>[{WIFEXITED(s) && WEXITSTATUS(s) == 0}], 0, NULL) = 21
15    --- SIGCHLD {si_signo=SIGCHLD, si_code=CLD_EXITED, si_pid=21, si_uid=0, si_status=0, si_utime=0, si_stime=0} ---
15    wait4(-1, 0x7ffdbb11f090, WNOHANG, NULL) = -1 ECHILD (No child processes)
15    clone(child_stack=NULL, flags=CLONE_CHILD_CLEARTID|CLONE_CHILD_SETTID|SIGCHLD, child_tidptr=0x7fd0817c9a10) = 22
15    wait4(-1,  <unfinished ...>
22    openat(AT_FDCWD</workspace/app/HaoZhang95_Python24>, "15Flask/day04/app.py", O_WRONLY|O_CREAT|O_TRUNC, 0666) = 3</workspace/app/HaoZhang95_Python24/15Flask/day04/app.py>
22    execve("/usr/bin/cat", ["cat"], 0x55fbbebb9a10 /* 13 vars */) = 0
22    access("/etc/ld.so.preload", R_OK) = -1 ENOENT (No such file or directory)
22    openat(AT_FDCWD</workspace/app/HaoZhang95_Python24>, "/etc/ld.so.cache", O_RDONLY|O_CLOEXEC) = 3</etc/ld.so.cache>
22    newfstatat(3</etc/ld.so.cache>, "", {st_mode=S_IFREG|0644, st_size=8943, ...}, AT_EMPTY_PATH) = 0
22    openat(AT_FDCWD</workspace/app/HaoZhang95_Python24>, "/lib/x86_64-linux-gnu/libc.so.6", O_RDONLY|O_CLOEXEC) = 3</usr/lib/x86_64-linux-gnu/libc.so.6>
22    newfstatat(3</usr/lib/x86_64-linux-gnu/libc.so.6>, "", {st_mode=S_IFREG|0755, st_size=1926232, ...}, AT_EMPTY_PATH) = 0
22    newfstatat(1</workspace/app/HaoZhang95_Python24/15Flask/day04/app.py>, "", {st_mode=S_IFREG|0644, st_size=0, ...}, AT_EMPTY_PATH) = 0
22    newfstatat(0<pipe:[120283]>, "", {st_mode=S_IFIFO|0600, st_size=0, ...}, AT_EMPTY_PATH) = 0
22    exit_group(0)                     = ?
22    +++ exited with 0 +++
15    <... wait4 resumed>[{WIFEXITED(s) && WEXITSTATUS(s) == 0}], 0, NULL) = 22
15    --- SIGCHLD {si_signo=SIGCHLD, si_code=CLD_EXITED, si_pid=22, si_uid=0, si_status=0, si_utime=0, si_stime=0} ---
15    wait4(-1, 0x7ffdbb11f090, WNOHANG, NULL) = -1 ECHILD (No child processes)
15    newfstatat(1</evidence/actor_stdout.log>, "", {st_mode=S_IFREG|0644, st_size=0, ...}, AT_EMPTY_PATH) = 0
15    exit_group(0)                     = ?
15    +++ exited with 0 +++
14    <... wait4 resumed>[{WIFEXITED(s) && WEXITSTATUS(s) == 0}], 0, NULL) = 15
14    --- SIGCHLD {si_signo=SIGCHLD, si_code=CLD_EXITED, si_pid=15, si_uid=0, si_status=0, si_utime=0, si_stime=0} ---
14    wait4(-1, 0x7ffda63f8510, WNOHANG, NULL) = -1 ECHILD (No child processes)
14    clone(child_stack=NULL, flags=CLONE_CHILD_CLEARTID|CLONE_CHILD_SETTID|SIGCHLD, child_tidptr=0x7f33930c9a10) = 23
14    wait4(-1,  <unfinished ...>
23    execve("/usr/bin/bash", ["bash", "/chain/golden_stage2.sh", "/workspace/app/HaoZhang95_Python24"], 0x55fb597e6c00 /* 12 vars */) = 0
23    access("/etc/ld.so.preload", R_OK) = -1 ENOENT (No such file or directory)
23    openat(AT_FDCWD</workspace>, "/etc/ld.so.cache", O_RDONLY|O_CLOEXEC) = 3</etc/ld.so.cache>
23    newfstatat(3</etc/ld.so.cache>, "", {st_mode=S_IFREG|0644, st_size=8943, ...}, AT_EMPTY_PATH) = 0
23    openat(AT_FDCWD</workspace>, "/lib/x86_64-linux-gnu/libtinfo.so.6", O_RDONLY|O_CLOEXEC) = 3</usr/lib/x86_64-linux-gnu/libtinfo.so.6.4>
23    newfstatat(3</usr/lib/x86_64-linux-gnu/libtinfo.so.6.4>, "", {st_mode=S_IFREG|0644, st_size=204088, ...}, AT_EMPTY_PATH) = 0
23    openat(AT_FDCWD</workspace>, "/lib/x86_64-linux-gnu/libc.so.6", O_RDONLY|O_CLOEXEC) = 3</usr/lib/x86_64-linux-gnu/libc.so.6>
23    newfstatat(3</usr/lib/x86_64-linux-gnu/libc.so.6>, "", {st_mode=S_IFREG|0755, st_size=1926232, ...}, AT_EMPTY_PATH) = 0
23    openat(AT_FDCWD</workspace>, "/dev/tty", O_RDWR|O_NONBLOCK) = -1 ENXIO (No such device or address)
23    newfstatat(AT_FDCWD</workspace>, "/workspace", {st_mode=S_IFDIR|0755, st_size=4096, ...}, 0) = 0
23    newfstatat(AT_FDCWD</workspace>, ".", {st_mode=S_IFDIR|0755, st_size=4096, ...}, 0) = 0
23    newfstatat(AT_FDCWD</workspace>, "/workspace", {st_mode=S_IFDIR|0755, st_size=4096, ...}, 0) = 0
23    newfstatat(AT_FDCWD</workspace>, ".", {st_mode=S_IFDIR|0755, st_size=4096, ...}, 0) = 0
23    newfstatat(AT_FDCWD</workspace>, "/usr/local/sbin/bash", 0x7ffc09f2b0c0, 0) = -1 ENOENT (No such file or directory)
23    newfstatat(AT_FDCWD</workspace>, "/usr/local/bin/bash", 0x7ffc09f2b0c0, 0) = -1 ENOENT (No such file or directory)
23    newfstatat(AT_FDCWD</workspace>, "/usr/sbin/bash", 0x7ffc09f2b0c0, 0) = -1 ENOENT (No such file or directory)
23    newfstatat(AT_FDCWD</workspace>, "/usr/bin/bash", {st_mode=S_IFREG|0755, st_size=1265648, ...}, 0) = 0
23    newfstatat(AT_FDCWD</workspace>, "/usr/bin/bash", {st_mode=S_IFREG|0755, st_size=1265648, ...}, 0) = 0
23    access("/usr/bin/bash", X_OK)     = 0
23    newfstatat(AT_FDCWD</workspace>, "/usr/bin/bash", {st_mode=S_IFREG|0755, st_size=1265648, ...}, 0) = 0
23    access("/usr/bin/bash", R_OK)     = 0
23    socket(AF_UNIX, SOCK_STREAM|SOCK_CLOEXEC|SOCK_NONBLOCK, 0) = 3<socket:[121316]>
23    connect(3<socket:[121316]>, {sa_family=AF_UNIX, sun_path="/var/run/nscd/socket"}, 110) = -1 ENOENT (No such file or directory)
23    socket(AF_UNIX, SOCK_STREAM|SOCK_CLOEXEC|SOCK_NONBLOCK, 0) = 3<socket:[121317]>
23    connect(3<socket:[121317]>, {sa_family=AF_UNIX, sun_path="/var/run/nscd/socket"}, 110) = -1 ENOENT (No such file or directory)
23    newfstatat(AT_FDCWD</workspace>, "/etc/nsswitch.conf", {st_mode=S_IFREG|0644, st_size=494, ...}, 0) = 0
23    newfstatat(AT_FDCWD</workspace>, "/", {st_mode=S_IFDIR|0755, st_size=4096, ...}, 0) = 0
23    openat(AT_FDCWD</workspace>, "/etc/nsswitch.conf", O_RDONLY|O_CLOEXEC) = 3</etc/nsswitch.conf>
23    newfstatat(3</etc/nsswitch.conf>, "", {st_mode=S_IFREG|0644, st_size=494, ...}, AT_EMPTY_PATH) = 0
23    newfstatat(3</etc/nsswitch.conf>, "", {st_mode=S_IFREG|0644, st_size=494, ...}, AT_EMPTY_PATH) = 0
23    openat(AT_FDCWD</workspace>, "/etc/passwd", O_RDONLY|O_CLOEXEC) = 3</etc/passwd>
23    newfstatat(3</etc/passwd>, "", {st_mode=S_IFREG|0644, st_size=878, ...}, AT_EMPTY_PATH) = 0
23    openat(AT_FDCWD</workspace>, "/chain/golden_stage2.sh", O_RDONLY) = 3</chain/golden_stage2.sh>
23    newfstatat(AT_FDCWD</workspace>, "/chain/golden_stage2.sh", {st_mode=S_IFREG|0775, st_size=1017, ...}, 0) = 0
23    newfstatat(255</chain/golden_stage2.sh>, "", {st_mode=S_IFREG|0775, st_size=1017, ...}, AT_EMPTY_PATH) = 0
23    newfstatat(AT_FDCWD</workspace>, "/workspace", {st_mode=S_IFDIR|0755, st_size=4096, ...}, 0) = 0
23    newfstatat(AT_FDCWD</workspace>, "/workspace/app", {st_mode=S_IFDIR|0775, st_size=4096, ...}, 0) = 0
23    newfstatat(AT_FDCWD</workspace>, "/workspace/app/HaoZhang95_Python24", {st_mode=S_IFDIR|0775, st_size=4096, ...}, 0) = 0
23    chdir("/workspace/app/HaoZhang95_Python24") = 0
23    newfstatat(AT_FDCWD</workspace/app/HaoZhang95_Python24>, ".", {st_mode=S_IFDIR|0775, st_size=4096, ...}, 0) = 0
23    newfstatat(AT_FDCWD</workspace/app/HaoZhang95_Python24>, "/usr/local/sbin/python3", 0x7ffc09f2b0d0, 0) = -1 ENOENT (No such file or directory)
23    newfstatat(AT_FDCWD</workspace/app/HaoZhang95_Python24>, "/usr/local/bin/python3", 0x7ffc09f2b0d0, 0) = -1 ENOENT (No such file or directory)
23    newfstatat(AT_FDCWD</workspace/app/HaoZhang95_Python24>, "/usr/sbin/python3", 0x7ffc09f2b0d0, 0) = -1 ENOENT (No such file or directory)
23    newfstatat(AT_FDCWD</workspace/app/HaoZhang95_Python24>, "/usr/bin/python3", {st_mode=S_IFREG|0755, st_size=6834488, ...}, 0) = 0
23    newfstatat(AT_FDCWD</workspace/app/HaoZhang95_Python24>, "/usr/bin/python3", {st_mode=S_IFREG|0755, st_size=6834488, ...}, 0) = 0
23    access("/usr/bin/python3", X_OK)  = 0
23    newfstatat(AT_FDCWD</workspace/app/HaoZhang95_Python24>, "/usr/bin/python3", {st_mode=S_IFREG|0755, st_size=6834488, ...}, 0) = 0
23    access("/usr/bin/python3", R_OK)  = 0
23    clone(child_stack=NULL, flags=CLONE_CHILD_CLEARTID|CLONE_CHILD_SETTID|SIGCHLD, child_tidptr=0x7f3a04048a10) = 24
23    wait4(-1,  <unfinished ...>
24    execve("/usr/bin/python3", ["python3"], 0x55c4bb48a4e0 /* 13 vars */) = 0
24    access("/etc/ld.so.preload", R_OK) = -1 ENOENT (No such file or directory)
24    openat(AT_FDCWD</workspace/app/HaoZhang95_Python24>, "/etc/ld.so.cache", O_RDONLY|O_CLOEXEC) = 3</etc/ld.so.cache>
24    newfstatat(3</etc/ld.so.cache>, "", {st_mode=S_IFREG|0644, st_size=8943, ...}, AT_EMPTY_PATH) = 0
24    openat(AT_FDCWD</workspace/app/HaoZhang95_Python24>, "/lib/x86_64-linux-gnu/libm.so.6", O_RDONLY|O_CLOEXEC) = 3</usr/lib/x86_64-linux-gnu/libm.so.6>
24    newfstatat(3</usr/lib/x86_64-linux-gnu/libm.so.6>, "", {st_mode=S_IFREG|0644, st_size=911904, ...}, AT_EMPTY_PATH) = 0
24    openat(AT_FDCWD</workspace/app/HaoZhang95_Python24>, "/lib/x86_64-linux-gnu/libz.so.1", O_RDONLY|O_CLOEXEC) = 3</usr/lib/x86_64-linux-gnu/libz.so.1.2.13>
24    newfstatat(3</usr/lib/x86_64-linux-gnu/libz.so.1.2.13>, "", {st_mode=S_IFREG|0644, st_size=121280, ...}, AT_EMPTY_PATH) = 0
24    openat(AT_FDCWD</workspace/app/HaoZhang95_Python24>, "/lib/x86_64-linux-gnu/libexpat.so.1", O_RDONLY|O_CLOEXEC) = 3</usr/lib/x86_64-linux-gnu/libexpat.so.1.8.10>
24    newfstatat(3</usr/lib/x86_64-linux-gnu/libexpat.so.1.8.10>, "", {st_mode=S_IFREG|0644, st_size=174184, ...}, AT_EMPTY_PATH) = 0
24    openat(AT_FDCWD</workspace/app/HaoZhang95_Python24>, "/lib/x86_64-linux-gnu/libc.so.6", O_RDONLY|O_CLOEXEC) = 3</usr/lib/x86_64-linux-gnu/libc.so.6>
24    newfstatat(3</usr/lib/x86_64-linux-gnu/libc.so.6>, "", {st_mode=S_IFREG|0755, st_size=1926232, ...}, AT_EMPTY_PATH) = 0
24    openat(AT_FDCWD</workspace/app/HaoZhang95_Python24>, "/usr/lib/locale/locale-archive", O_RDONLY|O_CLOEXEC) = -1 ENOENT (No such file or directory)
24    openat(AT_FDCWD</workspace/app/HaoZhang95_Python24>, "/usr/share/locale/locale.alias", O_RDONLY|O_CLOEXEC) = -1 ENOENT (No such file or directory)
24    openat(AT_FDCWD</workspace/app/HaoZhang95_Python24>, "/usr/lib/locale/C.UTF-8/LC_CTYPE", O_RDONLY|O_CLOEXEC) = -1 ENOENT (No such file or directory)
24    openat(AT_FDCWD</workspace/app/HaoZhang95_Python24>, "/usr/lib/locale/C.utf8/LC_CTYPE", O_RDONLY|O_CLOEXEC) = 3</usr/lib/locale/C.utf8/LC_CTYPE>
24    newfstatat(3</usr/lib/locale/C.utf8/LC_CTYPE>, "", {st_mode=S_IFREG|0644, st_size=353616, ...}, AT_EMPTY_PATH) = 0
24    openat(AT_FDCWD</workspace/app/HaoZhang95_Python24>, "/usr/lib/x86_64-linux-gnu/gconv/gconv-modules.cache", O_RDONLY) = 3</usr/lib/x86_64-linux-gnu/gconv/gconv-modules.cache>
24    newfstatat(3</usr/lib/x86_64-linux-gnu/gconv/gconv-modules.cache>, "", {st_mode=S_IFREG|0644, st_size=27028, ...}, AT_EMPTY_PATH) = 0
24    newfstatat(AT_FDCWD</workspace/app/HaoZhang95_Python24>, "/usr/local/sbin/python3", 0x7fff689e49d0, 0) = -1 ENOENT (No such file or directory)
24    newfstatat(AT_FDCWD</workspace/app/HaoZhang95_Python24>, "/usr/local/bin/python3", 0x7fff689e49d0, 0) = -1 ENOENT (No such file or directory)
24    newfstatat(AT_FDCWD</workspace/app/HaoZhang95_Python24>, "/usr/sbin/python3", 0x7fff689e49d0, 0) = -1 ENOENT (No such file or directory)
24    newfstatat(AT_FDCWD</workspace/app/HaoZhang95_Python24>, "/usr/bin/python3", {st_mode=S_IFREG|0755, st_size=6834488, ...}, 0) = 0
24    openat(AT_FDCWD</workspace/app/HaoZhang95_Python24>, "/usr/pyvenv.cfg", O_RDONLY) = -1 ENOENT (No such file or directory)
24    openat(AT_FDCWD</workspace/app/HaoZhang95_Python24>, "/usr/bin/pyvenv.cfg", O_RDONLY) = -1 ENOENT (No such file or directory)
24    readlink("/usr/bin/python3", "python3.11", 4096) = 10
24    readlink("/usr/bin/python3.11", 0x7fff689dfa00, 4096) = -1 EINVAL (Invalid argument)
24    openat(AT_FDCWD</workspace/app/HaoZhang95_Python24>, "/usr/bin/python3._pth", O_RDONLY) = -1 ENOENT (No such file or directory)
24    openat(AT_FDCWD</workspace/app/HaoZhang95_Python24>, "/usr/bin/python3.11._pth", O_RDONLY) = -1 ENOENT (No such file or directory)
24    openat(AT_FDCWD</workspace/app/HaoZhang95_Python24>, "/usr/bin/pybuilddir.txt", O_RDONLY) = -1 ENOENT (No such file or directory)
24    newfstatat(AT_FDCWD</workspace/app/HaoZhang95_Python24>, "/usr/bin/Modules/Setup.local", 0x7fff689e49d0, 0) = -1 ENOENT (No such file or directory)
24    newfstatat(AT_FDCWD</workspace/app/HaoZhang95_Python24>, "/usr/bin/lib/python311.zip", 0x7fff689e47a0, 0) = -1 ENOENT (No such file or directory)
24    newfstatat(AT_FDCWD</workspace/app/HaoZhang95_Python24>, "/usr/lib/python311.zip", 0x7fff689e47a0, 0) = -1 ENOENT (No such file or directory)
24    newfstatat(AT_FDCWD</workspace/app/HaoZhang95_Python24>, "/usr/bin/lib/python3.11/os.py", 0x7fff689e45f0, 0) = -1 ENOENT (No such file or directory)
24    newfstatat(AT_FDCWD</workspace/app/HaoZhang95_Python24>, "/usr/bin/lib/python3.11/os.pyc", 0x7fff689e45f0, 0) = -1 ENOENT (No such file or directory)
24    newfstatat(AT_FDCWD</workspace/app/HaoZhang95_Python24>, "/usr/lib/python3.11/os.py", {st_mode=S_IFREG|0644, st_size=39504, ...}, 0) = 0
24    newfstatat(AT_FDCWD</workspace/app/HaoZhang95_Python24>, "/usr/bin/lib/python3.11/lib-dynload", 0x7fff689e47a0, 0) = -1 ENOENT (No such file or directory)
24    newfstatat(AT_FDCWD</workspace/app/HaoZhang95_Python24>, "/usr/lib/python3.11/lib-dynload", {st_mode=S_IFDIR|0755, st_size=4096, ...}, 0) = 0
24    newfstatat(AT_FDCWD</workspace/app/HaoZhang95_Python24>, "/usr/lib/python3.11/lib-dynload", {st_mode=S_IFDIR|0755, st_size=4096, ...}, 0) = 0
24    openat(AT_FDCWD</workspace/app/HaoZhang95_Python24>, "/etc/localtime", O_RDONLY|O_CLOEXEC) = 3</usr/share/zoneinfo/Etc/UTC>
24    newfstatat(3</usr/share/zoneinfo/Etc/UTC>, "", {st_mode=S_IFREG|0644, st_size=114, ...}, AT_EMPTY_PATH) = 0
24    newfstatat(3</usr/share/zoneinfo/Etc/UTC>, "", {st_mode=S_IFREG|0644, st_size=114, ...}, AT_EMPTY_PATH) = 0
24    newfstatat(AT_FDCWD</workspace/app/HaoZhang95_Python24>, "/usr/lib/python311.zip", 0x7fff689e4230, 0) = -1 ENOENT (No such file or directory)
24    newfstatat(AT_FDCWD</workspace/app/HaoZhang95_Python24>, "/usr/lib", {st_mode=S_IFDIR|0755, st_size=4096, ...}, 0) = 0
24    newfstatat(AT_FDCWD</workspace/app/HaoZhang95_Python24>, "/usr/lib/python311.zip", 0x7fff689e4500, 0) = -1 ENOENT (No such file or directory)
24    newfstatat(AT_FDCWD</workspace/app/HaoZhang95_Python24>, "/usr/lib/python3.11", {st_mode=S_IFDIR|0755, st_size=4096, ...}, 0) = 0
24    newfstatat(AT_FDCWD</workspace/app/HaoZhang95_Python24>, "/usr/lib/python3.11", {st_mode=S_IFDIR|0755, st_size=4096, ...}, 0) = 0
24    newfstatat(AT_FDCWD</workspace/app/HaoZhang95_Python24>, "/usr/lib/python3.11", {st_mode=S_IFDIR|0755, st_size=4096, ...}, 0) = 0
24    openat(AT_FDCWD</workspace/app/HaoZhang95_Python24>, "/usr/lib/python3.11", O_RDONLY|O_NONBLOCK|O_CLOEXEC|O_DIRECTORY) = 3</usr/lib/python3.11>
24    newfstatat(3</usr/lib/python3.11>, "", {st_mode=S_IFDIR|0755, st_size=4096, ...}, AT_EMPTY_PATH) = 0
24    newfstatat(AT_FDCWD</workspace/app/HaoZhang95_Python24>, "/usr/lib/python3.11/encodings/__init__.cpython-311-x86_64-linux-gnu.so", 0x7fff689e4500, 0) = -1 ENOENT (No such file or directory)
24    newfstatat(AT_FDCWD</workspace/app/HaoZhang95_Python24>, "/usr/lib/python3.11/encodings/__init__.abi3.so", 0x7fff689e4550, 0) = -1 ENOENT (No such file or directory)
24    newfstatat(AT_FDCWD</workspace/app/HaoZhang95_Python24>, "/usr/lib/python3.11/encodings/__init__.so", 0x7fff689e4550, 0) = -1 ENOENT (No such file or directory)
24    newfstatat(AT_FDCWD</workspace/app/HaoZhang95_Python24>, "/usr/lib/python3.11/encodings/__init__.py", {st_mode=S_IFREG|0644, st_size=5884, ...}, 0) = 0
24    newfstatat(AT_FDCWD</workspace/app/HaoZhang95_Python24>, "/usr/lib/python3.11/encodings/__init__.py", {st_mode=S_IFREG|0644, st_size=5884, ...}, 0) = 0
24    openat(AT_FDCWD</workspace/app/HaoZhang95_Python24>, "/usr/lib/python3.11/encodings/__pycache__/__init__.cpython-311.pyc", O_RDONLY|O_CLOEXEC) = 3</usr/lib/python3.11/encodings/__pycache__/__init__.cpython-311.pyc>
24    newfstatat(3</usr/lib/python3.11/encodings/__pycache__/__init__.cpython-311.pyc>, "", {st_mode=S_IFREG|0644, st_size=6457, ...}, AT_EMPTY_PATH) = 0
24    newfstatat(3</usr/lib/python3.11/encodings/__pycache__/__init__.cpython-311.pyc>, "", {st_mode=S_IFREG|0644, st_size=6457, ...}, AT_EMPTY_PATH) = 0
24    newfstatat(AT_FDCWD</workspace/app/HaoZhang95_Python24>, "/usr/lib/python3.11/encodings", {st_mode=S_IFDIR|0755, st_size=4096, ...}, 0) = 0
24    newfstatat(AT_FDCWD</workspace/app/HaoZhang95_Python24>, "/usr/lib/python3.11/encodings", {st_mode=S_IFDIR|0755, st_size=4096, ...}, 0) = 0
24    newfstatat(AT_FDCWD</workspace/app/HaoZhang95_Python24>, "/usr/lib/python3.11/encodings", {st_mode=S_IFDIR|0755, st_size=4096, ...}, 0) = 0
24    openat(AT_FDCWD</workspace/app/HaoZhang95_Python24>, "/usr/lib/python3.11/encodings", O_RDONLY|O_NONBLOCK|O_CLOEXEC|O_DIRECTORY) = 3</usr/lib/python3.11/encodings>
24    newfstatat(3</usr/lib/python3.11/encodings>, "", {st_mode=S_IFDIR|0755, st_size=4096, ...}, AT_EMPTY_PATH) = 0
24    newfstatat(AT_FDCWD</workspace/app/HaoZhang95_Python24>, "/usr/lib/python3.11/encodings/aliases.py", {st_mode=S_IFREG|0644, st_size=15677, ...}, 0) = 0
24    newfstatat(AT_FDCWD</workspace/app/HaoZhang95_Python24>, "/usr/lib/python3.11/encodings/aliases.py", {st_mode=S_IFREG|0644, st_size=15677, ...}, 0) = 0
24    openat(AT_FDCWD</workspace/app/HaoZhang95_Python24>, "/usr/lib/python3.11/encodings/__pycache__/aliases.cpython-311.pyc", O_RDONLY|O_CLOEXEC) = 3</usr/lib/python3.11/encodings/__pycache__/aliases.cpython-311.pyc>
24    newfstatat(3</usr/lib/python3.11/encodings/__pycache__/aliases.cpython-311.pyc>, "", {st_mode=S_IFREG|0644, st_size=12647, ...}, AT_EMPTY_PATH) = 0
24    newfstatat(3</usr/lib/python3.11/encodings/__pycache__/aliases.cpython-311.pyc>, "", {st_mode=S_IFREG|0644, st_size=12647, ...}, AT_EMPTY_PATH) = 0
24    newfstatat(AT_FDCWD</workspace/app/HaoZhang95_Python24>, "/usr/lib/python3.11/encodings", {st_mode=S_IFDIR|0755, st_size=4096, ...}, 0) = 0
24    newfstatat(AT_FDCWD</workspace/app/HaoZhang95_Python24>, "/usr/lib/python3.11/encodings/utf_8.py", {st_mode=S_IFREG|0644, st_size=1005, ...}, 0) = 0
24    newfstatat(AT_FDCWD</workspace/app/HaoZhang95_Python24>, "/usr/lib/python3.11/encodings/utf_8.py", {st_mode=S_IFREG|0644, st_size=1005, ...}, 0) = 0
24    openat(AT_FDCWD</workspace/app/HaoZhang95_Python24>, "/usr/lib/python3.11/encodings/__pycache__/utf_8.cpython-311.pyc", O_RDONLY|O_CLOEXEC) = 3</usr/lib/python3.11/encodings/__pycache__/utf_8.cpython-311.pyc>
24    newfstatat(3</usr/lib/python3.11/encodings/__pycache__/utf_8.cpython-311.pyc>, "", {st_mode=S_IFREG|0644, st_size=2316, ...}, AT_EMPTY_PATH) = 0
24    newfstatat(3</usr/lib/python3.11/encodings/__pycache__/utf_8.cpython-311.pyc>, "", {st_mode=S_IFREG|0644, st_size=2316, ...}, AT_EMPTY_PATH) = 0
24    newfstatat(0<pipe:[114246]>, "", {st_mode=S_IFIFO|0600, st_size=0, ...}, AT_EMPTY_PATH) = 0
24    newfstatat(0<pipe:[114246]>, "", {st_mode=S_IFIFO|0600, st_size=0, ...}, AT_EMPTY_PATH) = 0
24    newfstatat(1</evidence/actor_stdout.log>, "", {st_mode=S_IFREG|0644, st_size=66, ...}, AT_EMPTY_PATH) = 0
24    newfstatat(2</evidence/actor_stderr.log>, "", {st_mode=S_IFREG|0644, st_size=0, ...}, AT_EMPTY_PATH) = 0
24    newfstatat(AT_FDCWD</workspace/app/HaoZhang95_Python24>, "/usr/bin/pyvenv.cfg", 0x7fff689e4330, 0) = -1 ENOENT (No such file or directory)
24    newfstatat(AT_FDCWD</workspace/app/HaoZhang95_Python24>, "/usr/pyvenv.cfg", 0x7fff689e4330, 0) = -1 ENOENT (No such file or directory)
24    newfstatat(AT_FDCWD</workspace/app/HaoZhang95_Python24>, "/root/.local/lib/python3.11/site-packages", 0x7fff689e4330, 0) = -1 ENOENT (No such file or directory)
24    newfstatat(AT_FDCWD</workspace/app/HaoZhang95_Python24>, "/usr/local/lib/python3.11/dist-packages", {st_mode=S_IFDIR|0755, st_size=4096, ...}, 0) = 0
24    openat(AT_FDCWD</workspace/app/HaoZhang95_Python24>, "/usr/local/lib/python3.11/dist-packages", O_RDONLY|O_NONBLOCK|O_CLOEXEC|O_DIRECTORY) = 3</usr/local/lib/python3.11/dist-packages>
24    newfstatat(3</usr/local/lib/python3.11/dist-packages>, "", {st_mode=S_IFDIR|0755, st_size=4096, ...}, AT_EMPTY_PATH) = 0
24    newfstatat(AT_FDCWD</workspace/app/HaoZhang95_Python24>, "/usr/lib/python3/dist-packages", {st_mode=S_IFDIR|0755, st_size=4096, ...}, 0) = 0
24    openat(AT_FDCWD</workspace/app/HaoZhang95_Python24>, "/usr/lib/python3/dist-packages", O_RDONLY|O_NONBLOCK|O_CLOEXEC|O_DIRECTORY) = 3</usr/lib/python3/dist-packages>
24    newfstatat(3</usr/lib/python3/dist-packages>, "", {st_mode=S_IFDIR|0755, st_size=4096, ...}, AT_EMPTY_PATH) = 0
24    openat(AT_FDCWD</workspace/app/HaoZhang95_Python24>, "/usr/lib/python3/dist-packages/distutils-precedence.pth", O_RDONLY|O_CLOEXEC) = 3</usr/lib/python3/dist-packages/distutils-precedence.pth>
24    newfstatat(3</usr/lib/python3/dist-packages/distutils-precedence.pth>, "", {st_mode=S_IFREG|0644, st_size=151, ...}, AT_EMPTY_PATH) = 0
24    newfstatat(AT_FDCWD</workspace/app/HaoZhang95_Python24>, "/usr/lib/python3.11", {st_mode=S_IFDIR|0755, st_size=4096, ...}, 0) = 0
24    newfstatat(AT_FDCWD</workspace/app/HaoZhang95_Python24>, "/usr/lib/python3.11/lib-dynload", {st_mode=S_IFDIR|0755, st_size=4096, ...}, 0) = 0
24    newfstatat(AT_FDCWD</workspace/app/HaoZhang95_Python24>, "/usr/lib/python3.11/lib-dynload", {st_mode=S_IFDIR|0755, st_size=4096, ...}, 0) = 0
24    newfstatat(AT_FDCWD</workspace/app/HaoZhang95_Python24>, "/usr/lib/python3.11/lib-dynload", {st_mode=S_IFDIR|0755, st_size=4096, ...}, 0) = 0
24    openat(AT_FDCWD</workspace/app/HaoZhang95_Python24>, "/usr/lib/python3.11/lib-dynload", O_RDONLY|O_NONBLOCK|O_CLOEXEC|O_DIRECTORY) = 4</usr/lib/python3.11/lib-dynload>
24    newfstatat(4</usr/lib/python3.11/lib-dynload>, "", {st_mode=S_IFDIR|0755, st_size=4096, ...}, AT_EMPTY_PATH) = 0
24    newfstatat(AT_FDCWD</workspace/app/HaoZhang95_Python24>, "/usr/local/lib/python3.11/dist-packages", {st_mode=S_IFDIR|0755, st_size=4096, ...}, 0) = 0
24    newfstatat(AT_FDCWD</workspace/app/HaoZhang95_Python24>, "/usr/local/lib/python3.11/dist-packages", {st_mode=S_IFDIR|0755, st_size=4096, ...}, 0) = 0
24    newfstatat(AT_FDCWD</workspace/app/HaoZhang95_Python24>, "/usr/local/lib/python3.11/dist-packages", {st_mode=S_IFDIR|0755, st_size=4096, ...}, 0) = 0
24    openat(AT_FDCWD</workspace/app/HaoZhang95_Python24>, "/usr/local/lib/python3.11/dist-packages", O_RDONLY|O_NONBLOCK|O_CLOEXEC|O_DIRECTORY) = 4</usr/local/lib/python3.11/dist-packages>
24    newfstatat(4</usr/local/lib/python3.11/dist-packages>, "", {st_mode=S_IFDIR|0755, st_size=4096, ...}, AT_EMPTY_PATH) = 0
24    newfstatat(AT_FDCWD</workspace/app/HaoZhang95_Python24>, "/usr/lib/python3/dist-packages", {st_mode=S_IFDIR|0755, st_size=4096, ...}, 0) = 0
24    newfstatat(AT_FDCWD</workspace/app/HaoZhang95_Python24>, "/usr/lib/python3/dist-packages", {st_mode=S_IFDIR|0755, st_size=4096, ...}, 0) = 0
24    newfstatat(AT_FDCWD</workspace/app/HaoZhang95_Python24>, "/usr/lib/python3/dist-packages", {st_mode=S_IFDIR|0755, st_size=4096, ...}, 0) = 0
24    openat(AT_FDCWD</workspace/app/HaoZhang95_Python24>, "/usr/lib/python3/dist-packages", O_RDONLY|O_NONBLOCK|O_CLOEXEC|O_DIRECTORY) = 4</usr/lib/python3/dist-packages>
24    newfstatat(4</usr/lib/python3/dist-packages>, "", {st_mode=S_IFDIR|0755, st_size=4096, ...}, AT_EMPTY_PATH) = 0
24    newfstatat(AT_FDCWD</workspace/app/HaoZhang95_Python24>, "/usr/lib/python3/dist-packages/_distutils_hack/__init__.cpython-311-x86_64-linux-gnu.so", 0x7fff689e3b90, 0) = -1 ENOENT (No such file or directory)
24    newfstatat(AT_FDCWD</workspace/app/HaoZhang95_Python24>, "/usr/lib/python3/dist-packages/_distutils_hack/__init__.abi3.so", 0x7fff689e3b90, 0) = -1 ENOENT (No such file or directory)
24    newfstatat(AT_FDCWD</workspace/app/HaoZhang95_Python24>, "/usr/lib/python3/dist-packages/_distutils_hack/__init__.so", 0x7fff689e3b90, 0) = -1 ENOENT (No such file or directory)
24    newfstatat(AT_FDCWD</workspace/app/HaoZhang95_Python24>, "/usr/lib/python3/dist-packages/_distutils_hack/__init__.py", {st_mode=S_IFREG|0644, st_size=6128, ...}, 0) = 0
24    newfstatat(AT_FDCWD</workspace/app/HaoZhang95_Python24>, "/usr/lib/python3/dist-packages/_distutils_hack/__init__.py", {st_mode=S_IFREG|0644, st_size=6128, ...}, 0) = 0
24    openat(AT_FDCWD</workspace/app/HaoZhang95_Python24>, "/usr/lib/python3/dist-packages/_distutils_hack/__pycache__/__init__.cpython-311.pyc", O_RDONLY|O_CLOEXEC) = 4</usr/lib/python3/dist-packages/_distutils_hack/__pycache__/__init__.cpython-311.pyc>
24    newfstatat(4</usr/lib/python3/dist-packages/_distutils_hack/__pycache__/__init__.cpython-311.pyc>, "", {st_mode=S_IFREG|0644, st_size=11132, ...}, AT_EMPTY_PATH) = 0
24    newfstatat(4</usr/lib/python3/dist-packages/_distutils_hack/__pycache__/__init__.cpython-311.pyc>, "", {st_mode=S_IFREG|0644, st_size=11132, ...}, AT_EMPTY_PATH) = 0
24    newfstatat(AT_FDCWD</workspace/app/HaoZhang95_Python24>, "/usr/lib/python3.11/dist-packages", 0x7fff689e4330, 0) = -1 ENOENT (No such file or directory)
24    newfstatat(AT_FDCWD</workspace/app/HaoZhang95_Python24>, "/usr/lib/python3.11", {st_mode=S_IFDIR|0755, st_size=4096, ...}, 0) = 0
24    newfstatat(AT_FDCWD</workspace/app/HaoZhang95_Python24>, "/usr/lib/python3.11/sitecustomize.py", {st_mode=S_IFREG|0644, st_size=155, ...}, 0) = 0
24    newfstatat(AT_FDCWD</workspace/app/HaoZhang95_Python24>, "/usr/lib/python3.11/sitecustomize.py", {st_mode=S_IFREG|0644, st_size=155, ...}, 0) = 0
24    openat(AT_FDCWD</workspace/app/HaoZhang95_Python24>, "/usr/lib/python3.11/__pycache__/sitecustomize.cpython-311.pyc", O_RDONLY|O_CLOEXEC) = 3</usr/lib/python3.11/__pycache__/sitecustomize.cpython-311.pyc>
24    newfstatat(3</usr/lib/python3.11/__pycache__/sitecustomize.cpython-311.pyc>, "", {st_mode=S_IFREG|0644, st_size=334, ...}, AT_EMPTY_PATH) = 0
24    newfstatat(3</usr/lib/python3.11/__pycache__/sitecustomize.cpython-311.pyc>, "", {st_mode=S_IFREG|0644, st_size=334, ...}, AT_EMPTY_PATH) = 0
24    newfstatat(AT_FDCWD</workspace/app/HaoZhang95_Python24>, "/usr/lib/python3.11", {st_mode=S_IFDIR|0755, st_size=4096, ...}, 0) = 0
24    newfstatat(AT_FDCWD</workspace/app/HaoZhang95_Python24>, "/usr/lib/python3.11/lib-dynload", {st_mode=S_IFDIR|0755, st_size=4096, ...}, 0) = 0
24    newfstatat(AT_FDCWD</workspace/app/HaoZhang95_Python24>, "/usr/local/lib/python3.11/dist-packages", {st_mode=S_IFDIR|0755, st_size=4096, ...}, 0) = 0
24    newfstatat(AT_FDCWD</workspace/app/HaoZhang95_Python24>, "/usr/lib/python3/dist-packages", {st_mode=S_IFDIR|0755, st_size=4096, ...}, 0) = 0
24    newfstatat(AT_FDCWD</workspace/app/HaoZhang95_Python24>, "/usr/lib/python3.11", {st_mode=S_IFDIR|0755, st_size=4096, ...}, 0) = 0
24    newfstatat(AT_FDCWD</workspace/app/HaoZhang95_Python24>, "/usr/lib/python3.11/lib-dynload", {st_mode=S_IFDIR|0755, st_size=4096, ...}, 0) = 0
24    newfstatat(AT_FDCWD</workspace/app/HaoZhang95_Python24>, "/usr/local/lib/python3.11/dist-packages", {st_mode=S_IFDIR|0755, st_size=4096, ...}, 0) = 0
24    newfstatat(AT_FDCWD</workspace/app/HaoZhang95_Python24>, "/usr/lib/python3/dist-packages", {st_mode=S_IFDIR|0755, st_size=4096, ...}, 0) = 0
24    readlink("", 0x7fff689d4010, 4096) = -1 ENOENT (No such file or directory)
24    newfstatat(0<pipe:[114246]>, "", {st_mode=S_IFIFO|0600, st_size=0, ...}, AT_EMPTY_PATH) = 0
24    openat(AT_FDCWD</workspace/app/HaoZhang95_Python24>, "15Flask/day04/cart_options/views.py", O_RDONLY|O_CLOEXEC) = 3</workspace/app/HaoZhang95_Python24/15Flask/day04/cart_options/views.py>
24    newfstatat(3</workspace/app/HaoZhang95_Python24/15Flask/day04/cart_options/views.py>, "", {st_mode=S_IFREG|0644, st_size=287, ...}, AT_EMPTY_PATH) = 0
24    newfstatat(3</workspace/app/HaoZhang95_Python24/15Flask/day04/cart_options/views.py>, "", {st_mode=S_IFREG|0644, st_size=287, ...}, AT_EMPTY_PATH) = 0
24    openat(AT_FDCWD</workspace/app/HaoZhang95_Python24>, "15Flask/day04/cart_options/views.py", O_WRONLY|O_CREAT|O_TRUNC|O_CLOEXEC, 0666) = 3</workspace/app/HaoZhang95_Python24/15Flask/day04/cart_options/views.py>
24    newfstatat(3</workspace/app/HaoZhang95_Python24/15Flask/day04/cart_options/views.py>, "", {st_mode=S_IFREG|0644, st_size=0, ...}, AT_EMPTY_PATH) = 0
24    exit_group(0)                     = ?
24    +++ exited with 0 +++
23    <... wait4 resumed>[{WIFEXITED(s) && WEXITSTATUS(s) == 0}], 0, NULL) = 24
23    --- SIGCHLD {si_signo=SIGCHLD, si_code=CLD_EXITED, si_pid=24, si_uid=0, si_status=0, si_utime=2 /* 0.02 s */, si_stime=0} ---
23    wait4(-1, 0x7ffc09f2ab50, WNOHANG, NULL) = -1 ECHILD (No child processes)
23    exit_group(0)                     = ?
23    +++ exited with 0 +++
14    <... wait4 resumed>[{WIFEXITED(s) && WEXITSTATUS(s) == 0}], 0, NULL) = 23
14    --- SIGCHLD {si_signo=SIGCHLD, si_code=CLD_EXITED, si_pid=23, si_uid=0, si_status=0, si_utime=0, si_stime=0} ---
14    wait4(-1, 0x7ffda63f8510, WNOHANG, NULL) = -1 ECHILD (No child processes)
14    execve("/usr/bin/bash", ["bash", "/chain/golden_stage3.sh", "/workspace/app/HaoZhang95_Python24"], 0x55fb597e6c00 /* 12 vars */) = 0
14    access("/etc/ld.so.preload", R_OK) = -1 ENOENT (No such file or directory)
14    openat(AT_FDCWD</workspace>, "/etc/ld.so.cache", O_RDONLY|O_CLOEXEC) = 3</etc/ld.so.cache>
14    newfstatat(3</etc/ld.so.cache>, "", {st_mode=S_IFREG|0644, st_size=8943, ...}, AT_EMPTY_PATH) = 0
14    openat(AT_FDCWD</workspace>, "/lib/x86_64-linux-gnu/libtinfo.so.6", O_RDONLY|O_CLOEXEC) = 3</usr/lib/x86_64-linux-gnu/libtinfo.so.6.4>
14    newfstatat(3</usr/lib/x86_64-linux-gnu/libtinfo.so.6.4>, "", {st_mode=S_IFREG|0644, st_size=204088, ...}, AT_EMPTY_PATH) = 0
14    openat(AT_FDCWD</workspace>, "/lib/x86_64-linux-gnu/libc.so.6", O_RDONLY|O_CLOEXEC) = 3</usr/lib/x86_64-linux-gnu/libc.so.6>
14    newfstatat(3</usr/lib/x86_64-linux-gnu/libc.so.6>, "", {st_mode=S_IFREG|0755, st_size=1926232, ...}, AT_EMPTY_PATH) = 0
14    openat(AT_FDCWD</workspace>, "/dev/tty", O_RDWR|O_NONBLOCK) = -1 ENXIO (No such device or address)
14    newfstatat(AT_FDCWD</workspace>, "/workspace", {st_mode=S_IFDIR|0755, st_size=4096, ...}, 0) = 0
14    newfstatat(AT_FDCWD</workspace>, ".", {st_mode=S_IFDIR|0755, st_size=4096, ...}, 0) = 0
14    newfstatat(AT_FDCWD</workspace>, "/workspace", {st_mode=S_IFDIR|0755, st_size=4096, ...}, 0) = 0
14    newfstatat(AT_FDCWD</workspace>, ".", {st_mode=S_IFDIR|0755, st_size=4096, ...}, 0) = 0
14    newfstatat(AT_FDCWD</workspace>, "/usr/local/sbin/bash", 0x7ffd257d78d0, 0) = -1 ENOENT (No such file or directory)
14    newfstatat(AT_FDCWD</workspace>, "/usr/local/bin/bash", 0x7ffd257d78d0, 0) = -1 ENOENT (No such file or directory)
14    newfstatat(AT_FDCWD</workspace>, "/usr/sbin/bash", 0x7ffd257d78d0, 0) = -1 ENOENT (No such file or directory)
14    newfstatat(AT_FDCWD</workspace>, "/usr/bin/bash", {st_mode=S_IFREG|0755, st_size=1265648, ...}, 0) = 0
14    newfstatat(AT_FDCWD</workspace>, "/usr/bin/bash", {st_mode=S_IFREG|0755, st_size=1265648, ...}, 0) = 0
14    access("/usr/bin/bash", X_OK)     = 0
14    newfstatat(AT_FDCWD</workspace>, "/usr/bin/bash", {st_mode=S_IFREG|0755, st_size=1265648, ...}, 0) = 0
14    access("/usr/bin/bash", R_OK)     = 0
14    socket(AF_UNIX, SOCK_STREAM|SOCK_CLOEXEC|SOCK_NONBLOCK, 0) = 3<socket:[131122]>
14    connect(3<socket:[131122]>, {sa_family=AF_UNIX, sun_path="/var/run/nscd/socket"}, 110) = -1 ENOENT (No such file or directory)
14    socket(AF_UNIX, SOCK_STREAM|SOCK_CLOEXEC|SOCK_NONBLOCK, 0) = 3<socket:[131123]>
14    connect(3<socket:[131123]>, {sa_family=AF_UNIX, sun_path="/var/run/nscd/socket"}, 110) = -1 ENOENT (No such file or directory)
14    newfstatat(AT_FDCWD</workspace>, "/etc/nsswitch.conf", {st_mode=S_IFREG|0644, st_size=494, ...}, 0) = 0
14    newfstatat(AT_FDCWD</workspace>, "/", {st_mode=S_IFDIR|0755, st_size=4096, ...}, 0) = 0
14    openat(AT_FDCWD</workspace>, "/etc/nsswitch.conf", O_RDONLY|O_CLOEXEC) = 3</etc/nsswitch.conf>
14    newfstatat(3</etc/nsswitch.conf>, "", {st_mode=S_IFREG|0644, st_size=494, ...}, AT_EMPTY_PATH) = 0
14    newfstatat(3</etc/nsswitch.conf>, "", {st_mode=S_IFREG|0644, st_size=494, ...}, AT_EMPTY_PATH) = 0
14    openat(AT_FDCWD</workspace>, "/etc/passwd", O_RDONLY|O_CLOEXEC) = 3</etc/passwd>
14    newfstatat(3</etc/passwd>, "", {st_mode=S_IFREG|0644, st_size=878, ...}, AT_EMPTY_PATH) = 0
14    openat(AT_FDCWD</workspace>, "/chain/golden_stage3.sh", O_RDONLY) = 3</chain/golden_stage3.sh>
14    newfstatat(AT_FDCWD</workspace>, "/chain/golden_stage3.sh", {st_mode=S_IFREG|0775, st_size=878, ...}, 0) = 0
14    newfstatat(255</chain/golden_stage3.sh>, "", {st_mode=S_IFREG|0775, st_size=878, ...}, AT_EMPTY_PATH) = 0
14    newfstatat(AT_FDCWD</workspace>, "/workspace", {st_mode=S_IFDIR|0755, st_size=4096, ...}, 0) = 0
14    newfstatat(AT_FDCWD</workspace>, "/workspace/app", {st_mode=S_IFDIR|0775, st_size=4096, ...}, 0) = 0
14    newfstatat(AT_FDCWD</workspace>, "/workspace/app/HaoZhang95_Python24", {st_mode=S_IFDIR|0775, st_size=4096, ...}, 0) = 0
14    chdir("/workspace/app/HaoZhang95_Python24") = 0
14    newfstatat(AT_FDCWD</workspace/app/HaoZhang95_Python24>, ".", {st_mode=S_IFDIR|0775, st_size=4096, ...}, 0) = 0
14    newfstatat(AT_FDCWD</workspace/app/HaoZhang95_Python24>, "/usr/local/sbin/python3", 0x7ffd257d78e0, 0) = -1 ENOENT (No such file or directory)
14    newfstatat(AT_FDCWD</workspace/app/HaoZhang95_Python24>, "/usr/local/bin/python3", 0x7ffd257d78e0, 0) = -1 ENOENT (No such file or directory)
14    newfstatat(AT_FDCWD</workspace/app/HaoZhang95_Python24>, "/usr/sbin/python3", 0x7ffd257d78e0, 0) = -1 ENOENT (No such file or directory)
14    newfstatat(AT_FDCWD</workspace/app/HaoZhang95_Python24>, "/usr/bin/python3", {st_mode=S_IFREG|0755, st_size=6834488, ...}, 0) = 0
14    newfstatat(AT_FDCWD</workspace/app/HaoZhang95_Python24>, "/usr/bin/python3", {st_mode=S_IFREG|0755, st_size=6834488, ...}, 0) = 0
14    access("/usr/bin/python3", X_OK)  = 0
14    newfstatat(AT_FDCWD</workspace/app/HaoZhang95_Python24>, "/usr/bin/python3", {st_mode=S_IFREG|0755, st_size=6834488, ...}, 0) = 0
14    access("/usr/bin/python3", R_OK)  = 0
14    clone(child_stack=NULL, flags=CLONE_CHILD_CLEARTID|CLONE_CHILD_SETTID|SIGCHLD, child_tidptr=0x7f31a3c44a10) = 25
14    wait4(-1,  <unfinished ...>
25    execve("/usr/bin/python3", ["python3"], 0x56222f0ce3b0 /* 13 vars */) = 0
25    access("/etc/ld.so.preload", R_OK) = -1 ENOENT (No such file or directory)
25    openat(AT_FDCWD</workspace/app/HaoZhang95_Python24>, "/etc/ld.so.cache", O_RDONLY|O_CLOEXEC) = 3</etc/ld.so.cache>
25    newfstatat(3</etc/ld.so.cache>, "", {st_mode=S_IFREG|0644, st_size=8943, ...}, AT_EMPTY_PATH) = 0
25    openat(AT_FDCWD</workspace/app/HaoZhang95_Python24>, "/lib/x86_64-linux-gnu/libm.so.6", O_RDONLY|O_CLOEXEC) = 3</usr/lib/x86_64-linux-gnu/libm.so.6>
25    newfstatat(3</usr/lib/x86_64-linux-gnu/libm.so.6>, "", {st_mode=S_IFREG|0644, st_size=911904, ...}, AT_EMPTY_PATH) = 0
25    openat(AT_FDCWD</workspace/app/HaoZhang95_Python24>, "/lib/x86_64-linux-gnu/libz.so.1", O_RDONLY|O_CLOEXEC) = 3</usr/lib/x86_64-linux-gnu/libz.so.1.2.13>
25    newfstatat(3</usr/lib/x86_64-linux-gnu/libz.so.1.2.13>, "", {st_mode=S_IFREG|0644, st_size=121280, ...}, AT_EMPTY_PATH) = 0
25    openat(AT_FDCWD</workspace/app/HaoZhang95_Python24>, "/lib/x86_64-linux-gnu/libexpat.so.1", O_RDONLY|O_CLOEXEC) = 3</usr/lib/x86_64-linux-gnu/libexpat.so.1.8.10>
25    newfstatat(3</usr/lib/x86_64-linux-gnu/libexpat.so.1.8.10>, "", {st_mode=S_IFREG|0644, st_size=174184, ...}, AT_EMPTY_PATH) = 0
25    openat(AT_FDCWD</workspace/app/HaoZhang95_Python24>, "/lib/x86_64-linux-gnu/libc.so.6", O_RDONLY|O_CLOEXEC) = 3</usr/lib/x86_64-linux-gnu/libc.so.6>
25    newfstatat(3</usr/lib/x86_64-linux-gnu/libc.so.6>, "", {st_mode=S_IFREG|0755, st_size=1926232, ...}, AT_EMPTY_PATH) = 0
25    openat(AT_FDCWD</workspace/app/HaoZhang95_Python24>, "/usr/lib/locale/locale-archive", O_RDONLY|O_CLOEXEC) = -1 ENOENT (No such file or directory)
25    openat(AT_FDCWD</workspace/app/HaoZhang95_Python24>, "/usr/share/locale/locale.alias", O_RDONLY|O_CLOEXEC) = -1 ENOENT (No such file or directory)
25    openat(AT_FDCWD</workspace/app/HaoZhang95_Python24>, "/usr/lib/locale/C.UTF-8/LC_CTYPE", O_RDONLY|O_CLOEXEC) = -1 ENOENT (No such file or directory)
25    openat(AT_FDCWD</workspace/app/HaoZhang95_Python24>, "/usr/lib/locale/C.utf8/LC_CTYPE", O_RDONLY|O_CLOEXEC) = 3</usr/lib/locale/C.utf8/LC_CTYPE>
25    newfstatat(3</usr/lib/locale/C.utf8/LC_CTYPE>, "", {st_mode=S_IFREG|0644, st_size=353616, ...}, AT_EMPTY_PATH) = 0
25    openat(AT_FDCWD</workspace/app/HaoZhang95_Python24>, "/usr/lib/x86_64-linux-gnu/gconv/gconv-modules.cache", O_RDONLY) = 3</usr/lib/x86_64-linux-gnu/gconv/gconv-modules.cache>
25    newfstatat(3</usr/lib/x86_64-linux-gnu/gconv/gconv-modules.cache>, "", {st_mode=S_IFREG|0644, st_size=27028, ...}, AT_EMPTY_PATH) = 0
25    newfstatat(AT_FDCWD</workspace/app/HaoZhang95_Python24>, "/usr/local/sbin/python3", 0x7ffeca7560d0, 0) = -1 ENOENT (No such file or directory)
25    newfstatat(AT_FDCWD</workspace/app/HaoZhang95_Python24>, "/usr/local/bin/python3", 0x7ffeca7560d0, 0) = -1 ENOENT (No such file or directory)
25    newfstatat(AT_FDCWD</workspace/app/HaoZhang95_Python24>, "/usr/sbin/python3", 0x7ffeca7560d0, 0) = -1 ENOENT (No such file or directory)
25    newfstatat(AT_FDCWD</workspace/app/HaoZhang95_Python24>, "/usr/bin/python3", {st_mode=S_IFREG|0755, st_size=6834488, ...}, 0) = 0
25    openat(AT_FDCWD</workspace/app/HaoZhang95_Python24>, "/usr/pyvenv.cfg", O_RDONLY) = -1 ENOENT (No such file or directory)
25    openat(AT_FDCWD</workspace/app/HaoZhang95_Python24>, "/usr/bin/pyvenv.cfg", O_RDONLY) = -1 ENOENT (No such file or directory)
25    readlink("/usr/bin/python3", "python3.11", 4096) = 10
25    readlink("/usr/bin/python3.11", 0x7ffeca751100, 4096) = -1 EINVAL (Invalid argument)
25    openat(AT_FDCWD</workspace/app/HaoZhang95_Python24>, "/usr/bin/python3._pth", O_RDONLY) = -1 ENOENT (No such file or directory)
25    openat(AT_FDCWD</workspace/app/HaoZhang95_Python24>, "/usr/bin/python3.11._pth", O_RDONLY) = -1 ENOENT (No such file or directory)
25    openat(AT_FDCWD</workspace/app/HaoZhang95_Python24>, "/usr/bin/pybuilddir.txt", O_RDONLY) = -1 ENOENT (No such file or directory)
25    newfstatat(AT_FDCWD</workspace/app/HaoZhang95_Python24>, "/usr/bin/Modules/Setup.local", 0x7ffeca7560d0, 0) = -1 ENOENT (No such file or directory)
25    newfstatat(AT_FDCWD</workspace/app/HaoZhang95_Python24>, "/usr/bin/lib/python311.zip", 0x7ffeca755ea0, 0) = -1 ENOENT (No such file or directory)
25    newfstatat(AT_FDCWD</workspace/app/HaoZhang95_Python24>, "/usr/lib/python311.zip", 0x7ffeca755ea0, 0) = -1 ENOENT (No such file or directory)
25    newfstatat(AT_FDCWD</workspace/app/HaoZhang95_Python24>, "/usr/bin/lib/python3.11/os.py", 0x7ffeca755cf0, 0) = -1 ENOENT (No such file or directory)
25    newfstatat(AT_FDCWD</workspace/app/HaoZhang95_Python24>, "/usr/bin/lib/python3.11/os.pyc", 0x7ffeca755cf0, 0) = -1 ENOENT (No such file or directory)
25    newfstatat(AT_FDCWD</workspace/app/HaoZhang95_Python24>, "/usr/lib/python3.11/os.py", {st_mode=S_IFREG|0644, st_size=39504, ...}, 0) = 0
25    newfstatat(AT_FDCWD</workspace/app/HaoZhang95_Python24>, "/usr/bin/lib/python3.11/lib-dynload", 0x7ffeca755ea0, 0) = -1 ENOENT (No such file or directory)
25    newfstatat(AT_FDCWD</workspace/app/HaoZhang95_Python24>, "/usr/lib/python3.11/lib-dynload", {st_mode=S_IFDIR|0755, st_size=4096, ...}, 0) = 0
25    newfstatat(AT_FDCWD</workspace/app/HaoZhang95_Python24>, "/usr/lib/python3.11/lib-dynload", {st_mode=S_IFDIR|0755, st_size=4096, ...}, 0) = 0
25    openat(AT_FDCWD</workspace/app/HaoZhang95_Python24>, "/etc/localtime", O_RDONLY|O_CLOEXEC) = 3</usr/share/zoneinfo/Etc/UTC>
25    newfstatat(3</usr/share/zoneinfo/Etc/UTC>, "", {st_mode=S_IFREG|0644, st_size=114, ...}, AT_EMPTY_PATH) = 0
25    newfstatat(3</usr/share/zoneinfo/Etc/UTC>, "", {st_mode=S_IFREG|0644, st_size=114, ...}, AT_EMPTY_PATH) = 0
25    newfstatat(AT_FDCWD</workspace/app/HaoZhang95_Python24>, "/usr/lib/python311.zip", 0x7ffeca755930, 0) = -1 ENOENT (No such file or directory)
25    newfstatat(AT_FDCWD</workspace/app/HaoZhang95_Python24>, "/usr/lib", {st_mode=S_IFDIR|0755, st_size=4096, ...}, 0) = 0
25    newfstatat(AT_FDCWD</workspace/app/HaoZhang95_Python24>, "/usr/lib/python311.zip", 0x7ffeca755c00, 0) = -1 ENOENT (No such file or directory)
25    newfstatat(AT_FDCWD</workspace/app/HaoZhang95_Python24>, "/usr/lib/python3.11", {st_mode=S_IFDIR|0755, st_size=4096, ...}, 0) = 0
25    newfstatat(AT_FDCWD</workspace/app/HaoZhang95_Python24>, "/usr/lib/python3.11", {st_mode=S_IFDIR|0755, st_size=4096, ...}, 0) = 0
25    newfstatat(AT_FDCWD</workspace/app/HaoZhang95_Python24>, "/usr/lib/python3.11", {st_mode=S_IFDIR|0755, st_size=4096, ...}, 0) = 0
25    openat(AT_FDCWD</workspace/app/HaoZhang95_Python24>, "/usr/lib/python3.11", O_RDONLY|O_NONBLOCK|O_CLOEXEC|O_DIRECTORY) = 3</usr/lib/python3.11>
25    newfstatat(3</usr/lib/python3.11>, "", {st_mode=S_IFDIR|0755, st_size=4096, ...}, AT_EMPTY_PATH) = 0
25    newfstatat(AT_FDCWD</workspace/app/HaoZhang95_Python24>, "/usr/lib/python3.11/encodings/__init__.cpython-311-x86_64-linux-gnu.so", 0x7ffeca755c00, 0) = -1 ENOENT (No such file or directory)
25    newfstatat(AT_FDCWD</workspace/app/HaoZhang95_Python24>, "/usr/lib/python3.11/encodings/__init__.abi3.so", 0x7ffeca755c50, 0) = -1 ENOENT (No such file or directory)
25    newfstatat(AT_FDCWD</workspace/app/HaoZhang95_Python24>, "/usr/lib/python3.11/encodings/__init__.so", 0x7ffeca755c50, 0) = -1 ENOENT (No such file or directory)
25    newfstatat(AT_FDCWD</workspace/app/HaoZhang95_Python24>, "/usr/lib/python3.11/encodings/__init__.py", {st_mode=S_IFREG|0644, st_size=5884, ...}, 0) = 0
25    newfstatat(AT_FDCWD</workspace/app/HaoZhang95_Python24>, "/usr/lib/python3.11/encodings/__init__.py", {st_mode=S_IFREG|0644, st_size=5884, ...}, 0) = 0
25    openat(AT_FDCWD</workspace/app/HaoZhang95_Python24>, "/usr/lib/python3.11/encodings/__pycache__/__init__.cpython-311.pyc", O_RDONLY|O_CLOEXEC) = 3</usr/lib/python3.11/encodings/__pycache__/__init__.cpython-311.pyc>
25    newfstatat(3</usr/lib/python3.11/encodings/__pycache__/__init__.cpython-311.pyc>, "", {st_mode=S_IFREG|0644, st_size=6457, ...}, AT_EMPTY_PATH) = 0
25    newfstatat(3</usr/lib/python3.11/encodings/__pycache__/__init__.cpython-311.pyc>, "", {st_mode=S_IFREG|0644, st_size=6457, ...}, AT_EMPTY_PATH) = 0
25    newfstatat(AT_FDCWD</workspace/app/HaoZhang95_Python24>, "/usr/lib/python3.11/encodings", {st_mode=S_IFDIR|0755, st_size=4096, ...}, 0) = 0
25    newfstatat(AT_FDCWD</workspace/app/HaoZhang95_Python24>, "/usr/lib/python3.11/encodings", {st_mode=S_IFDIR|0755, st_size=4096, ...}, 0) = 0
25    newfstatat(AT_FDCWD</workspace/app/HaoZhang95_Python24>, "/usr/lib/python3.11/encodings", {st_mode=S_IFDIR|0755, st_size=4096, ...}, 0) = 0
25    openat(AT_FDCWD</workspace/app/HaoZhang95_Python24>, "/usr/lib/python3.11/encodings", O_RDONLY|O_NONBLOCK|O_CLOEXEC|O_DIRECTORY) = 3</usr/lib/python3.11/encodings>
25    newfstatat(3</usr/lib/python3.11/encodings>, "", {st_mode=S_IFDIR|0755, st_size=4096, ...}, AT_EMPTY_PATH) = 0
25    newfstatat(AT_FDCWD</workspace/app/HaoZhang95_Python24>, "/usr/lib/python3.11/encodings/aliases.py", {st_mode=S_IFREG|0644, st_size=15677, ...}, 0) = 0
25    newfstatat(AT_FDCWD</workspace/app/HaoZhang95_Python24>, "/usr/lib/python3.11/encodings/aliases.py", {st_mode=S_IFREG|0644, st_size=15677, ...}, 0) = 0
25    openat(AT_FDCWD</workspace/app/HaoZhang95_Python24>, "/usr/lib/python3.11/encodings/__pycache__/aliases.cpython-311.pyc", O_RDONLY|O_CLOEXEC) = 3</usr/lib/python3.11/encodings/__pycache__/aliases.cpython-311.pyc>
25    newfstatat(3</usr/lib/python3.11/encodings/__pycache__/aliases.cpython-311.pyc>, "", {st_mode=S_IFREG|0644, st_size=12647, ...}, AT_EMPTY_PATH) = 0
25    newfstatat(3</usr/lib/python3.11/encodings/__pycache__/aliases.cpython-311.pyc>, "", {st_mode=S_IFREG|0644, st_size=12647, ...}, AT_EMPTY_PATH) = 0
25    newfstatat(AT_FDCWD</workspace/app/HaoZhang95_Python24>, "/usr/lib/python3.11/encodings", {st_mode=S_IFDIR|0755, st_size=4096, ...}, 0) = 0
25    newfstatat(AT_FDCWD</workspace/app/HaoZhang95_Python24>, "/usr/lib/python3.11/encodings/utf_8.py", {st_mode=S_IFREG|0644, st_size=1005, ...}, 0) = 0
25    newfstatat(AT_FDCWD</workspace/app/HaoZhang95_Python24>, "/usr/lib/python3.11/encodings/utf_8.py", {st_mode=S_IFREG|0644, st_size=1005, ...}, 0) = 0
25    openat(AT_FDCWD</workspace/app/HaoZhang95_Python24>, "/usr/lib/python3.11/encodings/__pycache__/utf_8.cpython-311.pyc", O_RDONLY|O_CLOEXEC) = 3</usr/lib/python3.11/encodings/__pycache__/utf_8.cpython-311.pyc>
25    newfstatat(3</usr/lib/python3.11/encodings/__pycache__/utf_8.cpython-311.pyc>, "", {st_mode=S_IFREG|0644, st_size=2316, ...}, AT_EMPTY_PATH) = 0
25    newfstatat(3</usr/lib/python3.11/encodings/__pycache__/utf_8.cpython-311.pyc>, "", {st_mode=S_IFREG|0644, st_size=2316, ...}, AT_EMPTY_PATH) = 0
25    newfstatat(0<pipe:[114247]>, "", {st_mode=S_IFIFO|0600, st_size=0, ...}, AT_EMPTY_PATH) = 0
25    newfstatat(0<pipe:[114247]>, "", {st_mode=S_IFIFO|0600, st_size=0, ...}, AT_EMPTY_PATH) = 0
25    newfstatat(1</evidence/actor_stdout.log>, "", {st_mode=S_IFREG|0644, st_size=127, ...}, AT_EMPTY_PATH) = 0
25    newfstatat(2</evidence/actor_stderr.log>, "", {st_mode=S_IFREG|0644, st_size=0, ...}, AT_EMPTY_PATH) = 0
25    newfstatat(AT_FDCWD</workspace/app/HaoZhang95_Python24>, "/usr/bin/pyvenv.cfg", 0x7ffeca755a30, 0) = -1 ENOENT (No such file or directory)
25    newfstatat(AT_FDCWD</workspace/app/HaoZhang95_Python24>, "/usr/pyvenv.cfg", 0x7ffeca755a30, 0) = -1 ENOENT (No such file or directory)
25    newfstatat(AT_FDCWD</workspace/app/HaoZhang95_Python24>, "/root/.local/lib/python3.11/site-packages", 0x7ffeca755a30, 0) = -1 ENOENT (No such file or directory)
25    newfstatat(AT_FDCWD</workspace/app/HaoZhang95_Python24>, "/usr/local/lib/python3.11/dist-packages", {st_mode=S_IFDIR|0755, st_size=4096, ...}, 0) = 0
25    openat(AT_FDCWD</workspace/app/HaoZhang95_Python24>, "/usr/local/lib/python3.11/dist-packages", O_RDONLY|O_NONBLOCK|O_CLOEXEC|O_DIRECTORY) = 3</usr/local/lib/python3.11/dist-packages>
25    newfstatat(3</usr/local/lib/python3.11/dist-packages>, "", {st_mode=S_IFDIR|0755, st_size=4096, ...}, AT_EMPTY_PATH) = 0
25    newfstatat(AT_FDCWD</workspace/app/HaoZhang95_Python24>, "/usr/lib/python3/dist-packages", {st_mode=S_IFDIR|0755, st_size=4096, ...}, 0) = 0
25    openat(AT_FDCWD</workspace/app/HaoZhang95_Python24>, "/usr/lib/python3/dist-packages", O_RDONLY|O_NONBLOCK|O_CLOEXEC|O_DIRECTORY) = 3</usr/lib/python3/dist-packages>
25    newfstatat(3</usr/lib/python3/dist-packages>, "", {st_mode=S_IFDIR|0755, st_size=4096, ...}, AT_EMPTY_PATH) = 0
25    openat(AT_FDCWD</workspace/app/HaoZhang95_Python24>, "/usr/lib/python3/dist-packages/distutils-precedence.pth", O_RDONLY|O_CLOEXEC) = 3</usr/lib/python3/dist-packages/distutils-precedence.pth>
25    newfstatat(3</usr/lib/python3/dist-packages/distutils-precedence.pth>, "", {st_mode=S_IFREG|0644, st_size=151, ...}, AT_EMPTY_PATH) = 0
25    newfstatat(AT_FDCWD</workspace/app/HaoZhang95_Python24>, "/usr/lib/python3.11", {st_mode=S_IFDIR|0755, st_size=4096, ...}, 0) = 0
25    newfstatat(AT_FDCWD</workspace/app/HaoZhang95_Python24>, "/usr/lib/python3.11/lib-dynload", {st_mode=S_IFDIR|0755, st_size=4096, ...}, 0) = 0
25    newfstatat(AT_FDCWD</workspace/app/HaoZhang95_Python24>, "/usr/lib/python3.11/lib-dynload", {st_mode=S_IFDIR|0755, st_size=4096, ...}, 0) = 0
25    newfstatat(AT_FDCWD</workspace/app/HaoZhang95_Python24>, "/usr/lib/python3.11/lib-dynload", {st_mode=S_IFDIR|0755, st_size=4096, ...}, 0) = 0
25    openat(AT_FDCWD</workspace/app/HaoZhang95_Python24>, "/usr/lib/python3.11/lib-dynload", O_RDONLY|O_NONBLOCK|O_CLOEXEC|O_DIRECTORY) = 4</usr/lib/python3.11/lib-dynload>
25    newfstatat(4</usr/lib/python3.11/lib-dynload>, "", {st_mode=S_IFDIR|0755, st_size=4096, ...}, AT_EMPTY_PATH) = 0
25    newfstatat(AT_FDCWD</workspace/app/HaoZhang95_Python24>, "/usr/local/lib/python3.11/dist-packages", {st_mode=S_IFDIR|0755, st_size=4096, ...}, 0) = 0
25    newfstatat(AT_FDCWD</workspace/app/HaoZhang95_Python24>, "/usr/local/lib/python3.11/dist-packages", {st_mode=S_IFDIR|0755, st_size=4096, ...}, 0) = 0
25    newfstatat(AT_FDCWD</workspace/app/HaoZhang95_Python24>, "/usr/local/lib/python3.11/dist-packages", {st_mode=S_IFDIR|0755, st_size=4096, ...}, 0) = 0
25    openat(AT_FDCWD</workspace/app/HaoZhang95_Python24>, "/usr/local/lib/python3.11/dist-packages", O_RDONLY|O_NONBLOCK|O_CLOEXEC|O_DIRECTORY) = 4</usr/local/lib/python3.11/dist-packages>
25    newfstatat(4</usr/local/lib/python3.11/dist-packages>, "", {st_mode=S_IFDIR|0755, st_size=4096, ...}, AT_EMPTY_PATH) = 0
25    newfstatat(AT_FDCWD</workspace/app/HaoZhang95_Python24>, "/usr/lib/python3/dist-packages", {st_mode=S_IFDIR|0755, st_size=4096, ...}, 0) = 0
25    newfstatat(AT_FDCWD</workspace/app/HaoZhang95_Python24>, "/usr/lib/python3/dist-packages", {st_mode=S_IFDIR|0755, st_size=4096, ...}, 0) = 0
25    newfstatat(AT_FDCWD</workspace/app/HaoZhang95_Python24>, "/usr/lib/python3/dist-packages", {st_mode=S_IFDIR|0755, st_size=4096, ...}, 0) = 0
25    openat(AT_FDCWD</workspace/app/HaoZhang95_Python24>, "/usr/lib/python3/dist-packages", O_RDONLY|O_NONBLOCK|O_CLOEXEC|O_DIRECTORY) = 4</usr/lib/python3/dist-packages>
25    newfstatat(4</usr/lib/python3/dist-packages>, "", {st_mode=S_IFDIR|0755, st_size=4096, ...}, AT_EMPTY_PATH) = 0
25    newfstatat(AT_FDCWD</workspace/app/HaoZhang95_Python24>, "/usr/lib/python3/dist-packages/_distutils_hack/__init__.cpython-311-x86_64-linux-gnu.so", 0x7ffeca755290, 0) = -1 ENOENT (No such file or directory)
25    newfstatat(AT_FDCWD</workspace/app/HaoZhang95_Python24>, "/usr/lib/python3/dist-packages/_distutils_hack/__init__.abi3.so", 0x7ffeca755290, 0) = -1 ENOENT (No such file or directory)
25    newfstatat(AT_FDCWD</workspace/app/HaoZhang95_Python24>, "/usr/lib/python3/dist-packages/_distutils_hack/__init__.so", 0x7ffeca755290, 0) = -1 ENOENT (No such file or directory)
25    newfstatat(AT_FDCWD</workspace/app/HaoZhang95_Python24>, "/usr/lib/python3/dist-packages/_distutils_hack/__init__.py", {st_mode=S_IFREG|0644, st_size=6128, ...}, 0) = 0
25    newfstatat(AT_FDCWD</workspace/app/HaoZhang95_Python24>, "/usr/lib/python3/dist-packages/_distutils_hack/__init__.py", {st_mode=S_IFREG|0644, st_size=6128, ...}, 0) = 0
25    openat(AT_FDCWD</workspace/app/HaoZhang95_Python24>, "/usr/lib/python3/dist-packages/_distutils_hack/__pycache__/__init__.cpython-311.pyc", O_RDONLY|O_CLOEXEC) = 4</usr/lib/python3/dist-packages/_distutils_hack/__pycache__/__init__.cpython-311.pyc>
25    newfstatat(4</usr/lib/python3/dist-packages/_distutils_hack/__pycache__/__init__.cpython-311.pyc>, "", {st_mode=S_IFREG|0644, st_size=11132, ...}, AT_EMPTY_PATH) = 0
25    newfstatat(4</usr/lib/python3/dist-packages/_distutils_hack/__pycache__/__init__.cpython-311.pyc>, "", {st_mode=S_IFREG|0644, st_size=11132, ...}, AT_EMPTY_PATH) = 0
25    newfstatat(AT_FDCWD</workspace/app/HaoZhang95_Python24>, "/usr/lib/python3.11/dist-packages", 0x7ffeca755a30, 0) = -1 ENOENT (No such file or directory)
25    newfstatat(AT_FDCWD</workspace/app/HaoZhang95_Python24>, "/usr/lib/python3.11", {st_mode=S_IFDIR|0755, st_size=4096, ...}, 0) = 0
25    newfstatat(AT_FDCWD</workspace/app/HaoZhang95_Python24>, "/usr/lib/python3.11/sitecustomize.py", {st_mode=S_IFREG|0644, st_size=155, ...}, 0) = 0
25    newfstatat(AT_FDCWD</workspace/app/HaoZhang95_Python24>, "/usr/lib/python3.11/sitecustomize.py", {st_mode=S_IFREG|0644, st_size=155, ...}, 0) = 0
25    openat(AT_FDCWD</workspace/app/HaoZhang95_Python24>, "/usr/lib/python3.11/__pycache__/sitecustomize.cpython-311.pyc", O_RDONLY|O_CLOEXEC) = 3</usr/lib/python3.11/__pycache__/sitecustomize.cpython-311.pyc>
25    newfstatat(3</usr/lib/python3.11/__pycache__/sitecustomize.cpython-311.pyc>, "", {st_mode=S_IFREG|0644, st_size=334, ...}, AT_EMPTY_PATH) = 0
25    newfstatat(3</usr/lib/python3.11/__pycache__/sitecustomize.cpython-311.pyc>, "", {st_mode=S_IFREG|0644, st_size=334, ...}, AT_EMPTY_PATH) = 0
25    newfstatat(AT_FDCWD</workspace/app/HaoZhang95_Python24>, "/usr/lib/python3.11", {st_mode=S_IFDIR|0755, st_size=4096, ...}, 0) = 0
25    newfstatat(AT_FDCWD</workspace/app/HaoZhang95_Python24>, "/usr/lib/python3.11/lib-dynload", {st_mode=S_IFDIR|0755, st_size=4096, ...}, 0) = 0
25    newfstatat(AT_FDCWD</workspace/app/HaoZhang95_Python24>, "/usr/local/lib/python3.11/dist-packages", {st_mode=S_IFDIR|0755, st_size=4096, ...}, 0) = 0
25    newfstatat(AT_FDCWD</workspace/app/HaoZhang95_Python24>, "/usr/lib/python3/dist-packages", {st_mode=S_IFDIR|0755, st_size=4096, ...}, 0) = 0
25    newfstatat(AT_FDCWD</workspace/app/HaoZhang95_Python24>, "/usr/lib/python3.11", {st_mode=S_IFDIR|0755, st_size=4096, ...}, 0) = 0
25    newfstatat(AT_FDCWD</workspace/app/HaoZhang95_Python24>, "/usr/lib/python3.11/lib-dynload", {st_mode=S_IFDIR|0755, st_size=4096, ...}, 0) = 0
25    newfstatat(AT_FDCWD</workspace/app/HaoZhang95_Python24>, "/usr/local/lib/python3.11/dist-packages", {st_mode=S_IFDIR|0755, st_size=4096, ...}, 0) = 0
25    newfstatat(AT_FDCWD</workspace/app/HaoZhang95_Python24>, "/usr/lib/python3/dist-packages", {st_mode=S_IFDIR|0755, st_size=4096, ...}, 0) = 0
25    readlink("", 0x7ffeca745710, 4096) = -1 ENOENT (No such file or directory)
25    newfstatat(0<pipe:[114247]>, "", {st_mode=S_IFIFO|0600, st_size=0, ...}, AT_EMPTY_PATH) = 0
25    openat(AT_FDCWD</workspace/app/HaoZhang95_Python24>, "15Flask/day04/cart_options/views.py", O_RDONLY|O_CLOEXEC) = 3</workspace/app/HaoZhang95_Python24/15Flask/day04/cart_options/views.py>
25    newfstatat(3</workspace/app/HaoZhang95_Python24/15Flask/day04/cart_options/views.py>, "", {st_mode=S_IFREG|0644, st_size=630, ...}, AT_EMPTY_PATH) = 0
25    newfstatat(3</workspace/app/HaoZhang95_Python24/15Flask/day04/cart_options/views.py>, "", {st_mode=S_IFREG|0644, st_size=630, ...}, AT_EMPTY_PATH) = 0
25    openat(AT_FDCWD</workspace/app/HaoZhang95_Python24>, "15Flask/day04/cart_options/views.py", O_WRONLY|O_CREAT|O_TRUNC|O_CLOEXEC, 0666) = 3</workspace/app/HaoZhang95_Python24/15Flask/day04/cart_options/views.py>
25    newfstatat(3</workspace/app/HaoZhang95_Python24/15Flask/day04/cart_options/views.py>, "", {st_mode=S_IFREG|0644, st_size=0, ...}, AT_EMPTY_PATH) = 0
25    exit_group(0)                     = ?
25    +++ exited with 0 +++
14    <... wait4 resumed>[{WIFEXITED(s) && WEXITSTATUS(s) == 0}], 0, NULL) = 25
14    --- SIGCHLD {si_signo=SIGCHLD, si_code=CLD_EXITED, si_pid=25, si_uid=0, si_status=0, si_utime=1 /* 0.01 s */, si_stime=0} ---
14    wait4(-1, 0x7ffd257d7390, WNOHANG, NULL) = -1 ECHILD (No child processes)
14    exit_group(0)                     = ?
14    +++ exited with 0 +++
13    --- SIGCHLD {si_signo=SIGCHLD, si_code=CLD_EXITED, si_pid=14, si_uid=0, si_status=0, si_utime=0, si_stime=0} ---
13    wait4(14, [{WIFEXITED(s) && WEXITSTATUS(s) == 0}], WNOHANG, NULL) = 14
13    exit_group(0)                     = ?
13    +++ exited with 0 +++
