13    execve("/usr/bin/timeout", ["timeout", "600", "bash", "-c", "bash /chain/golden_solution.sh /workspace/app"], 0x7ffd34ae9630 /* 12 vars */) = 0
13    access("/etc/ld.so.preload", R_OK) = -1 ENOENT (No such file or directory)
13    openat(AT_FDCWD</workspace>, "/etc/ld.so.cache", O_RDONLY|O_CLOEXEC) = 3</etc/ld.so.cache>
13    newfstatat(3</etc/ld.so.cache>, "", {st_mode=S_IFREG|0644, st_size=8943, ...}, AT_EMPTY_PATH) = 0
13    openat(AT_FDCWD</workspace>, "/lib/x86_64-linux-gnu/libc.so.6", O_RDONLY|O_CLOEXEC) = 3</usr/lib/x86_64-linux-gnu/libc.so.6>
13    newfstatat(3</usr/lib/x86_64-linux-gnu/libc.so.6>, "", {st_mode=S_IFREG|0755, st_size=1926232, ...}, AT_EMPTY_PATH) = 0
13    clone(child_stack=NULL, flags=CLONE_CHILD_CLEARTID|CLONE_CHILD_SETTID|SIGCHLD, child_tidptr=0x7fba9c592a10) = 14
13    wait4(14, 0x7ffefa7ad79c, WNOHANG, NULL) = 0
14    execve("/usr/local/sbin/bash", ["bash", "-c", "bash /chain/golden_solution.sh /workspace/app"], 0x7ffefa7ada48 /* 12 vars */) = -1 ENOENT (No such file or directory)
14    execve("/usr/local/bin/bash", ["bash", "-c", "bash /chain/golden_solution.sh /workspace/app"], 0x7ffefa7ada48 /* 12 vars */) = -1 ENOENT (No such file or directory)
14    execve("/usr/sbin/bash", ["bash", "-c", "bash /chain/golden_solution.sh /workspace/app"], 0x7ffefa7ada48 /* 12 vars */) = -1 ENOENT (No such file or directory)
14    execve("/usr/bin/bash", ["bash", "-c", "bash /chain/golden_solution.sh /workspace/app"], 0x7ffefa7ada48 /* 12 vars */) = 0
14    access("/etc/ld.so.preload", R_OK) = -1 ENOENT (No such file or directory)
14    openat(AT_FDCWD</workspace>, "/etc/ld.so.cache", O_RDONLY|O_CLOEXEC) = 3</etc/ld.so.cache>
14    newfstatat(3</etc/ld.so.cache>, "", {st_mode=S_IFREG|0644, st_size=8943, ...}, AT_EMPTY_PATH) = 0
14    openat(AT_FDCWD</workspace>, "/lib/x86_64-linux-gnu/libtinfo.so.6", O_RDONLY|O_CLOEXEC) = 3</usr/lib/x86_64-linux-gnu/libtinfo.so.6.4>
14    newfstatat(3</usr/lib/x86_64-linux-gnu/libtinfo.so.6.4>, "", {st_mode=S_IFREG|0644, st_size=204088, ...}, AT_EMPTY_PATH) = 0
14    openat(AT_FDCWD</workspace>, "/lib/x86_64-linux-gnu/libc.so.6", O_RDONLY|O_CLOEXEC) = 3</usr/lib/x86_64-linux-gnu/libc.so.6>
14    newfstatat(3</usr/lib/x86_64-linux-gnu/libc.so.6>, "", {st_mode=S_IFREG|0755, st_size=1926232, ...}, AT_EMPTY_PATH) = 0
14    openat(AT_FDCWD</workspace>, "/dev/tty", O_RDWR|O_NONBLOCK) = -1 ENXIO (No such device or address)
14    newfstatat(AT_FDCWD</workspace>, "/workspace", {st_mode=S_IFDIR|0755, st_size=4096, ...}, 0) = 0
14    newfstatat(AT_FDCWD</workspace>, ".", {st_mode=S_IFDIR|0755, st_size=4096, ...}, 0) = 0
14    newfstatat(AT_FDCWD</workspace>, "/workspace", {st_mode=S_IFDIR|0755, st_size=4096, ...}, 0) = 0
14    newfstatat(AT_FDCWD</workspace>, ".", {st_mode=S_IFDIR|0755, st_size=4096, ...}, 0) = 0
14    newfstatat(AT_FDCWD</workspace>, "/usr/local/sbin/bash", 0x7fff4ee64180, 0) = -1 ENOENT (No such file or directory)
14    newfstatat(AT_FDCWD</workspace>, "/usr/local/bin/bash", 0x7fff4ee64180, 0) = -1 ENOENT (No such file or directory)
14    newfstatat(AT_FDCWD</workspace>, "/usr/sbin/bash", 0x7fff4ee64180, 0) = -1 ENOENT (No such file or directory)
14    newfstatat(AT_FDCWD</workspace>, "/usr/bin/bash", {st_mode=S_IFREG|0755, st_size=1265648, ...}, 0) = 0
14    newfstatat(AT_FDCWD</workspace>, "/usr/bin/bash", {st_mode=S_IFREG|0755, st_size=1265648, ...}, 0) = 0
14    access("/usr/bin/bash", X_OK)     = 0
14    newfstatat(AT_FDCWD</workspace>, "/usr/bin/bash", {st_mode=S_IFREG|0755, st_size=1265648, ...}, 0) = 0
14    access("/usr/bin/bash", R_OK)     = 0
14    socket(AF_UNIX, SOCK_STREAM|SOCK_CLOEXEC|SOCK_NONBLOCK, 0) = 3<socket:[92439]>
14    connect(3<socket:[92439]>, {sa_family=AF_UNIX, sun_path="/var/run/nscd/socket"}, 110) = -1 ENOENT (No such file or directory)
14    socket(AF_UNIX, SOCK_STREAM|SOCK_CLOEXEC|SOCK_NONBLOCK, 0) = 3<socket:[92440]>
14    connect(3<socket:[92440]>, {sa_family=AF_UNIX, sun_path="/var/run/nscd/socket"}, 110) = -1 ENOENT (No such file or directory)
14    newfstatat(AT_FDCWD</workspace>, "/etc/nsswitch.conf", {st_mode=S_IFREG|0644, st_size=494, ...}, 0) = 0
14    newfstatat(AT_FDCWD</workspace>, "/", {st_mode=S_IFDIR|0755, st_size=4096, ...}, 0) = 0
14    openat(AT_FDCWD</workspace>, "/etc/nsswitch.conf", O_RDONLY|O_CLOEXEC) = 3</etc/nsswitch.conf>
14    newfstatat(3</etc/nsswitch.conf>, "", {st_mode=S_IFREG|0644, st_size=494, ...}, AT_EMPTY_PATH) = 0
14    newfstatat(3</etc/nsswitch.conf>, "", {st_mode=S_IFREG|0644, st_size=494, ...}, AT_EMPTY_PATH) = 0
14    openat(AT_FDCWD</workspace>, "/etc/passwd", O_RDONLY|O_CLOEXEC) = 3</etc/passwd>
14    newfstatat(3</etc/passwd>, "", {st_mode=S_IFREG|0644, st_size=878, ...}, AT_EMPTY_PATH) = 0
14    getpeername(0</dev/null>, 0x7fff4ee64570, [16]) = -1 ENOTSOCK (Socket operation on non-socket)
14    newfstatat(AT_FDCWD</workspace>, ".", {st_mode=S_IFDIR|0755, st_size=4096, ...}, 0) = 0
14    newfstatat(AT_FDCWD</workspace>, "/usr/local/sbin/bash", 0x7fff4ee640b0, 0) = -1 ENOENT (No such file or directory)
14    newfstatat(AT_FDCWD</workspace>, "/usr/local/bin/bash", 0x7fff4ee640b0, 0) = -1 ENOENT (No such file or directory)
14    newfstatat(AT_FDCWD</workspace>, "/usr/sbin/bash", 0x7fff4ee640b0, 0) = -1 ENOENT (No such file or directory)
14    newfstatat(AT_FDCWD</workspace>, "/usr/bin/bash", {st_mode=S_IFREG|0755, st_size=1265648, ...}, 0) = 0
14    newfstatat(AT_FDCWD</workspace>, "/usr/bin/bash", {st_mode=S_IFREG|0755, st_size=1265648, ...}, 0) = 0
14    access("/usr/bin/bash", X_OK)     = 0
14    newfstatat(AT_FDCWD</workspace>, "/usr/bin/bash", {st_mode=S_IFREG|0755, st_size=1265648, ...}, 0) = 0
14    access("/usr/bin/bash", R_OK)     = 0
14    execve("/usr/bin/bash", ["bash", "/chain/golden_solution.sh", "/workspace/app"], 0x5589d3f2aa40 /* 12 vars */) = 0
14    access("/etc/ld.so.preload", R_OK) = -1 ENOENT (No such file or directory)
14    openat(AT_FDCWD</workspace>, "/etc/ld.so.cache", O_RDONLY|O_CLOEXEC) = 3</etc/ld.so.cache>
14    newfstatat(3</etc/ld.so.cache>, "", {st_mode=S_IFREG|0644, st_size=8943, ...}, AT_EMPTY_PATH) = 0
14    openat(AT_FDCWD</workspace>, "/lib/x86_64-linux-gnu/libtinfo.so.6", O_RDONLY|O_CLOEXEC) = 3</usr/lib/x86_64-linux-gnu/libtinfo.so.6.4>
14    newfstatat(3</usr/lib/x86_64-linux-gnu/libtinfo.so.6.4>, "", {st_mode=S_IFREG|0644, st_size=204088, ...}, AT_EMPTY_PATH) = 0
14    openat(AT_FDCWD</workspace>, "/lib/x86_64-linux-gnu/libc.so.6", O_RDONLY|O_CLOEXEC) = 3</usr/lib/x86_64-linux-gnu/libc.so.6>
14    newfstatat(3</usr/lib/x86_64-linux-gnu/libc.so.6>, "", {st_mode=S_IFREG|0755, st_size=1926232, ...}, AT_EMPTY_PATH) = 0
14    openat(AT_FDCWD</workspace>, "/dev/tty", O_RDWR|O_NONBLOCK) = -1 ENXIO (No such device or address)
14    newfstatat(AT_FDCWD</workspace>, "/workspace", {st_mode=S_IFDIR|0755, st_size=4096, ...}, 0) = 0
14    newfstatat(AT_FDCWD</workspace>, ".", {st_mode=S_IFDIR|0755, st_size=4096, ...}, 0) = 0
14    newfstatat(AT_FDCWD</workspace>, "/workspace", {st_mode=S_IFDIR|0755, st_size=4096, ...}, 0) = 0
14    newfstatat(AT_FDCWD</workspace>, ".", {st_mode=S_IFDIR|0755, st_size=4096, ...}, 0) = 0
14    newfstatat(AT_FDCWD</workspace>, "/usr/local/sbin/bash", 0x7ffeec0238b0, 0) = -1 ENOENT (No such file or directory)
14    newfstatat(AT_FDCWD</workspace>, "/usr/local/bin/bash", 0x7ffeec0238b0, 0) = -1 ENOENT (No such file or directory)
14    newfstatat(AT_FDCWD</workspace>, "/usr/sbin/bash", 0x7ffeec0238b0, 0) = -1 ENOENT (No such file or directory)
14    newfstatat(AT_FDCWD</workspace>, "/usr/bin/bash", {st_mode=S_IFREG|0755, st_size=1265648, ...}, 0) = 0
14    newfstatat(AT_FDCWD</workspace>, "/usr/bin/bash", {st_mode=S_IFREG|0755, st_size=1265648, ...}, 0) = 0
14    access("/usr/bin/bash", X_OK)     = 0
14    newfstatat(AT_FDCWD</workspace>, "/usr/bin/bash", {st_mode=S_IFREG|0755, st_size=1265648, ...}, 0) = 0
14    access("/usr/bin/bash", R_OK)     = 0
14    socket(AF_UNIX, SOCK_STREAM|SOCK_CLOEXEC|SOCK_NONBLOCK, 0) = 3<socket:[92441]>
14    connect(3<socket:[92441]>, {sa_family=AF_UNIX, sun_path="/var/run/nscd/socket"}, 110) = -1 ENOENT (No such file or directory)
14    socket(AF_UNIX, SOCK_STREAM|SOCK_CLOEXEC|SOCK_NONBLOCK, 0) = 3<socket:[92442]>
14    connect(3<socket:[92442]>, {sa_family=AF_UNIX, sun_path="/var/run/nscd/socket"}, 110) = -1 ENOENT (No such file or directory)
14    newfstatat(AT_FDCWD</workspace>, "/etc/nsswitch.conf", {st_mode=S_IFREG|0644, st_size=494, ...}, 0) = 0
14    newfstatat(AT_FDCWD</workspace>, "/", {st_mode=S_IFDIR|0755, st_size=4096, ...}, 0) = 0
14    openat(AT_FDCWD</workspace>, "/etc/nsswitch.conf", O_RDONLY|O_CLOEXEC) = 3</etc/nsswitch.conf>
14    newfstatat(3</etc/nsswitch.conf>, "", {st_mode=S_IFREG|0644, st_size=494, ...}, AT_EMPTY_PATH) = 0
14    newfstatat(3</etc/nsswitch.conf>, "", {st_mode=S_IFREG|0644, st_size=494, ...}, AT_EMPTY_PATH) = 0
14    openat(AT_FDCWD</workspace>, "/etc/passwd", O_RDONLY|O_CLOEXEC) = 3</etc/passwd>
14    newfstatat(3</etc/passwd>, "", {st_mode=S_IFREG|0644, st_size=878, ...}, AT_EMPTY_PATH) = 0
14    openat(AT_FDCWD</workspace>, "/chain/golden_solution.sh", O_RDONLY) = 3</chain/golden_solution.sh>
14    newfstatat(AT_FDCWD</workspace>, "/chain/golden_solution.sh", {st_mode=S_IFREG|0775, st_size=4639, ...}, 0) = 0
14    newfstatat(255</chain/golden_solution.sh>, "", {st_mode=S_IFREG|0775, st_size=4639, ...}, AT_EMPTY_PATH) = 0
14    newfstatat(AT_FDCWD</workspace>, "/workspace", {st_mode=S_IFDIR|0755, st_size=4096, ...}, 0) = 0
14    newfstatat(AT_FDCWD</workspace>, "/workspace/app", {st_mode=S_IFDIR|S_ISGID|0755, st_size=4096, ...}, 0) = 0
14    chdir("/workspace/app")           = 0
14    newfstatat(AT_FDCWD</workspace/app>, "Dockerfile", {st_mode=S_IFREG|0644, st_size=177, ...}, 0) = 0
14    newfstatat(AT_FDCWD</workspace/app>, ".", {st_mode=S_IFDIR|S_ISGID|0755, st_size=4096, ...}, 0) = 0
14    newfstatat(AT_FDCWD</workspace/app>, "/usr/local/sbin/sed", 0x7ffeec0234a0, 0) = -1 ENOENT (No such file or directory)
14    newfstatat(AT_FDCWD</workspace/app>, "/usr/local/bin/sed", 0x7ffeec0234a0, 0) = -1 ENOENT (No such file or directory)
14    newfstatat(AT_FDCWD</workspace/app>, "/usr/sbin/sed", 0x7ffeec0234a0, 0) = -1 ENOENT (No such file or directory)
14    newfstatat(AT_FDCWD</workspace/app>, "/usr/bin/sed", {st_mode=S_IFREG|0755, st_size=126424, ...}, 0) = 0
14    newfstatat(AT_FDCWD</workspace/app>, "/usr/bin/sed", {st_mode=S_IFREG|0755, st_size=126424, ...}, 0) = 0
14    access("/usr/bin/sed", X_OK)      = 0
14    newfstatat(AT_FDCWD</workspace/app>, "/usr/bin/sed", {st_mode=S_IFREG|0755, st_size=126424, ...}, 0) = 0
14    access("/usr/bin/sed", R_OK)      = 0
14    clone(child_stack=NULL, flags=CLONE_CHILD_CLEARTID|CLONE_CHILD_SETTID|SIGCHLD, child_tidptr=0x7fb9b4e18a10) = 15
14    wait4(-1,  <unfinished ...>
15    openat(AT_FDCWD</workspace/app>, "/dev/null", O_WRONLY|O_CREAT|O_TRUNC, 0666) = 3</dev/null>
15    execve("/usr/bin/sed", ["sed", "-i.bak", "s/--frozen-lockfile//", "Dockerfile"], 0x55e63634e640 /* 13 vars */) = 0
15    access("/etc/ld.so.preload", R_OK) = -1 ENOENT (No such file or directory)
15    openat(AT_FDCWD</workspace/app>, "/etc/ld.so.cache", O_RDONLY|O_CLOEXEC) = 3</etc/ld.so.cache>
15    newfstatat(3</etc/ld.so.cache>, "", {st_mode=S_IFREG|0644, st_size=8943, ...}, AT_EMPTY_PATH) = 0
15    openat(AT_FDCWD</workspace/app>, "/lib/x86_64-linux-gnu/libacl.so.1", O_RDONLY|O_CLOEXEC) = 3</usr/lib/x86_64-linux-gnu/libacl.so.1.1.2301>
15    newfstatat(3</usr/lib/x86_64-linux-gnu/libacl.so.1.1.2301>, "", {st_mode=S_IFREG|0644, st_size=38832, ...}, AT_EMPTY_PATH) = 0
15    openat(AT_FDCWD</workspace/app>, "/lib/x86_64-linux-gnu/libselinux.so.1", O_RDONLY|O_CLOEXEC) = 3</usr/lib/x86_64-linux-gnu/libselinux.so.1>
15    newfstatat(3</usr/lib/x86_64-linux-gnu/libselinux.so.1>, "", {st_mode=S_IFREG|0644, st_size=174312, ...}, AT_EMPTY_PATH) = 0
15    openat(AT_FDCWD</workspace/app>, "/lib/x86_64-linux-gnu/libc.so.6", O_RDONLY|O_CLOEXEC) = 3</usr/lib/x86_64-linux-gnu/libc.so.6>
15    newfstatat(3</usr/lib/x86_64-linux-gnu/libc.so.6>, "", {st_mode=S_IFREG|0755, st_size=1926232, ...}, AT_EMPTY_PATH) = 0
15    openat(AT_FDCWD</workspace/app>, "/lib/x86_64-linux-gnu/libpcre2-8.so.0", O_RDONLY|O_CLOEXEC) = 3</usr/lib/x86_64-linux-gnu/libpcre2-8.so.0.11.2>
15    newfstatat(3</usr/lib/x86_64-linux-gnu/libpcre2-8.so.0.11.2>, "", {st_mode=S_IFREG|0644, st_size=629384, ...}, AT_EMPTY_PATH) = 0
15    statfs("/sys/fs/selinux", 0x7fffae7cf100) = -1 ENOENT (No such file or directory)
15    statfs("/selinux", 0x7fffae7cf100) = -1 ENOENT (No such file or directory)
15    openat(AT_FDCWD</workspace/app>, "/proc/filesystems", O_RDONLY|O_CLOEXEC) = 3</proc/filesystems>
15    newfstatat(3</proc/filesystems>, "", {st_mode=S_IFREG|0444, st_size=0, ...}, AT_EMPTY_PATH) = 0
15    access("/etc/selinux/config", F_OK) = -1 ENOENT (No such file or directory)
15    openat(AT_FDCWD</workspace/app>, "Dockerfile", O_RDONLY) = 3</workspace/app/Dockerfile>
15    newfstatat(3</workspace/app/Dockerfile>, "", {st_mode=S_IFREG|0644, st_size=177, ...}, AT_EMPTY_PATH) = 0
15    openat(AT_FDCWD</workspace/app>, "./sed11llhs", O_RDWR|O_CREAT|O_EXCL, 0600) = 4</workspace/app/sed11llhs>
15    newfstatat(3</workspace/app/Dockerfile>, "", {st_mode=S_IFREG|0644, st_size=177, ...}, AT_EMPTY_PATH) = 0
15    newfstatat(4</workspace/app/sed11llhs>, "", {st_mode=S_IFREG|0600, st_size=0, ...}, AT_EMPTY_PATH) = 0
15    newfstatat(3</workspace/app/Dockerfile>, "", {st_mode=S_IFREG|0644, st_size=177, ...}, AT_EMPTY_PATH) = 0
15    rename("Dockerfile", "Dockerfile.bak") = 0
15    rename("./sed11llhs", "Dockerfile") = 0
15    exit_group(0)                     = ?
15    +++ exited with 0 +++
14    <... wait4 resumed>[{WIFEXITED(s) && WEXITSTATUS(s) == 0}], 0, NULL) = 15
14    --- SIGCHLD {si_signo=SIGCHLD, si_code=CLD_EXITED, si_pid=15, si_uid=0, si_status=0, si_utime=0, si_stime=0} ---
14    wait4(-1, 0x7ffeec022f50, WNOHANG, NULL) = -1 ECHILD (No child processes)
14    newfstatat(AT_FDCWD</workspace/app>, ".", {st_mode=S_IFDIR|S_ISGID|0755, st_size=4096, ...}, 0) = 0
14    newfstatat(AT_FDCWD</workspace/app>, "/usr/local/sbin/rm", 0x7ffeec023640, 0) = -1 ENOENT (No such file or directory)
14    newfstatat(AT_FDCWD</workspace/app>, "/usr/local/bin/rm", 0x7ffeec023640, 0) = -1 ENOENT (No such file or directory)
14    newfstatat(AT_FDCWD</workspace/app>, "/usr/sbin/rm", 0x7ffeec023640, 0) = -1 ENOENT (No such file or directory)
14    newfstatat(AT_FDCWD</workspace/app>, "/usr/bin/rm", {st_mode=S_IFREG|0755, st_size=72752, ...}, 0) = 0
14    newfstatat(AT_FDCWD</workspace/app>, "/usr/bin/rm", {st_mode=S_IFREG|0755, st_size=72752, ...}, 0) = 0
14    access("/usr/bin/rm", X_OK)       = 0
14    newfstatat(AT_FDCWD</workspace/app>, "/usr/bin/rm", {st_mode=S_IFREG|0755, st_size=72752, ...}, 0) = 0
14    access("/usr/bin/rm", R_OK)       = 0
14    clone(child_stack=NULL, flags=CLONE_CHILD_CLEARTID|CLONE_CHILD_SETTID|SIGCHLD, child_tidptr=0x7fb9b4e18a10) = 16
14    wait4(-1,  <unfinished ...>
16    execve("/usr/bin/rm", ["rm", "-f", "Dockerfile.bak"], 0x55e63634e640 /* 13 vars */) = 0
16    access("/etc/ld.so.preload", R_OK) = -1 ENOENT (No such file or directory)
16    openat(AT_FDCWD</workspace/app>, "/etc/ld.so.cache", O_RDONLY|O_CLOEXEC) = 3</etc/ld.so.cache>
16    newfstatat(3</etc/ld.so.cache>, "", {st_mode=S_IFREG|0644, st_size=8943, ...}, AT_EMPTY_PATH) = 0
16    openat(AT_FDCWD</workspace/app>, "/lib/x86_64-linux-gnu/libc.so.6", O_RDONLY|O_CLOEXEC) = 3</usr/lib/x86_64-linux-gnu/libc.so.6>
16    newfstatat(3</usr/lib/x86_64-linux-gnu/libc.so.6>, "", {st_mode=S_IFREG|0755, st_size=1926232, ...}, AT_EMPTY_PATH) = 0
16    newfstatat(AT_FDCWD</workspace/app>, "Dockerfile.bak", {st_mode=S_IFREG|0644, st_size=177, ...}, AT_SYMLINK_NOFOLLOW) = 0
16    unlinkat(AT_FDCWD</workspace/app>, "Dockerfile.bak", 0) = 0
16    exit_group(0)                     = ?
16    +++ exited with 0 +++
14    <... wait4 resumed>[{WIFEXITED(s) && WEXITSTATUS(s) == 0}], 0, NULL) = 16
14    --- SIGCHLD {si_signo=SIGCHLD, si_code=CLD_EXITED, si_pid=16, si_uid=0, si_status=0, si_utime=0, si_stime=0} ---
14    wait4(-1, 0x7ffeec0230d0, WNOHANG, NULL) = -1 ECHILD (No child processes)
14    newfstatat(1</evidence/actor_stdout.log>, "", {st_mode=S_IFREG|0644, st_size=0, ...}, AT_EMPTY_PATH) = 0
14    newfstatat(AT_FDCWD</workspace/app>, ".", {st_mode=S_IFDIR|S_ISGID|0755, st_size=4096, ...}, 0) = 0
14    newfstatat(AT_FDCWD</workspace/app>, "/usr/local/sbin/mkdir", 0x7ffeec0238c0, 0) = -1 ENOENT (No such file or directory)
14    newfstatat(AT_FDCWD</workspace/app>, "/usr/local/bin/mkdir", 0x7ffeec0238c0, 0) = -1 ENOENT (No such file or directory)
14    newfstatat(AT_FDCWD</workspace/app>, "/usr/sbin/mkdir", 0x7ffeec0238c0, 0) = -1 ENOENT (No such file or directory)
14    newfstatat(AT_FDCWD</workspace/app>, "/usr/bin/mkdir", {st_mode=S_IFREG|0755, st_size=97552, ...}, 0) = 0
14    newfstatat(AT_FDCWD</workspace/app>, "/usr/bin/mkdir", {st_mode=S_IFREG|0755, st_size=97552, ...}, 0) = 0
14    access("/usr/bin/mkdir", X_OK)    = 0
14    newfstatat(AT_FDCWD</workspace/app>, "/usr/bin/mkdir", {st_mode=S_IFREG|0755, st_size=97552, ...}, 0) = 0
14    access("/usr/bin/mkdir", R_OK)    = 0
14    clone(child_stack=NULL, flags=CLONE_CHILD_CLEARTID|CLONE_CHILD_SETTID|SIGCHLD, child_tidptr=0x7fb9b4e18a10) = 17
14    wait4(-1,  <unfinished ...>
17    execve("/usr/bin/mkdir", ["mkdir", "-p", "hagopj13_node-express-boilerplate/src/routes/v1"], 0x55e63634e640 /* 13 vars */) = 0
17    access("/etc/ld.so.preload", R_OK) = -1 ENOENT (No such file or directory)
17    openat(AT_FDCWD</workspace/app>, "/etc/ld.so.cache", O_RDONLY|O_CLOEXEC) = 3</etc/ld.so.cache>
17    newfstatat(3</etc/ld.so.cache>, "", {st_mode=S_IFREG|0644, st_size=8943, ...}, AT_EMPTY_PATH) = 0
17    openat(AT_FDCWD</workspace/app>, "/lib/x86_64-linux-gnu/libselinux.so.1", O_RDONLY|O_CLOEXEC) = 3</usr/lib/x86_64-linux-gnu/libselinux.so.1>
17    newfstatat(3</usr/lib/x86_64-linux-gnu/libselinux.so.1>, "", {st_mode=S_IFREG|0644, st_size=174312, ...}, AT_EMPTY_PATH) = 0
17    openat(AT_FDCWD</workspace/app>, "/lib/x86_64-linux-gnu/libc.so.6", O_RDONLY|O_CLOEXEC) = 3</usr/lib/x86_64-linux-gnu/libc.so.6>
17    newfstatat(3</usr/lib/x86_64-linux-gnu/libc.so.6>, "", {st_mode=S_IFREG|0755, st_size=1926232, ...}, AT_EMPTY_PATH) = 0
17    openat(AT_FDCWD</workspace/app>, "/lib/x86_64-linux-gnu/libpcre2-8.so.0", O_RDONLY|O_CLOEXEC) = 3</usr/lib/x86_64-linux-gnu/libpcre2-8.so.0.11.2>
17    newfstatat(3</usr/lib/x86_64-linux-gnu/libpcre2-8.so.0.11.2>, "", {st_mode=S_IFREG|0644, st_size=629384, ...}, AT_EMPTY_PATH) = 0
17    statfs("/sys/fs/selinux", 0x7ffe71022b00) = -1 ENOENT (No such file or directory)
17    statfs("/selinux", 0x7ffe71022b00) = -1 ENOENT (No such file or directory)
17    openat(AT_FDCWD</workspace/app>, "/proc/filesystems", O_RDONLY|O_CLOEXEC) = 3</proc/filesystems>
17    newfstatat(3</proc/filesystems>, "", {st_mode=S_IFREG|0444, st_size=0, ...}, AT_EMPTY_PATH) = 0
17    access("/etc/selinux/config", F_OK) = -1 ENOENT (No such file or directory)
17    mkdir("hagopj13_node-express-boilerplate", 0777) = -1 EEXIST (File exists)
17    chdir("hagopj13_node-express-boilerplate") = 0
17    mkdir("src", 0777)                = -1 EEXIST (File exists)
17    chdir("src")                      = 0
17    mkdir("routes", 0777)             = -1 EEXIST (File exists)
17    chdir("routes")                   = 0
17    mkdir("v1", 0777)                 = -1 EEXIST (File exists)
17    newfstatat(AT_FDCWD</workspace/app/hagopj13_node-express-boilerplate/src/routes>, "v1", {st_mode=S_IFDIR|S_ISGID|0755, st_size=4096, ...}, 0) = 0
17    exit_group(0)                     = ?
17    +++ exited with 0 +++
14    <... wait4 resumed>[{WIFEXITED(s) && WEXITSTATUS(s) == 0}], 0, NULL) = 17
14    --- SIGCHLD {si_signo=SIGCHLD, si_code=CLD_EXITED, si_pid=17, si_uid=0, si_status=0, si_utime=0, si_stime=0} ---
14    wait4(-1, 0x7ffeec023350, WNOHANG, NULL) = -1 ECHILD (No child processes)
14    newfstatat(AT_FDCWD</workspace/app>, ".", {st_mode=S_IFDIR|S_ISGID|0755, st_size=4096, ...}, 0) = 0
14    newfstatat(AT_FDCWD</workspace/app>, "/usr/local/sbin/cat", 0x7ffeec0238c0, 0) = -1 ENOENT (No such file or directory)
14    newfstatat(AT_FDCWD</workspace/app>, "/usr/local/bin/cat", 0x7ffeec0238c0, 0) = -1 ENOENT (No such file or directory)
14    newfstatat(AT_FDCWD</workspace/app>, "/usr/sbin/cat", 0x7ffeec0238c0, 0) = -1 ENOENT (No such file or directory)
14    newfstatat(AT_FDCWD</workspace/app>, "/usr/bin/cat", {st_mode=S_IFREG|0755, st_size=44016, ...}, 0) = 0
14    newfstatat(AT_FDCWD</workspace/app>, "/usr/bin/cat", {st_mode=S_IFREG|0755, st_size=44016, ...}, 0) = 0
14    access("/usr/bin/cat", X_OK)      = 0
14    newfstatat(AT_FDCWD</workspace/app>, "/usr/bin/cat", {st_mode=S_IFREG|0755, st_size=44016, ...}, 0) = 0
14    access("/usr/bin/cat", R_OK)      = 0
14    clone(child_stack=NULL, flags=CLONE_CHILD_CLEARTID|CLONE_CHILD_SETTID|SIGCHLD, child_tidptr=0x7fb9b4e18a10) = 18
14    wait4(-1,  <unfinished ...>
18    openat(AT_FDCWD</workspace/app>, "hagopj13_node-express-boilerplate/src/routes/v1/order.route.js", O_WRONLY|O_CREAT|O_TRUNC, 0666) = 3</workspace/app/hagopj13_node-express-boilerplate/src/routes/v1/order.route.js>
18    execve("/usr/bin/cat", ["cat"], 0x55e63634e640 /* 13 vars */) = 0
18    access("/etc/ld.so.preload", R_OK) = -1 ENOENT (No such file or directory)
18    openat(AT_FDCWD</workspace/app>, "/etc/ld.so.cache", O_RDONLY|O_CLOEXEC) = 3</etc/ld.so.cache>
18    newfstatat(3</etc/ld.so.cache>, "", {st_mode=S_IFREG|0644, st_size=8943, ...}, AT_EMPTY_PATH) = 0
18    openat(AT_FDCWD</workspace/app>, "/lib/x86_64-linux-gnu/libc.so.6", O_RDONLY|O_CLOEXEC) = 3</usr/lib/x86_64-linux-gnu/libc.so.6>
18    newfstatat(3</usr/lib/x86_64-linux-gnu/libc.so.6>, "", {st_mode=S_IFREG|0755, st_size=1926232, ...}, AT_EMPTY_PATH) = 0
18    newfstatat(1</workspace/app/hagopj13_node-express-boilerplate/src/routes/v1/order.route.js>, "", {st_mode=S_IFREG|0644, st_size=0, ...}, AT_EMPTY_PATH) = 0
18    newfstatat(0<pipe:[80683]>, "", {st_mode=S_IFIFO|0600, st_size=0, ...}, AT_EMPTY_PATH) = 0
18    exit_group(0)                     = ?
18    +++ exited with 0 +++
14    <... wait4 resumed>[{WIFEXITED(s) && WEXITSTATUS(s) == 0}], 0, NULL) = 18
14    --- SIGCHLD {si_signo=SIGCHLD, si_code=CLD_EXITED, si_pid=18, si_uid=0, si_status=0, si_utime=0, si_stime=0} ---
14    wait4(-1, 0x7ffeec023350, WNOHANG, NULL) = -1 ECHILD (No child processes)
14    newfstatat(AT_FDCWD</workspace/app>, "hagopj13_node-express-boilerplate/src/routes/v1/index.js", {st_mode=S_IFREG|0644, st_size=747, ...}, 0) = 0
14    newfstatat(AT_FDCWD</workspace/app>, ".", {st_mode=S_IFDIR|S_ISGID|0755, st_size=4096, ...}, 0) = 0
14    newfstatat(AT_FDCWD</workspace/app>, "/usr/local/sbin/grep", 0x7ffeec023680, 0) = -1 ENOENT (No such file or directory)
14    newfstatat(AT_FDCWD</workspace/app>, "/usr/local/bin/grep", 0x7ffeec023680, 0) = -1 ENOENT (No such file or directory)
14    newfstatat(AT_FDCWD</workspace/app>, "/usr/sbin/grep", 0x7ffeec023680, 0) = -1 ENOENT (No such file or directory)
14    newfstatat(AT_FDCWD</workspace/app>, "/usr/bin/grep", {st_mode=S_IFREG|0755, st_size=203152, ...}, 0) = 0
14    newfstatat(AT_FDCWD</workspace/app>, "/usr/bin/grep", {st_mode=S_IFREG|0755, st_size=203152, ...}, 0) = 0
14    access("/usr/bin/grep", X_OK)     = 0
14    newfstatat(AT_FDCWD</workspace/app>, "/usr/bin/grep", {st_mode=S_IFREG|0755, st_size=203152, ...}, 0) = 0
14    access("/usr/bin/grep", R_OK)     = 0
14    clone(child_stack=NULL, flags=CLONE_CHILD_CLEARTID|CLONE_CHILD_SETTID|SIGCHLD, child_tidptr=0x7fb9b4e18a10) = 19
14    wait4(-1,  <unfinished ...>
19    execve("/usr/bin/grep", ["grep", "-q", "order.route", "hagopj13_node-express-boilerplate/src/routes/v1/index.js"], 0x55e63634e640 /* 13 vars */) = 0
19    access("/etc/ld.so.preload", R_OK) = -1 ENOENT (No such file or directory)
19    openat(AT_FDCWD</workspace/app>, "/etc/ld.so.cache", O_RDONLY|O_CLOEXEC) = 3</etc/ld.so.cache>
19    newfstatat(3</etc/ld.so.cache>, "", {st_mode=S_IFREG|0644, st_size=8943, ...}, AT_EMPTY_PATH) = 0
19    openat(AT_FDCWD</workspace/app>, "/lib/x86_64-linux-gnu/libpcre2-8.so.0", O_RDONLY|O_CLOEXEC) = 3</usr/lib/x86_64-linux-gnu/libpcre2-8.so.0.11.2>
19    newfstatat(3</usr/lib/x86_64-linux-gnu/libpcre2-8.so.0.11.2>, "", {st_mode=S_IFREG|0644, st_size=629384, ...}, AT_EMPTY_PATH) = 0
19    openat(AT_FDCWD</workspace/app>, "/lib/x86_64-linux-gnu/libc.so.6", O_RDONLY|O_CLOEXEC) = 3</usr/lib/x86_64-linux-gnu/libc.so.6>
19    newfstatat(3</usr/lib/x86_64-linux-gnu/libc.so.6>, "", {st_mode=S_IFREG|0755, st_size=1926232, ...}, AT_EMPTY_PATH) = 0
19    openat(AT_FDCWD</workspace/app>, "/proc/self/maps", O_RDONLY) = 3</proc/19/maps>
19    openat(AT_FDCWD</workspace/app>, "hagopj13_node-express-boilerplate/src/routes/v1/index.js", O_RDONLY|O_NOCTTY) = 3</workspace/app/hagopj13_node-express-boilerplate/src/routes/v1/index.js>
19    newfstatat(3</workspace/app/hagopj13_node-express-boilerplate/src/routes/v1/index.js>, "", {st_mode=S_IFREG|0644, st_size=747, ...}, AT_EMPTY_PATH) = 0
19    exit_group(1)                     = ?
19    +++ exited with 1 +++
14    <... wait4 resumed>[{WIFEXITED(s) && WEXITSTATUS(s) == 1}], 0, NULL) = 19
14    --- SIGCHLD {si_signo=SIGCHLD, si_code=CLD_EXITED, si_pid=19, si_uid=0, si_status=1, si_utime=0, si_stime=0} ---
14    wait4(-1, 0x7ffeec023110, WNOHANG, NULL) = -1 ECHILD (No child processes)
14    newfstatat(AT_FDCWD</workspace/app>, ".", {st_mode=S_IFDIR|S_ISGID|0755, st_size=4096, ...}, 0) = 0
14    newfstatat(AT_FDCWD</workspace/app>, "/usr/local/sbin/python3", 0x7ffeec023680, 0) = -1 ENOENT (No such file or directory)
14    newfstatat(AT_FDCWD</workspace/app>, "/usr/local/bin/python3", 0x7ffeec023680, 0) = -1 ENOENT (No such file or directory)
14    newfstatat(AT_FDCWD</workspace/app>, "/usr/sbin/python3", 0x7ffeec023680, 0) = -1 ENOENT (No such file or directory)
14    newfstatat(AT_FDCWD</workspace/app>, "/usr/bin/python3", {st_mode=S_IFREG|0755, st_size=6834488, ...}, 0) = 0
14    newfstatat(AT_FDCWD</workspace/app>, "/usr/bin/python3", {st_mode=S_IFREG|0755, st_size=6834488, ...}, 0) = 0
14    access("/usr/bin/python3", X_OK)  = 0
14    newfstatat(AT_FDCWD</workspace/app>, "/usr/bin/python3", {st_mode=S_IFREG|0755, st_size=6834488, ...}, 0) = 0
14    access("/usr/bin/python3", R_OK)  = 0
14    clone(child_stack=NULL, flags=CLONE_CHILD_CLEARTID|CLONE_CHILD_SETTID|SIGCHLD, child_tidptr=0x7fb9b4e18a10) = 20
14    wait4(-1,  <unfinished ...>
20    execve("/usr/bin/python3", ["python3"], 0x55e63634e640 /* 13 vars */) = 0
20    access("/etc/ld.so.preload", R_OK) = -1 ENOENT (No such file or directory)
20    openat(AT_FDCWD</workspace/app>, "/etc/ld.so.cache", O_RDONLY|O_CLOEXEC) = 3</etc/ld.so.cache>
20    newfstatat(3</etc/ld.so.cache>, "", {st_mode=S_IFREG|0644, st_size=8943, ...}, AT_EMPTY_PATH) = 0
20    openat(AT_FDCWD</workspace/app>, "/lib/x86_64-linux-gnu/libm.so.6", O_RDONLY|O_CLOEXEC) = 3</usr/lib/x86_64-linux-gnu/libm.so.6>
20    newfstatat(3</usr/lib/x86_64-linux-gnu/libm.so.6>, "", {st_mode=S_IFREG|0644, st_size=911904, ...}, AT_EMPTY_PATH) = 0
20    openat(AT_FDCWD</workspace/app>, "/lib/x86_64-linux-gnu/libz.so.1", O_RDONLY|O_CLOEXEC) = 3</usr/lib/x86_64-linux-gnu/libz.so.1.2.13>
20    newfstatat(3</usr/lib/x86_64-linux-gnu/libz.so.1.2.13>, "", {st_mode=S_IFREG|0644, st_size=121280, ...}, AT_EMPTY_PATH) = 0
20    openat(AT_FDCWD</workspace/app>, "/lib/x86_64-linux-gnu/libexpat.so.1", O_RDONLY|O_CLOEXEC) = 3</usr/lib/x86_64-linux-gnu/libexpat.so.1.8.10>
20    newfstatat(3</usr/lib/x86_64-linux-gnu/libexpat.so.1.8.10>, "", {st_mode=S_IFREG|0644, st_size=174184, ...}, AT_EMPTY_PATH) = 0
20    openat(AT_FDCWD</workspace/app>, "/lib/x86_64-linux-gnu/libc.so.6", O_RDONLY|O_CLOEXEC) = 3</usr/lib/x86_64-linux-gnu/libc.so.6>
20    newfstatat(3</usr/lib/x86_64-linux-gnu/libc.so.6>, "", {st_mode=S_IFREG|0755, st_size=1926232, ...}, AT_EMPTY_PATH) = 0
20    openat(AT_FDCWD</workspace/app>, "/usr/lib/locale/locale-archive", O_RDONLY|O_CLOEXEC) = -1 ENOENT (No such file or directory)
20    openat(AT_FDCWD</workspace/app>, "/usr/share/locale/locale.alias", O_RDONLY|O_CLOEXEC) = -1 ENOENT (No such file or directory)
20    openat(AT_FDCWD</workspace/app>, "/usr/lib/locale/C.UTF-8/LC_CTYPE", O_RDONLY|O_CLOEXEC) = -1 ENOENT (No such file or directory)
20    openat(AT_FDCWD</workspace/app>, "/usr/lib/locale/C.utf8/LC_CTYPE", O_RDONLY|O_CLOEXEC) = 3</usr/lib/locale/C.utf8/LC_CTYPE>
20    newfstatat(3</usr/lib/locale/C.utf8/LC_CTYPE>, "", {st_mode=S_IFREG|0644, st_size=353616, ...}, AT_EMPTY_PATH) = 0
20    openat(AT_FDCWD</workspace/app>, "/usr/lib/x86_64-linux-gnu/gconv/gconv-modules.cache", O_RDONLY) = 3</usr/lib/x86_64-linux-gnu/gconv/gconv-modules.cache>
20    newfstatat(3</usr/lib/x86_64-linux-gnu/gconv/gconv-modules.cache>, "", {st_mode=S_IFREG|0644, st_size=27028, ...}, AT_EMPTY_PATH) = 0
20    newfstatat(AT_FDCWD</workspace/app>, "/usr/local/sbin/python3", 0x7ffe5e925210, 0) = -1 ENOENT (No such file or directory)
20    newfstatat(AT_FDCWD</workspace/app>, "/usr/local/bin/python3", 0x7ffe5e925210, 0) = -1 ENOENT (No such file or directory)
20    newfstatat(AT_FDCWD</workspace/app>, "/usr/sbin/python3", 0x7ffe5e925210, 0) = -1 ENOENT (No such file or directory)
20    newfstatat(AT_FDCWD</workspace/app>, "/usr/bin/python3", {st_mode=S_IFREG|0755, st_size=6834488, ...}, 0) = 0
20    openat(AT_FDCWD</workspace/app>, "/usr/pyvenv.cfg", O_RDONLY) = -1 ENOENT (No such file or directory)
20    openat(AT_FDCWD</workspace/app>, "/usr/bin/pyvenv.cfg", O_RDONLY) = -1 ENOENT (No such file or directory)
20    readlink("/usr/bin/python3", "python3.11", 4096) = 10
20    readlink("/usr/bin/python3.11", 0x7ffe5e920240, 4096) = -1 EINVAL (Invalid argument)
20    openat(AT_FDCWD</workspace/app>, "/usr/bin/python3._pth", O_RDONLY) = -1 ENOENT (No such file or directory)
20    openat(AT_FDCWD</workspace/app>, "/usr/bin/python3.11._pth", O_RDONLY) = -1 ENOENT (No such file or directory)
20    openat(AT_FDCWD</workspace/app>, "/usr/bin/pybuilddir.txt", O_RDONLY) = -1 ENOENT (No such file or directory)
20    newfstatat(AT_FDCWD</workspace/app>, "/usr/bin/Modules/Setup.local", 0x7ffe5e925210, 0) = -1 ENOENT (No such file or directory)
20    newfstatat(AT_FDCWD</workspace/app>, "/usr/bin/lib/python311.zip", 0x7ffe5e924fe0, 0) = -1 ENOENT (No such file or directory)
20    newfstatat(AT_FDCWD</workspace/app>, "/usr/lib/python311.zip", 0x7ffe5e924fe0, 0) = -1 ENOENT (No such file or directory)
20    newfstatat(AT_FDCWD</workspace/app>, "/usr/bin/lib/python3.11/os.py", 0x7ffe5e924e30, 0) = -1 ENOENT (No such file or directory)
20    newfstatat(AT_FDCWD</workspace/app>, "/usr/bin/lib/python3.11/os.pyc", 0x7ffe5e924e30, 0) = -1 ENOENT (No such file or directory)
20    newfstatat(AT_FDCWD</workspace/app>, "/usr/lib/python3.11/os.py", {st_mode=S_IFREG|0644, st_size=39504, ...}, 0) = 0
20    newfstatat(AT_FDCWD</workspace/app>, "/usr/bin/lib/python3.11/lib-dynload", 0x7ffe5e924fe0, 0) = -1 ENOENT (No such file or directory)
20    newfstatat(AT_FDCWD</workspace/app>, "/usr/lib/python3.11/lib-dynload", {st_mode=S_IFDIR|0755, st_size=4096, ...}, 0) = 0
20    newfstatat(AT_FDCWD</workspace/app>, "/usr/lib/python3.11/lib-dynload", {st_mode=S_IFDIR|0755, st_size=4096, ...}, 0) = 0
20    openat(AT_FDCWD</workspace/app>, "/etc/localtime", O_RDONLY|O_CLOEXEC) = 3</usr/share/zoneinfo/Etc/UTC>
20    newfstatat(3</usr/share/zoneinfo/Etc/UTC>, "", {st_mode=S_IFREG|0644, st_size=114, ...}, AT_EMPTY_PATH) = 0
20    newfstatat(3</usr/share/zoneinfo/Etc/UTC>, "", {st_mode=S_IFREG|0644, st_size=114, ...}, AT_EMPTY_PATH) = 0
20    newfstatat(AT_FDCWD</workspace/app>, "/usr/lib/python311.zip", 0x7ffe5e924a70, 0) = -1 ENOENT (No such file or directory)
20    newfstatat(AT_FDCWD</workspace/app>, "/usr/lib", {st_mode=S_IFDIR|0755, st_size=4096, ...}, 0) = 0
20    newfstatat(AT_FDCWD</workspace/app>, "/usr/lib/python311.zip", 0x7ffe5e924d40, 0) = -1 ENOENT (No such file or directory)
20    newfstatat(AT_FDCWD</workspace/app>, "/usr/lib/python3.11", {st_mode=S_IFDIR|0755, st_size=4096, ...}, 0) = 0
20    newfstatat(AT_FDCWD</workspace/app>, "/usr/lib/python3.11", {st_mode=S_IFDIR|0755, st_size=4096, ...}, 0) = 0
20    newfstatat(AT_FDCWD</workspace/app>, "/usr/lib/python3.11", {st_mode=S_IFDIR|0755, st_size=4096, ...}, 0) = 0
20    openat(AT_FDCWD</workspace/app>, "/usr/lib/python3.11", O_RDONLY|O_NONBLOCK|O_CLOEXEC|O_DIRECTORY) = 3</usr/lib/python3.11>
20    newfstatat(3</usr/lib/python3.11>, "", {st_mode=S_IFDIR|0755, st_size=4096, ...}, AT_EMPTY_PATH) = 0
20    newfstatat(AT_FDCWD</workspace/app>, "/usr/lib/python3.11/encodings/__init__.cpython-311-x86_64-linux-gnu.so", 0x7ffe5e924d40, 0) = -1 ENOENT (No such file or directory)
20    newfstatat(AT_FDCWD</workspace/app>, "/usr/lib/python3.11/encodings/__init__.abi3.so", 0x7ffe5e924d90, 0) = -1 ENOENT (No such file or directory)
20    newfstatat(AT_FDCWD</workspace/app>, "/usr/lib/python3.11/encodings/__init__.so", 0x7ffe5e924d90, 0) = -1 ENOENT (No such file or directory)
20    newfstatat(AT_FDCWD</workspace/app>, "/usr/lib/python3.11/encodings/__init__.py", {st_mode=S_IFREG|0644, st_size=5884, ...}, 0) = 0
20    newfstatat(AT_FDCWD</workspace/app>, "/usr/lib/python3.11/encodings/__init__.py", {st_mode=S_IFREG|0644, st_size=5884, ...}, 0) = 0
20    openat(AT_FDCWD</workspace/app>, "/usr/lib/python3.11/encodings/__pycache__/__init__.cpython-311.pyc", O_RDONLY|O_CLOEXEC) = 3</usr/lib/python3.11/encodings/__pycache__/__init__.cpython-311.pyc>
20    newfstatat(3</usr/lib/python3.11/encodings/__pycache__/__init__.cpython-311.pyc>, "", {st_mode=S_IFREG|0644, st_size=6457, ...}, AT_EMPTY_PATH) = 0
20    newfstatat(3</usr/lib/python3.11/encodings/__pycache__/__init__.cpython-311.pyc>, "", {st_mode=S_IFREG|0644, st_size=6457, ...}, AT_EMPTY_PATH) = 0
20    newfstatat(AT_FDCWD</workspace/app>, "/usr/lib/python3.11/encodings", {st_mode=S_IFDIR|0755, st_size=4096, ...}, 0) = 0
20    newfstatat(AT_FDCWD</workspace/app>, "/usr/lib/python3.11/encodings", {st_mode=S_IFDIR|0755, st_size=4096, ...}, 0) = 0
20    newfstatat(AT_FDCWD</workspace/app>, "/usr/lib/python3.11/encodings", {st_mode=S_IFDIR|0755, st_size=4096, ...}, 0) = 0
20    openat(AT_FDCWD</workspace/app>, "/usr/lib/python3.11/encodings", O_RDONLY|O_NONBLOCK|O_CLOEXEC|O_DIRECTORY) = 3</usr/lib/python3.11/encodings>
20    newfstatat(3</usr/lib/python3.11/encodings>, "", {st_mode=S_IFDIR|0755, st_size=4096, ...}, AT_EMPTY_PATH) = 0
20    newfstatat(AT_FDCWD</workspace/app>, "/usr/lib/python3.11/encodings/aliases.py", {st_mode=S_IFREG|0644, st_size=15677, ...}, 0) = 0
20    newfstatat(AT_FDCWD</workspace/app>, "/usr/lib/python3.11/encodings/aliases.py", {st_mode=S_IFREG|0644, st_size=15677, ...}, 0) = 0
20    openat(AT_FDCWD</workspace/app>, "/usr/lib/python3.11/encodings/__pycache__/aliases.cpython-311.pyc", O_RDONLY|O_CLOEXEC) = 3</usr/lib/python3.11/encodings/__pycache__/aliases.cpython-311.pyc>
20    newfstatat(3</usr/lib/python3.11/encodings/__pycache__/aliases.cpython-311.pyc>, "", {st_mode=S_IFREG|0644, st_size=12647, ...}, AT_EMPTY_PATH) = 0
20    newfstatat(3</usr/lib/python3.11/encodings/__pycache__/aliases.cpython-311.pyc>, "", {st_mode=S_IFREG|0644, st_size=12647, ...}, AT_EMPTY_PATH) = 0
20    newfstatat(AT_FDCWD</workspace/app>, "/usr/lib/python3.11/encodings", {st_mode=S_IFDIR|0755, st_size=4096, ...}, 0) = 0
20    newfstatat(AT_FDCWD</workspace/app>, "/usr/lib/python3.11/encodings/utf_8.py", {st_mode=S_IFREG|0644, st_size=1005, ...}, 0) = 0
20    newfstatat(AT_FDCWD</workspace/app>, "/usr/lib/python3.11/encodings/utf_8.py", {st_mode=S_IFREG|0644, st_size=1005, ...}, 0) = 0
20    openat(AT_FDCWD</workspace/app>, "/usr/lib/python3.11/encodings/__pycache__/utf_8.cpython-311.pyc", O_RDONLY|O_CLOEXEC) = 3</usr/lib/python3.11/encodings/__pycache__/utf_8.cpython-311.pyc>
20    newfstatat(3</usr/lib/python3.11/encodings/__pycache__/utf_8.cpython-311.pyc>, "", {st_mode=S_IFREG|0644, st_size=2316, ...}, AT_EMPTY_PATH) = 0
20    newfstatat(3</usr/lib/python3.11/encodings/__pycache__/utf_8.cpython-311.pyc>, "", {st_mode=S_IFREG|0644, st_size=2316, ...}, AT_EMPTY_PATH) = 0
20    newfstatat(0<pipe:[81790]>, "", {st_mode=S_IFIFO|0600, st_size=0, ...}, AT_EMPTY_PATH) = 0
20    newfstatat(0<pipe:[81790]>, "", {st_mode=S_IFIFO|0600, st_size=0, ...}, AT_EMPTY_PATH) = 0
20    newfstatat(1</evidence/actor_stdout.log>, "", {st_mode=S_IFREG|0644, st_size=116, ...}, AT_EMPTY_PATH) = 0
20    newfstatat(2</evidence/actor_stderr.log>, "", {st_mode=S_IFREG|0644, st_size=0, ...}, AT_EMPTY_PATH) = 0
20    newfstatat(AT_FDCWD</workspace/app>, "/usr/bin/pyvenv.cfg", 0x7ffe5e924b70, 0) = -1 ENOENT (No such file or directory)
20    newfstatat(AT_FDCWD</workspace/app>, "/usr/pyvenv.cfg", 0x7ffe5e924b70, 0) = -1 ENOENT (No such file or directory)
20    newfstatat(AT_FDCWD</workspace/app>, "/root/.local/lib/python3.11/site-packages", 0x7ffe5e924b70, 0) = -1 ENOENT (No such file or directory)
20    newfstatat(AT_FDCWD</workspace/app>, "/usr/local/lib/python3.11/dist-packages", {st_mode=S_IFDIR|0755, st_size=4096, ...}, 0) = 0
20    openat(AT_FDCWD</workspace/app>, "/usr/local/lib/python3.11/dist-packages", O_RDONLY|O_NONBLOCK|O_CLOEXEC|O_DIRECTORY) = 3</usr/local/lib/python3.11/dist-packages>
20    newfstatat(3</usr/local/lib/python3.11/dist-packages>, "", {st_mode=S_IFDIR|0755, st_size=4096, ...}, AT_EMPTY_PATH) = 0
20    newfstatat(AT_FDCWD</workspace/app>, "/usr/lib/python3/dist-packages", {st_mode=S_IFDIR|0755, st_size=4096, ...}, 0) = 0
20    openat(AT_FDCWD</workspace/app>, "/usr/lib/python3/dist-packages", O_RDONLY|O_NONBLOCK|O_CLOEXEC|O_DIRECTORY) = 3</usr/lib/python3/dist-packages>
20    newfstatat(3</usr/lib/python3/dist-packages>, "", {st_mode=S_IFDIR|0755, st_size=4096, ...}, AT_EMPTY_PATH) = 0
20    openat(AT_FDCWD</workspace/app>, "/usr/lib/python3/dist-packages/distutils-precedence.pth", O_RDONLY|O_CLOEXEC) = 3</usr/lib/python3/dist-packages/distutils-precedence.pth>
20    newfstatat(3</usr/lib/python3/dist-packages/distutils-precedence.pth>, "", {st_mode=S_IFREG|0644, st_size=151, ...}, AT_EMPTY_PATH) = 0
20    newfstatat(AT_FDCWD</workspace/app>, "/usr/lib/python3.11", {st_mode=S_IFDIR|0755, st_size=4096, ...}, 0) = 0
20    newfstatat(AT_FDCWD</workspace/app>, "/usr/lib/python3.11/lib-dynload", {st_mode=S_IFDIR|0755, st_size=4096, ...}, 0) = 0
20    newfstatat(AT_FDCWD</workspace/app>, "/usr/lib/python3.11/lib-dynload", {st_mode=S_IFDIR|0755, st_size=4096, ...}, 0) = 0
20    newfstatat(AT_FDCWD</workspace/app>, "/usr/lib/python3.11/lib-dynload", {st_mode=S_IFDIR|0755, st_size=4096, ...}, 0) = 0
20    openat(AT_FDCWD</workspace/app>, "/usr/lib/python3.11/lib-dynload", O_RDONLY|O_NONBLOCK|O_CLOEXEC|O_DIRECTORY) = 4</usr/lib/python3.11/lib-dynload>
20    newfstatat(4</usr/lib/python3.11/lib-dynload>, "", {st_mode=S_IFDIR|0755, st_size=4096, ...}, AT_EMPTY_PATH) = 0
20    newfstatat(AT_FDCWD</workspace/app>, "/usr/local/lib/python3.11/dist-packages", {st_mode=S_IFDIR|0755, st_size=4096, ...}, 0) = 0
20    newfstatat(AT_FDCWD</workspace/app>, "/usr/local/lib/python3.11/dist-packages", {st_mode=S_IFDIR|0755, st_size=4096, ...}, 0) = 0
20    newfstatat(AT_FDCWD</workspace/app>, "/usr/local/lib/python3.11/dist-packages", {st_mode=S_IFDIR|0755, st_size=4096, ...}, 0) = 0
20    openat(AT_FDCWD</workspace/app>, "/usr/local/lib/python3.11/dist-packages", O_RDONLY|O_NONBLOCK|O_CLOEXEC|O_DIRECTORY) = 4</usr/local/lib/python3.11/dist-packages>
20    newfstatat(4</usr/local/lib/python3.11/dist-packages>, "", {st_mode=S_IFDIR|0755, st_size=4096, ...}, AT_EMPTY_PATH) = 0
20    newfstatat(AT_FDCWD</workspace/app>, "/usr/lib/python3/dist-packages", {st_mode=S_IFDIR|0755, st_size=4096, ...}, 0) = 0
20    newfstatat(AT_FDCWD</workspace/app>, "/usr/lib/python3/dist-packages", {st_mode=S_IFDIR|0755, st_size=4096, ...}, 0) = 0
20    newfstatat(AT_FDCWD</workspace/app>, "/usr/lib/python3/dist-packages", {st_mode=S_IFDIR|0755, st_size=4096, ...}, 0) = 0
20    openat(AT_FDCWD</workspace/app>, "/usr/lib/python3/dist-packages", O_RDONLY|O_NONBLOCK|O_CLOEXEC|O_DIRECTORY) = 4</usr/lib/python3/dist-packages>
20    newfstatat(4</usr/lib/python3/dist-packages>, "", {st_mode=S_IFDIR|0755, st_size=4096, ...}, AT_EMPTY_PATH) = 0
20    newfstatat(AT_FDCWD</workspace/app>, "/usr/lib/python3/dist-packages/_distutils_hack/__init__.cpython-311-x86_64-linux-gnu.so", 0x7ffe5e9243d0, 0) = -1 ENOENT (No such file or directory)
20    newfstatat(AT_FDCWD</workspace/app>, "/usr/lib/python3/dist-packages/_distutils_hack/__init__.abi3.so", 0x7ffe5e9243d0, 0) = -1 ENOENT (No such file or directory)
20    newfstatat(AT_FDCWD</workspace/app>, "/usr/lib/python3/dist-packages/_distutils_hack/__init__.so", 0x7ffe5e9243d0, 0) = -1 ENOENT (No such file or directory)
20    newfstatat(AT_FDCWD</workspace/app>, "/usr/lib/python3/dist-packages/_distutils_hack/__init__.py", {st_mode=S_IFREG|0644, st_size=6128, ...}, 0) = 0
20    newfstatat(AT_FDCWD</workspace/app>, "/usr/lib/python3/dist-packages/_distutils_hack/__init__.py", {st_mode=S_IFREG|0644, st_size=6128, ...}, 0) = 0
20    openat(AT_FDCWD</workspace/app>, "/usr/lib/python3/dist-packages/_distutils_hack/__pycache__/__init__.cpython-311.pyc", O_RDONLY|O_CLOEXEC) = 4</usr/lib/python3/dist-packages/_distutils_hack/__pycache__/__init__.cpython-311.pyc>
20    newfstatat(4</usr/lib/python3/dist-packages/_distutils_hack/__pycache__/__init__.cpython-311.pyc>, "", {st_mode=S_IFREG|0644, st_size=11132, ...}, AT_EMPTY_PATH) = 0
20    newfstatat(4</usr/lib/python3/dist-packages/_distutils_hack/__pycache__/__init__.cpython-311.pyc>, "", {st_mode=S_IFREG|0644, st_size=11132, ...}, AT_EMPTY_PATH) = 0
20    newfstatat(AT_FDCWD</workspace/app>, "/usr/lib/python3.11/dist-packages", 0x7ffe5e924b70, 0) = -1 ENOENT (No such file or directory)
20    newfstatat(AT_FDCWD</workspace/app>, "/usr/lib/python3.11", {st_mode=S_IFDIR|0755, st_size=4096, ...}, 0) = 0
20    newfstatat(AT_FDCWD</workspace/app>, "/usr/lib/python3.11/sitecustomize.py", {st_mode=S_IFREG|0644, st_size=155, ...}, 0) = 0
20    newfstatat(AT_FDCWD</workspace/app>, "/usr/lib/python3.11/sitecustomize.py", {st_mode=S_IFREG|0644, st_size=155, ...}, 0) = 0
20    openat(AT_FDCWD</workspace/app>, "/usr/lib/python3.11/__pycache__/sitecustomize.cpython-311.pyc", O_RDONLY|O_CLOEXEC) = 3</usr/lib/python3.11/__pycache__/sitecustomize.cpython-311.pyc>
20    newfstatat(3</usr/lib/python3.11/__pycache__/sitecustomize.cpython-311.pyc>, "", {st_mode=S_IFREG|0644, st_size=334, ...}, AT_EMPTY_PATH) = 0
20    newfstatat(3</usr/lib/python3.11/__pycache__/sitecustomize.cpython-311.pyc>, "", {st_mode=S_IFREG|0644, st_size=334, ...}, AT_EMPTY_PATH) = 0
20    newfstatat(AT_FDCWD</workspace/app>, "/usr/lib/python3.11", {st_mode=S_IFDIR|0755, st_size=4096, ...}, 0) = 0
20    newfstatat(AT_FDCWD</workspace/app>, "/usr/lib/python3.11/lib-dynload", {st_mode=S_IFDIR|0755, st_size=4096, ...}, 0) = 0
20    newfstatat(AT_FDCWD</workspace/app>, "/usr/local/lib/python3.11/dist-packages", {st_mode=S_IFDIR|0755, st_size=4096, ...}, 0) = 0
20    newfstatat(AT_FDCWD</workspace/app>, "/usr/lib/python3/dist-packages", {st_mode=S_IFDIR|0755, st_size=4096, ...}, 0) = 0
20    newfstatat(AT_FDCWD</workspace/app>, "/usr/lib/python3.11", {st_mode=S_IFDIR|0755, st_size=4096, ...}, 0) = 0
20    newfstatat(AT_FDCWD</workspace/app>, "/usr/lib/python3.11/lib-dynload", {st_mode=S_IFDIR|0755, st_size=4096, ...}, 0) = 0
20    newfstatat(AT_FDCWD</workspace/app>, "/usr/local/lib/python3.11/dist-packages", {st_mode=S_IFDIR|0755, st_size=4096, ...}, 0) = 0
20    newfstatat(AT_FDCWD</workspace/app>, "/usr/lib/python3/dist-packages", {st_mode=S_IFDIR|0755, st_size=4096, ...}, 0) = 0
20    readlink("", 0x7ffe5e914850, 4096) = -1 ENOENT (No such file or directory)
20    newfstatat(0<pipe:[81790]>, "", {st_mode=S_IFIFO|0600, st_size=0, ...}, AT_EMPTY_PATH) = 0
20    openat(AT_FDCWD</workspace/app>, "hagopj13_node-express-boilerplate/src/routes/v1/index.js", O_RDONLY|O_CLOEXEC) = 3</workspace/app/hagopj13_node-express-boilerplate/src/routes/v1/index.js>
20    newfstatat(3</workspace/app/hagopj13_node-express-boilerplate/src/routes/v1/index.js>, "", {st_mode=S_IFREG|0644, st_size=747, ...}, AT_EMPTY_PATH) = 0
20    newfstatat(3</workspace/app/hagopj13_node-express-boilerplate/src/routes/v1/index.js>, "", {st_mode=S_IFREG|0644, st_size=747, ...}, AT_EMPTY_PATH) = 0
20    openat(AT_FDCWD</workspace/app>, "hagopj13_node-express-boilerplate/src/routes/v1/index.js", O_WRONLY|O_CREAT|O_TRUNC|O_CLOEXEC, 0666) = 3</workspace/app/hagopj13_node-express-boilerplate/src/routes/v1/index.js>
20    newfstatat(3</workspace/app/hagopj13_node-express-boilerplate/src/routes/v1/index.js>, "", {st_mode=S_IFREG|0644, st_size=0, ...}, AT_EMPTY_PATH) = 0
20    exit_group(0)                     = ?
20    +++ exited with 0 +++
14    <... wait4 resumed>[{WIFEXITED(s) && WEXITSTATUS(s) == 0}], 0, NULL) = 20
14    --- SIGCHLD {si_signo=SIGCHLD, si_code=CLD_EXITED, si_pid=20, si_uid=0, si_status=0, si_utime=1 /* 0.01 s */, si_stime=1 /* 0.01 s */} ---
14    wait4(-1, 0x7ffeec023110, WNOHANG, NULL) = -1 ECHILD (No child processes)
14    exit_group(0)                     = ?
14    +++ exited with 0 +++
13    --- SIGCHLD {si_signo=SIGCHLD, si_code=CLD_EXITED, si_pid=14, si_uid=0, si_status=0, si_utime=0, si_stime=0} ---
13    wait4(14, [{WIFEXITED(s) && WEXITSTATUS(s) == 0}], WNOHANG, NULL) = 14
13    exit_group(0)                     = ?
13    +++ exited with 0 +++
